Component: ARM Compiler 5.06 update 5 (build 528) Tool: armlink [4d35e2]

==============================================================================

Section Cross References

    startup_stm32f10x_md.o(RESET) refers to startup_stm32f10x_md.o(STACK) for __initial_sp
    startup_stm32f10x_md.o(RESET) refers to startup_stm32f10x_md.o(.text) for Reset_Handler
    startup_stm32f10x_md.o(RESET) refers to stm32f10x_it.o(i.NMI_Handler) for NMI_Handler
    startup_stm32f10x_md.o(RESET) refers to stm32f10x_it.o(i.HardFault_Handler) for HardFault_Handler
    startup_stm32f10x_md.o(RESET) refers to stm32f10x_it.o(i.MemManage_Handler) for MemManage_Handler
    startup_stm32f10x_md.o(RESET) refers to stm32f10x_it.o(i.BusFault_Handler) for BusFault_Handler
    startup_stm32f10x_md.o(RESET) refers to stm32f10x_it.o(i.UsageFault_Handler) for UsageFault_Handler
    startup_stm32f10x_md.o(RESET) refers to stm32f10x_it.o(i.SVC_Handler) for SVC_Handler
    startup_stm32f10x_md.o(RESET) refers to stm32f10x_it.o(i.DebugMon_Handler) for DebugMon_Handler
    startup_stm32f10x_md.o(RESET) refers to stm32f10x_it.o(i.PendSV_Handler) for PendSV_Handler
    startup_stm32f10x_md.o(RESET) refers to stm32f10x_it.o(i.SysTick_Handler) for SysTick_Handler
    startup_stm32f10x_md.o(RESET) refers to tim.o(i.TIM2_IRQHandler) for TIM2_IRQHandler
    startup_stm32f10x_md.o(.text) refers to system_stm32f10x.o(i.SystemInit) for SystemInit
    startup_stm32f10x_md.o(.text) refers to entry.o(.ARM.Collect$$$$00000000) for __main
    main.o(i.main) refers to remote.o(i.Remote_AllInit) for Remote_AllInit
    main.o(i.main) refers to scheduler.o(i.Scheduler_Init) for Scheduler_Init
    main.o(i.main) refers to scheduler.o(i.Scheduler_Loop) for Scheduler_Loop
    nvic.o(i.NVIC_SystemInit) refers to misc.o(i.NVIC_PriorityGroupConfig) for NVIC_PriorityGroupConfig
    nvic.o(i.NVIC_SystemInit) refers to misc.o(i.NVIC_Init) for NVIC_Init
    gpio.o(i.GPIO_DebugInit) refers to stm32f10x_rcc.o(i.RCC_APB2PeriphClockCmd) for RCC_APB2PeriphClockCmd
    gpio.o(i.GPIO_DebugInit) refers to stm32f10x_gpio.o(i.GPIO_PinRemapConfig) for GPIO_PinRemapConfig
    usart.o(i.USART1_Init) refers to stm32f10x_rcc.o(i.RCC_APB2PeriphClockCmd) for RCC_APB2PeriphClockCmd
    usart.o(i.USART1_Init) refers to stm32f10x_gpio.o(i.GPIO_Init) for GPIO_Init
    usart.o(i.USART1_Init) refers to stm32f10x_usart.o(i.USART_Init) for USART_Init
    usart.o(i.USART1_Init) refers to stm32f10x_usart.o(i.USART_Cmd) for USART_Cmd
    usart.o(i.fputc) refers to stm32f10x_usart.o(i.USART_SendData) for USART_SendData
    usart.o(i.fputc) refers to stm32f10x_usart.o(i.USART_GetFlagStatus) for USART_GetFlagStatus
    tim.o(i.TIM2_IRQHandler) refers to stm32f10x_tim.o(i.TIM_GetITStatus) for TIM_GetITStatus
    tim.o(i.TIM2_IRQHandler) refers to stm32f10x_tim.o(i.TIM_ClearITPendingBit) for TIM_ClearITPendingBit
    tim.o(i.TIM2_IRQHandler) refers to tim.o(.data) for cnt_2
    tim.o(i.TIM2_TimerInit) refers to stm32f10x_rcc.o(i.RCC_APB1PeriphClockCmd) for RCC_APB1PeriphClockCmd
    tim.o(i.TIM2_TimerInit) refers to stm32f10x_tim.o(i.TIM_InternalClockConfig) for TIM_InternalClockConfig
    tim.o(i.TIM2_TimerInit) refers to stm32f10x_tim.o(i.TIM_TimeBaseInit) for TIM_TimeBaseInit
    tim.o(i.TIM2_TimerInit) refers to stm32f10x_tim.o(i.TIM_ClearFlag) for TIM_ClearFlag
    tim.o(i.TIM2_TimerInit) refers to stm32f10x_tim.o(i.TIM_ITConfig) for TIM_ITConfig
    tim.o(i.TIM2_TimerInit) refers to misc.o(i.NVIC_PriorityGroupConfig) for NVIC_PriorityGroupConfig
    tim.o(i.TIM2_TimerInit) refers to misc.o(i.NVIC_Init) for NVIC_Init
    tim.o(i.TIM2_TimerInit) refers to stm32f10x_tim.o(i.TIM_Cmd) for TIM_Cmd
    adc.o(i.ADC1_Init) refers to stm32f10x_rcc.o(i.RCC_APB2PeriphClockCmd) for RCC_APB2PeriphClockCmd
    adc.o(i.ADC1_Init) refers to stm32f10x_rcc.o(i.RCC_AHBPeriphClockCmd) for RCC_AHBPeriphClockCmd
    adc.o(i.ADC1_Init) refers to stm32f10x_rcc.o(i.RCC_ADCCLKConfig) for RCC_ADCCLKConfig
    adc.o(i.ADC1_Init) refers to stm32f10x_gpio.o(i.GPIO_Init) for GPIO_Init
    adc.o(i.ADC1_Init) refers to stm32f10x_adc.o(i.ADC_RegularChannelConfig) for ADC_RegularChannelConfig
    adc.o(i.ADC1_Init) refers to stm32f10x_adc.o(i.ADC_Init) for ADC_Init
    adc.o(i.ADC1_Init) refers to stm32f10x_dma.o(i.DMA_Init) for DMA_Init
    adc.o(i.ADC1_Init) refers to stm32f10x_adc.o(i.ADC_Cmd) for ADC_Cmd
    adc.o(i.ADC1_Init) refers to stm32f10x_adc.o(i.ADC_DMACmd) for ADC_DMACmd
    adc.o(i.ADC1_Init) refers to stm32f10x_dma.o(i.DMA_Cmd) for DMA_Cmd
    adc.o(i.ADC1_Init) refers to stm32f10x_adc.o(i.ADC_ResetCalibration) for ADC_ResetCalibration
    adc.o(i.ADC1_Init) refers to stm32f10x_adc.o(i.ADC_GetCalibrationStatus) for ADC_GetCalibrationStatus
    adc.o(i.ADC1_Init) refers to stm32f10x_adc.o(i.ADC_StartCalibration) for ADC_StartCalibration
    adc.o(i.ADC1_Init) refers to stm32f10x_adc.o(i.ADC_SoftwareStartConvCmd) for ADC_SoftwareStartConvCmd
    adc.o(i.ADC1_Init) refers to adc.o(.bss) for ADC_Value
[...]
    Removing stm32f10x_spi.o(i.SPI_I2S_DeInit), (88 bytes).
    Removing stm32f10x_spi.o(i.SPI_I2S_GetITStatus), (52 bytes).
    Removing stm32f10x_spi.o(i.SPI_I2S_ITConfig), (32 bytes).
    Removing stm32f10x_spi.o(i.SPI_NSSInternalSoftwareConfig), (30 bytes).
    Removing stm32f10x_spi.o(i.SPI_SSOutputCmd), (24 bytes).
    Removing stm32f10x_spi.o(i.SPI_StructInit), (24 bytes).
    Removing stm32f10x_spi.o(i.SPI_TransmitCRC), (10 bytes).
    Removing stm32f10x_tim.o(i.TI1_Config), (128 bytes).
    Removing stm32f10x_tim.o(i.TI2_Config), (152 bytes).
    Removing stm32f10x_tim.o(i.TI3_Config), (144 bytes).
    Removing stm32f10x_tim.o(i.TI4_Config), (152 bytes).
    Removing stm32f10x_tim.o(i.TIM_ARRPreloadConfig), (24 bytes).
    Removing stm32f10x_tim.o(i.TIM_BDTRConfig), (32 bytes).
    Removing stm32f10x_tim.o(i.TIM_BDTRStructInit), (18 bytes).
    Removing stm32f10x_tim.o(i.TIM_CCPreloadControl), (24 bytes).
    Removing stm32f10x_tim.o(i.TIM_CCxCmd), (30 bytes).
    Removing stm32f10x_tim.o(i.TIM_CCxNCmd), (30 bytes).
    Removing stm32f10x_tim.o(i.TIM_ClearOC1Ref), (18 bytes).
    Removing stm32f10x_tim.o(i.TIM_ClearOC2Ref), (24 bytes).
    Removing stm32f10x_tim.o(i.TIM_ClearOC3Ref), (18 bytes).
    Removing stm32f10x_tim.o(i.TIM_ClearOC4Ref), (24 bytes).
    Removing stm32f10x_tim.o(i.TIM_CounterModeConfig), (18 bytes).
    Removing stm32f10x_tim.o(i.TIM_CtrlPWMOutputs), (30 bytes).
    Removing stm32f10x_tim.o(i.TIM_DMACmd), (18 bytes).
    Removing stm32f10x_tim.o(i.TIM_DMAConfig), (10 bytes).
    Removing stm32f10x_tim.o(i.TIM_DeInit), (488 bytes).
    Removing stm32f10x_tim.o(i.TIM_ETRClockMode1Config), (54 bytes).
    Removing stm32f10x_tim.o(i.TIM_ETRClockMode2Config), (32 bytes).
    Removing stm32f10x_tim.o(i.TIM_ETRConfig), (28 bytes).
    Removing stm32f10x_tim.o(i.TIM_EncoderInterfaceConfig), (66 bytes).
    Removing stm32f10x_tim.o(i.TIM_ForcedOC1Config), (18 bytes).
    Removing stm32f10x_tim.o(i.TIM_ForcedOC2Config), (26 bytes).
    Removing stm32f10x_tim.o(i.TIM_ForcedOC3Config), (18 bytes).
    Removing stm32f10x_tim.o(i.TIM_ForcedOC4Config), (26 bytes).
    Removing stm32f10x_tim.o(i.TIM_GenerateEvent), (4 bytes).
    Removing stm32f10x_tim.o(i.TIM_GetCapture1), (6 bytes).
    Removing stm32f10x_tim.o(i.TIM_GetCapture2), (6 bytes).
    Removing stm32f10x_tim.o(i.TIM_GetCapture3), (6 bytes).
    Removing stm32f10x_tim.o(i.TIM_GetCapture4), (8 bytes).
    Removing stm32f10x_tim.o(i.TIM_GetCounter), (6 bytes).
    Removing stm32f10x_tim.o(i.TIM_GetFlagStatus), (18 bytes).
    Removing stm32f10x_tim.o(i.TIM_GetPrescaler), (6 bytes).
    Removing stm32f10x_tim.o(i.TIM_ICInit), (172 bytes).
    Removing stm32f10x_tim.o(i.TIM_ICStructInit), (18 bytes).
    Removing stm32f10x_tim.o(i.TIM_ITRxExternalClockConfig), (24 bytes).
    Removing stm32f10x_tim.o(i.TIM_OC1FastConfig), (18 bytes).
    Removing stm32f10x_tim.o(i.TIM_OC1Init), (152 bytes).
    Removing stm32f10x_tim.o(i.TIM_OC1NPolarityConfig), (18 bytes).
    Removing stm32f10x_tim.o(i.TIM_OC1PolarityConfig), (18 bytes).
    Removing stm32f10x_tim.o(i.TIM_OC1PreloadConfig), (18 bytes).
    Removing stm32f10x_tim.o(i.TIM_OC2FastConfig), (26 bytes).
    Removing stm32f10x_tim.o(i.TIM_OC2Init), (164 bytes).
    Removing stm32f10x_tim.o(i.TIM_OC2NPolarityConfig), (26 bytes).
    Removing stm32f10x_tim.o(i.TIM_OC2PolarityConfig), (26 bytes).
    Removing stm32f10x_tim.o(i.TIM_OC2PreloadConfig), (26 bytes).
    Removing stm32f10x_tim.o(i.TIM_OC3FastConfig), (18 bytes).
    Removing stm32f10x_tim.o(i.TIM_OC3Init), (160 bytes).
    Removing stm32f10x_tim.o(i.TIM_OC3NPolarityConfig), (26 bytes).
    Removing stm32f10x_tim.o(i.TIM_OC3PolarityConfig), (26 bytes).
    Removing stm32f10x_tim.o(i.TIM_OC3PreloadConfig), (18 bytes).
    Removing stm32f10x_tim.o(i.TIM_OC4FastConfig), (26 bytes).
    Removing stm32f10x_tim.o(i.TIM_OC4Init), (124 bytes).
    Removing stm32f10x_tim.o(i.TIM_OC4PolarityConfig), (26 bytes).
    Removing stm32f10x_tim.o(i.TIM_OC4PreloadConfig), (26 bytes).
    Removing stm32f10x_tim.o(i.TIM_OCStructInit), (20 bytes).
    Removing stm32f10x_tim.o(i.TIM_PWMIConfig), (124 bytes).
    Removing stm32f10x_tim.o(i.TIM_PrescalerConfig), (6 bytes).
    Removing stm32f10x_tim.o(i.TIM_SelectCCDMA), (24 bytes).
    Removing stm32f10x_tim.o(i.TIM_SelectCOM), (24 bytes).
    Removing stm32f10x_tim.o(i.TIM_SelectHallSensor), (24 bytes).
    Removing stm32f10x_tim.o(i.TIM_SelectInputTrigger), (18 bytes).
    Removing stm32f10x_tim.o(i.TIM_SelectMasterSlaveMode), (18 bytes).
    Removing stm32f10x_tim.o(i.TIM_SelectOCxM), (82 bytes).
    Removing stm32f10x_tim.o(i.TIM_SelectOnePulseMode), (18 bytes).
    Removing stm32f10x_tim.o(i.TIM_SelectOutputTrigger), (18 bytes).
    Removing stm32f10x_tim.o(i.TIM_SelectSlaveMode), (18 bytes).
    Removing stm32f10x_tim.o(i.TIM_SetAutoreload), (4 bytes).
    Removing stm32f10x_tim.o(i.TIM_SetClockDivision), (18 bytes).
    Removing stm32f10x_tim.o(i.TIM_SetCompare1), (4 bytes).
    Removing stm32f10x_tim.o(i.TIM_SetCompare2), (4 bytes).
    Removing stm32f10x_tim.o(i.TIM_SetCompare3), (4 bytes).
    Removing stm32f10x_tim.o(i.TIM_SetCompare4), (6 bytes).
    Removing stm32f10x_tim.o(i.TIM_SetCounter), (4 bytes).
    Removing stm32f10x_tim.o(i.TIM_SetIC1Prescaler), (18 bytes).
    Removing stm32f10x_tim.o(i.TIM_SetIC2Prescaler), (26 bytes).
    Removing stm32f10x_tim.o(i.TIM_SetIC3Prescaler), (18 bytes).
    Removing stm32f10x_tim.o(i.TIM_SetIC4Prescaler), (26 bytes).
    Removing stm32f10x_tim.o(i.TIM_TIxExternalClockConfig), (62 bytes).
    Removing stm32f10x_tim.o(i.TIM_TimeBaseStructInit), (18 bytes).
    Removing stm32f10x_tim.o(i.TIM_UpdateDisableConfig), (24 bytes).
    Removing stm32f10x_tim.o(i.TIM_UpdateRequestConfig), (24 bytes).
    Removing stm32f10x_usart.o(i.USART_ClearFlag), (18 bytes).
    Removing stm32f10x_usart.o(i.USART_ClearITPendingBit), (30 bytes).
    Removing stm32f10x_usart.o(i.USART_ClockInit), (34 bytes).
    Removing stm32f10x_usart.o(i.USART_ClockStructInit), (12 bytes).
    Removing stm32f10x_usart.o(i.USART_DMACmd), (18 bytes).
    Removing stm32f10x_usart.o(i.USART_DeInit), (156 bytes).
    Removing stm32f10x_usart.o(i.USART_GetITStatus), (84 bytes).
    Removing stm32f10x_usart.o(i.USART_HalfDuplexCmd), (24 bytes).
    Removing stm32f10x_usart.o(i.USART_ITConfig), (74 bytes).
    Removing stm32f10x_usart.o(i.USART_IrDACmd), (24 bytes).
    Removing stm32f10x_usart.o(i.USART_IrDAConfig), (18 bytes).
    Removing stm32f10x_usart.o(i.USART_LINBreakDetectLengthConfig), (18 bytes).
    Removing stm32f10x_usart.o(i.USART_LINCmd), (24 bytes).
    Removing stm32f10x_usart.o(i.USART_OneBitMethodCmd), (24 bytes).
    Removing stm32f10x_usart.o(i.USART_OverSampling8Cmd), (22 bytes).
    Removing stm32f10x_usart.o(i.USART_ReceiveData), (10 bytes).
    Removing stm32f10x_usart.o(i.USART_ReceiverWakeUpCmd), (24 bytes).
    Removing stm32f10x_usart.o(i.USART_SendBreak), (10 bytes).
    Removing stm32f10x_usart.o(i.USART_SetAddress), (18 bytes).
    Removing stm32f10x_usart.o(i.USART_SetGuardTime), (16 bytes).
    Removing stm32f10x_usart.o(i.USART_SetPrescaler), (16 bytes).
    Removing stm32f10x_usart.o(i.USART_SmartCardCmd), (24 bytes).
    Removing stm32f10x_usart.o(i.USART_SmartCardNACKCmd), (24 bytes).
    Removing stm32f10x_usart.o(i.USART_StructInit), (24 bytes).
    Removing stm32f10x_usart.o(i.USART_WakeUpConfig), (18 bytes).
    Removing stm32f10x_wwdg.o(i.WWDG_ClearFlag), (12 bytes).
    Removing stm32f10x_wwdg.o(i.WWDG_DeInit), (22 bytes).
    Removing stm32f10x_wwdg.o(i.WWDG_Enable), (16 bytes).
    Removing stm32f10x_wwdg.o(i.WWDG_EnableIT), (12 bytes).
    Removing stm32f10x_wwdg.o(i.WWDG_GetFlagStatus), (12 bytes).
    Removing stm32f10x_wwdg.o(i.WWDG_SetCounter), (16 bytes).
    Removing stm32f10x_wwdg.o(i.WWDG_SetPrescaler), (24 bytes).
    Removing stm32f10x_wwdg.o(i.WWDG_SetWindowValue), (40 bytes).
    Removing core_cm3.o(.emb_text), (32 bytes).
    Removing system_stm32f10x.o(i.SystemCoreClockUpdate), (164 bytes).
    Removing system_stm32f10x.o(.data), (20 bytes).
    Removing delay.o(i.Delay_ms), (24 bytes).
    Removing delay.o(i.Delay_s), (24 bytes).
    Removing delay.o(i.Delay_us), (46 bytes).
    Removing ws2812b.o(i.WS2812B_Blue), (14 bytes).
    Removing ws2812b.o(i.WS2812B_BlueFlash), (58 bytes).
    Removing ws2812b.o(i.WS2812B_Cyan), (14 bytes).
    Removing ws2812b.o(i.WS2812B_Green), (14 bytes).
    Removing ws2812b.o(i.WS2812B_OFF), (14 bytes).
    Removing ws2812b.o(i.WS2812B_Orange), (14 bytes).
    Removing ws2812b.o(i.WS2812B_Red), (14 bytes).
    Removing ws2812b.o(i.WS2812B_Reset), (28 bytes).
    Removing ws2812b.o(i.WS2812B_SetColour), (28 bytes).
    Removing ws2812b.o(i.WS2812B_Violet), (14 bytes).
    Removing ws2812b.o(i.WS2812B_White), (14 bytes).
    Removing ws2812b.o(i.WS2812B_Write0), (112 bytes).
    Removing ws2812b.o(i.WS2812B_Write1), (116 bytes).
    Removing ws2812b.o(i.WS2812B_WriteByte), (40 bytes).
    Removing ws2812b.o(i.WS2812B_Yellow), (14 bytes).
    Removing oled.o(i.OLED_ClearArea), (144 bytes).
    Removing oled.o(i.OLED_DrawArc), (618 bytes).
    Removing oled.o(i.OLED_DrawCircle), (352 bytes).
    Removing oled.o(i.OLED_DrawEllipse), (812 bytes).
    Removing oled.o(i.OLED_DrawLine), (374 bytes).
    Removing oled.o(i.OLED_DrawPoint), (80 bytes).
    Removing oled.o(i.OLED_DrawRectangle), (142 bytes).
    Removing oled.o(i.OLED_DrawTriangle), (232 bytes).
    Removing oled.o(i.OLED_GetPoint), (68 bytes).
    Removing oled.o(i.OLED_IsInAngle), (124 bytes).
    Removing oled.o(i.OLED_Pow), (20 bytes).
    Removing oled.o(i.OLED_Printf), (50 bytes).
    Removing oled.o(i.OLED_Reverse), (52 bytes).
    Removing oled.o(i.OLED_ReverseArea), (144 bytes).
    Removing oled.o(i.OLED_ShowBinNum), (70 bytes).
    Removing oled.o(i.OLED_ShowChar), (84 bytes).
    Removing oled.o(i.OLED_ShowFloatNum), (210 bytes).
    Removing oled.o(i.OLED_ShowHexNum), (96 bytes).
    Removing oled.o(i.OLED_ShowImage), (252 bytes).
    Removing oled.o(i.OLED_ShowNum), (76 bytes).
    Removing oled.o(i.OLED_ShowSignedNum), (112 bytes).
    Removing oled.o(i.OLED_ShowString), (452 bytes).
    Removing oled.o(i.OLED_UpdateArea), (124 bytes).
    Removing oled.o(i.OLED_WriteByte), (16 bytes).
    Removing oled.o(i.OLED_pnpoly), (140 bytes).
    Removing oledfont.o(.constdata), (3343 bytes).
    Removing nrf24l01p.o(i.nRF24L01P_AckPayloadPacket), (52 bytes).
    Removing nrf24l01p.o(i.nRF24L01P_Check), (76 bytes).
    Removing filter.o(i.Filter_ExtenedKalman_1D), (88 bytes).
    Removing filter.o(i.Filter_LowPass_1st), (54 bytes).
    Removing filter.o(i.Filter_MovingAver), (132 bytes).
    Removing filter.o(i.FindPos), (90 bytes).
    Removing filter.o(i.QuiteSort), (56 bytes).
    Removing filter.o(i.SortAver_Filter), (144 bytes).
    Removing filter.o(i.SortAver_Filter1), (144 bytes).
    Removing filter.o(.bss), (240 bytes).
    Removing filter.o(.data), (6 bytes).
    Removing remote.o(i.Remote_HardwareCheck), (56 bytes).
    Removing remote.o(i.Remote_ReadFlashData), (72 bytes).
    Removing remote.o(i.Remote_WriteFlashData), (60 bytes).
    Removing fadd.o(.text), (176 bytes).
    Removing fmul.o(.text), (100 bytes).
    Removing fdiv.o(.text), (124 bytes).
    Removing fflti.o(.text), (18 bytes).
    Removing ffltui.o(.text), (10 bytes).
    Removing dflti.o(.text), (34 bytes).
    Removing dfltui.o(.text), (26 bytes).
    Removing ffixi.o(.text), (50 bytes).
    Removing dfixi.o(.text), (62 bytes).
    Removing dfixui.o(.text), (50 bytes).
    Removing cdcmple.o(.text), (48 bytes).
    Removing d2f.o(.text), (56 bytes).
    Removing cfcmple.o(.text), (20 bytes).
    Removing cfrcmple.o(.text), (20 bytes).
    Removing fepilogue.o(.text), (110 bytes).
    Removing drnd.o(.text), (136 bytes).
    Removing dscalb.o(.text), (46 bytes).

512 unused section(s) (total 30333 bytes) removed from the image.

==============================================================================

Image Symbol Table

    Local Symbols

    Symbol Name                              Value     Ov Type        Size  Object(Section)

    ../clib/microlib/division.c              0x00000000   Number         0  uidiv.o ABSOLUTE
    ../clib/microlib/division.c              0x00000000   Number         0  uldiv.o ABSOLUTE
    ../clib/microlib/errno.c                 0x00000000   Number         0  errno.o ABSOLUTE
    ../clib/microlib/init/entry.s            0x00000000   Number         0  entry2.o ABSOLUTE
    ../clib/microlib/init/entry.s            0x00000000   Number         0  entry8a.o ABSOLUTE
    ../clib/microlib/init/entry.s            0x00000000   Number         0  entry10b.o ABSOLUTE
    ../clib/microlib/init/entry.s            0x00000000   Number         0  entry8b.o ABSOLUTE
    ../clib/microlib/init/entry.s            0x00000000   Number         0  entry10a.o ABSOLUTE
    ../clib/microlib/init/entry.s            0x00000000   Number         0  entry9b.o ABSOLUTE
    ../clib/microlib/init/entry.s            0x00000000   Number         0  entry9a.o ABSOLUTE
    ../clib/microlib/init/entry.s            0x00000000   Number         0  entry7b.o ABSOLUTE
    ../clib/microlib/init/entry.s            0x00000000   Number         0  entry7a.o ABSOLUTE
    ../clib/microlib/init/entry.s            0x00000000   Number         0  entry.o ABSOLUTE
    ../clib/microlib/init/entry.s            0x00000000   Number         0  entry11b.o ABSOLUTE
    ../clib/microlib/init/entry.s            0x00000000   Number         0  entry5.o ABSOLUTE
    ../clib/microlib/init/entry.s            0x00000000   Number         0  entry11a.o ABSOLUTE
    ../clib/microlib/longlong.c              0x00000000   Number         0  llushr.o ABSOLUTE
    ../clib/microlib/longlong.c              0x00000000   Number         0  llshl.o ABSOLUTE
    ../clib/microlib/longlong.c              0x00000000   Number         0  llsshr.o ABSOLUTE
    ../clib/microlib/printf/printf.c         0x00000000   Number         0  printf6.o ABSOLUTE
    ../clib/microlib/printf/printf.c         0x00000000   Number         0  printfa.o ABSOLUTE
    ../clib/microlib/printf/printf.c         0x00000000   Number         0  printf7.o ABSOLUTE
    ../clib/microlib/printf/printf.c         0x00000000   Number         0  printf8.o ABSOLUTE
    ../clib/microlib/printf/printf.c         0x00000000   Number         0  printf2.o ABSOLUTE
    ../clib/microlib/printf/printf.c         0x00000000   Number         0  printfb.o ABSOLUTE
    ../clib/microlib/printf/printf.c         0x00000000   Number         0  printf0.o ABSOLUTE
    ../clib/microlib/printf/printf.c         0x00000000   Number         0  printf1.o ABSOLUTE
    ../clib/microlib/printf/printf.c         0x00000000   Number         0  printf3.o ABSOLUTE
    ../clib/microlib/printf/printf.c         0x00000000   Number         0  printf4.o ABSOLUTE
    ../clib/microlib/printf/printf.c         0x00000000   Number         0  printf5.o ABSOLUTE
    ../clib/microlib/printf/stubs.s          0x00000000   Number         0  stubs.o ABSOLUTE
    ../clib/microlib/stdio/streams.c         0x00000000   Number         0  stdout.o ABSOLUTE
    ../clib/microlib/string/strcmp.c         0x00000000   Number         0  strcmp.o ABSOLUTE
    ../clib/microlib/stubs.s                 0x00000000   Number         0  iusefp.o ABSOLUTE
    ../fplib/microlib/d2f.c                  0x00000000   Number         0  d2f.o ABSOLUTE
    ../fplib/microlib/fpadd.c                0x00000000   Number         0  fadd.o ABSOLUTE
    ../fplib/microlib/fpadd.c                0x00000000   Number         0  dadd.o ABSOLUTE
    ../fplib/microlib/fpdiv.c                0x00000000   Number         0  fdiv.o ABSOLUTE
    ../fplib/microlib/fpdiv.c                0x00000000   Number         0  ddiv.o ABSOLUTE
    ../fplib/microlib/fpepilogue.c           0x00000000   Number         0  depilogue.o ABSOLUTE
    ../fplib/microlib/fpepilogue.c           0x00000000   Number         0  fepilogue.o ABSOLUTE
    ../fplib/microlib/fpfix.c                0x00000000   Number         0  dfixul.o ABSOLUTE
    ../fplib/microlib/fpfix.c                0x00000000   Number         0  dfixui.o ABSOLUTE
    ../fplib/microlib/fpfix.c                0x00000000   Number         0  dfixi.o ABSOLUTE
    ../fplib/microlib/fpfix.c                0x00000000   Number         0  ffixi.o ABSOLUTE
    ../fplib/microlib/fpflt.c                0x00000000   Number         0  ffltui.o ABSOLUTE
    ../fplib/microlib/fpflt.c                0x00000000   Number         0  dfltui.o ABSOLUTE
    ../fplib/microlib/fpflt.c                0x00000000   Number         0  dflti.o ABSOLUTE
    ../fplib/microlib/fpflt.c                0x00000000   Number         0  fflti.o ABSOLUTE
    ../fplib/microlib/fpmul.c                0x00000000   Number         0  dmul.o ABSOLUTE
    ../fplib/microlib/fpmul.c                0x00000000   Number         0  fmul.o ABSOLUTE
    ../fplib/microlib/fprnd.c                0x00000000   Number         0  drnd.o ABSOLUTE
    ../fplib/microlib/fpscalb.c              0x00000000   Number         0  dscalb.o ABSOLUTE
    ../mathlib/atan.c                        0x00000000   Number         0  atan.o ABSOLUTE
    ../mathlib/atan.c                        0x00000000   Number         0  atan_x.o ABSOLUTE
    ../mathlib/atan2.c                       0x00000000   Number         0  atan2.o ABSOLUTE
    ../mathlib/atan2.c                       0x00000000   Number         0  atan2_x.o ABSOLUTE
    ../mathlib/dunder.c                      0x00000000   Number         0  dunder.o ABSOLUTE
    ../mathlib/fpclassify.c                  0x00000000   Number         0  fpclassify.o ABSOLUTE
    ../mathlib/poly.c                        0x00000000   Number         0  poly.o ABSOLUTE
    ../mathlib/qnan.c                        0x00000000   Number         0  qnan.o ABSOLUTE
    ../mathlib/round.c                       0x00000000   Number         0  round.o ABSOLUTE
    ..\APP\Remote.c                          0x00000000   Number         0  remote.o ABSOLUTE
    ..\APP\Scheduler.c                       0x00000000   Number         0  scheduler.o ABSOLUTE
    ..\BSP\Buzzer\Buzzer.c                   0x00000000   Number         0  buzzer.o ABSOLUTE
    ..\BSP\JoyStick\JoyStick.c               0x00000000   Number         0  joystick.o ABSOLUTE
    ..\BSP\Key\Key.c                         0x00000000   Number         0  key.o ABSOLUTE
    ..\BSP\LED\LED.c                         0x00000000   Number         0  led.o ABSOLUTE
    ..\BSP\OLED\OLED.c                       0x00000000   Number         0  oled.o ABSOLUTE
    ..\BSP\OLED\OLEDFont.c                   0x00000000   Number         0  oledfont.o ABSOLUTE
    ..\BSP\WS2812B\WS2812B.c                 0x00000000   Number         0  ws2812b.o ABSOLUTE
    ..\BSP\nRF24L01\nRF24L01P.c              0x00000000   Number         0  nrf24l01p.o ABSOLUTE
    ..\Common\Filter.c                       0x00000000   Number         0  filter.o ABSOLUTE
    ..\Core\Src\ADC.c                        0x00000000   Number         0  adc.o ABSOLUTE
    ..\Core\Src\Flash.c                      0x00000000   Number         0  flash.o ABSOLUTE
    ..\Core\Src\GPIO.c                       0x00000000   Number         0  gpio.o ABSOLUTE
    ..\Core\Src\I2C.c                        0x00000000   Number         0  i2c.o ABSOLUTE
    ..\Core\Src\NVIC.c                       0x00000000   Number         0  nvic.o ABSOLUTE
    ..\Core\Src\SPI.c                        0x00000000   Number         0  spi.o ABSOLUTE
    ..\Core\Src\TIM.c                        0x00000000   Number         0  tim.o ABSOLUTE
    ..\Core\Src\USART.c                      0x00000000   Number         0  usart.o ABSOLUTE
    ..\Core\Src\main.c                       0x00000000   Number         0  main.o ABSOLUTE
    ..\Core\Src\stm32f10x_it.c               0x00000000   Number         0  stm32f10x_it.o ABSOLUTE
    ..\Drivers\CMSIS\core_cm3.c              0x00000000   Number         0  core_cm3.o ABSOLUTE
    ..\Drivers\CMSIS\system_stm32f10x.c      0x00000000   Number         0  system_stm32f10x.o ABSOLUTE
    ..\Drivers\STM32F10x_StdPeriph_Driver\Src\misc.c 0x00000000   Number         0  misc.o ABSOLUTE
    ..\Drivers\STM32F10x_StdPeriph_Driver\Src\stm32f10x_adc.c 0x00000000   Number         0  stm32f10x_adc.o ABSOLUTE
    ..\Drivers\STM32F10x_StdPeriph_Driver\Src\stm32f10x_bkp.c 0x00000000   Number         0  stm32f10x_bkp.o ABSOLUTE
    ..\Drivers\STM32F10x_StdPeriph_Driver\Src\stm32f10x_can.c 0x00000000   Number         0  stm32f10x_can.o ABSOLUTE
    ..\Drivers\STM32F10x_StdPeriph_Driver\Src\stm32f10x_cec.c 0x00000000   Number         0  stm32f10x_cec.o ABSOLUTE
    ..\Drivers\STM32F10x_StdPeriph_Driver\Src\stm32f10x_crc.c 0x00000000   Number         0  stm32f10x_crc.o ABSOLUTE
    ..\Drivers\STM32F10x_StdPeriph_Driver\Src\stm32f10x_dac.c 0x00000000   Number         0  stm32f10x_dac.o ABSOLUTE
    ..\Drivers\STM32F10x_StdPeriph_Driver\Src\stm32f10x_dbgmcu.c 0x00000000   Number         0  stm32f10x_dbgmcu.o ABSOLUTE
    ..\Drivers\STM32F10x_StdPeriph_Driver\Src\stm32f10x_dma.c 0x00000000   Number         0  stm32f10x_dma.o ABSOLUTE
    ..\Drivers\STM32F10x_StdPeriph_Driver\Src\stm32f10x_exti.c 0x00000000   Number         0  stm32f10x_exti.o ABSOLUTE
    ..\Drivers\STM32F10x_StdPeriph_Driver\Src\stm32f10x_flash.c 0x00000000   Number         0  stm32f10x_flash.o ABSOLUTE
    ..\Drivers\STM32F10x_StdPeriph_Driver\Src\stm32f10x_fsmc.c 0x00000000   Number         0  stm32f10x_fsmc.o ABSOLUTE
    ..\Drivers\STM32F10x_StdPeriph_Driver\Src\stm32f10x_gpio.c 0x00000000   Number         0  stm32f10x_gpio.o ABSOLUTE
    ..\Drivers\STM32F10x_StdPeriph_Driver\Src\stm32f10x_i2c.c 0x00000000   Number         0  stm32f10x_i2c.o ABSOLUTE
    ..\Drivers\STM32F10x_StdPeriph_Driver\Src\stm32f10x_iwdg.c 0x00000000   Number         0  stm32f10x_iwdg.o ABSOLUTE
    ..\Drivers\STM32F10x_StdPeriph_Driver\Src\stm32f10x_pwr.c 0x00000000   Number         0  stm32f10x_pwr.o ABSOLUTE
    ..\Drivers\STM32F10x_StdPeriph_Driver\Src\stm32f10x_rcc.c 0x00000000   Number         0  stm32f10x_rcc.o ABSOLUTE
    ..\Drivers\STM32F10x_StdPeriph_Driver\Src\stm32f10x_rtc.c 0x00000000   Number         0  stm32f10x_rtc.o ABSOLUTE
    ..\Drivers\STM32F10x_StdPeriph_Driver\Src\stm32f10x_sdio.c 0x00000000   Number         0  stm32f10x_sdio.o ABSOLUTE
    ..\Drivers\STM32F10x_StdPeriph_Driver\Src\stm32f10x_spi.c 0x00000000   Number         0  stm32f10x_spi.o ABSOLUTE
    ..\Drivers\STM32F10x_StdPeriph_Driver\Src\stm32f10x_tim.c 0x00000000   Number         0  stm32f10x_tim.o ABSOLUTE
    ..\Drivers\STM32F10x_StdPeriph_Driver\Src\stm32f10x_usart.c 0x00000000   Number         0  stm32f10x_usart.o ABSOLUTE
    ..\Drivers\STM32F10x_StdPeriph_Driver\Src\stm32f10x_wwdg.c 0x00000000   Number         0  stm32f10x_wwdg.o ABSOLUTE
    ..\System\Delay.c                        0x00000000   Number         0  delay.o ABSOLUTE
    ..\System\STM32F103C8T6.c                0x00000000   Number         0  stm32f103c8t6.o ABSOLUTE
    ..\\Drivers\\CMSIS\\core_cm3.c           0x00000000   Number         0  core_cm3.o ABSOLUTE
    cdcmple.s                                0x00000000   Number         0  cdcmple.o ABSOLUTE
    cdrcmple.s                               0x00000000   Number         0  cdrcmple.o ABSOLUTE
    cfcmple.s                                0x00000000   Number         0  cfcmple.o ABSOLUTE
    cfrcmple.s                               0x00000000   Number         0  cfrcmple.o ABSOLUTE
    dc.s                                     0x00000000   Number         0  dc.o ABSOLUTE
    handlers.s                               0x00000000   Number         0  handlers.o ABSOLUTE
    init.s                                   0x00000000   Number         0  init.o ABSOLUTE
    startup_stm32f10x_md.s                   0x00000000   Number         0  startup_stm32f10x_md.o ABSOLUTE
    RESET                                    0x08000000   Section      236  startup_stm32f10x_md.o(RESET)
    .ARM.Collect$$$$00000000                 0x080000ec   Section        0  entry.o(.ARM.Collect$$$$00000000)
    .ARM.Collect$$$$00000001                 0x080000ec   Section        4  entry2.o(.ARM.Collect$$$$00000001)
    .ARM.Collect$$$$00000004                 0x080000f0   Section        4  entry5.o(.ARM.Collect$$$$00000004)
    .ARM.Collect$$$$00000008                 0x080000f4   Section        0  entry7b.o(.ARM.Collect$$$$00000008)
    .ARM.Collect$$$$0000000A                 0x080000f4   Section        0  entry8b.o(.ARM.Collect$$$$0000000A)
    .ARM.Collect$$$$0000000B                 0x080000f4   Section        8  entry9a.o(.ARM.Collect$$$$0000000B)
    .ARM.Collect$$$$0000000D                 0x080000fc   Section        0  entry10a.o(.ARM.Collect$$$$0000000D)
    .ARM.Collect$$$$0000000F                 0x080000fc   Section        0  entry11a.o(.ARM.Collect$$$$0000000F)
    .ARM.Collect$$$$00002712                 0x080000fc   Section        4  entry2.o(.ARM.Collect$$$$00002712)
    __lit__00000000                          0x080000fc   Data           4  entry2.o(.ARM.Collect$$$$00002712)
    .text                                    0x08000100   Section       36  startup_stm32f10x_md.o(.text)
    .text                                    0x08000124   Section        0  dadd.o(.text)
    .text                                    0x08000272   Section        0  dmul.o(.text)
    .text                                    0x08000356   Section        0  ddiv.o(.text)
    .text                                    0x08000434   Section       48  cdrcmple.o(.text)
    .text                                    0x08000464   Section        0  uidiv.o(.text)
    .text                                    0x08000490   Section        0  uldiv.o(.text)
    .text                                    0x080004f2   Section        0  llshl.o(.text)
    .text                                    0x08000510   Section        0  llushr.o(.text)
    .text                                    0x08000530   Section        0  llsshr.o(.text)
    .text                                    0x08000554   Section        0  depilogue.o(.text)
    .text                                    0x08000554   Section        0  iusefp.o(.text)
    .text                                    0x0800060e   Section        0  dfixul.o(.text)
    .text                                    0x08000640   Section       36  init.o(.text)
    i.ADC1_Init                              0x08000664   Section        0  adc.o(i.ADC1_Init)
    i.ADC_Cmd                                0x080007a8   Section        0  stm32f10x_adc.o(i.ADC_Cmd)
    i.ADC_DMACmd                             0x080007be   Section        0  stm32f10x_adc.o(i.ADC_DMACmd)
    i.ADC_GetCalibrationStatus               0x080007d4   Section        0  stm32f10x_adc.o(i.ADC_GetCalibrationStatus)
    i.ADC_GetValue                           0x080007e8   Section        0  adc.o(i.ADC_GetValue)
    i.ADC_Init                               0x08000818   Section        0  stm32f10x_adc.o(i.ADC_Init)
    i.ADC_RegularChannelConfig               0x08000868   Section        0  stm32f10x_adc.o(i.ADC_RegularChannelConfig)
    i.ADC_ResetCalibration                   0x08000920   Section        0  stm32f10x_adc.o(i.ADC_ResetCalibration)
    i.ADC_SoftwareStartConvCmd               0x0800092a   Section        0  stm32f10x_adc.o(i.ADC_SoftwareStartConvCmd)
    i.ADC_StartCalibration                   0x08000940   Section        0  stm32f10x_adc.o(i.ADC_StartCalibration)
    i.BusFault_Handler                       0x0800094a   Section        0  stm32f10x_it.o(i.BusFault_Handler)
    i.Buzzer_Init                            0x08000950   Section        0  buzzer.o(i.Buzzer_Init)
    i.Buzzer_Off                             0x08000984   Section        0  buzzer.o(i.Buzzer_Off)
    i.Buzzer_On                              0x08000994   Section        0  buzzer.o(i.Buzzer_On)
    i.DMA_Cmd                                0x080009a4   Section        0  stm32f10x_dma.o(i.DMA_Cmd)
    i.DMA_Init                               0x080009bc   Section        0  stm32f10x_dma.o(i.DMA_Init)
    i.DebugMon_Handler                       0x080009f8   Section        0  stm32f10x_it.o(i.DebugMon_Handler)
    i.GPIO_DebugInit                         0x080009fc   Section        0  gpio.o(i.GPIO_DebugInit)
    i.GPIO_Init                              0x08000a14   Section        0  stm32f10x_gpio.o(i.GPIO_Init)
    i.GPIO_PinRemapConfig                    0x08000b2c   Section        0  stm32f10x_gpio.o(i.GPIO_PinRemapConfig)
    i.GPIO_ReadInputDataBit                  0x08000bbc   Section        0  stm32f10x_gpio.o(i.GPIO_ReadInputDataBit)
    i.GPIO_ResetBits                         0x08000bce   Section        0  stm32f10x_gpio.o(i.GPIO_ResetBits)
    i.GPIO_SetBits                           0x08000bd2   Section        0  stm32f10x_gpio.o(i.GPIO_SetBits)
    i.HardFault_Handler                      0x08000bd6   Section        0  stm32f10x_it.o(i.HardFault_Handler)
    i.I2C1_Init                              0x08000bdc   Section        0  i2c.o(i.I2C1_Init)
    i.I2C1_WaitEvent                         0x08000c60   Section        0  i2c.o(i.I2C1_WaitEvent)
    I2C1_WaitEvent                           0x08000c61   Thumb Code    46  i2c.o(i.I2C1_WaitEvent)
    i.I2C1_WaitFree                          0x08000cb8   Section        0  i2c.o(i.I2C1_WaitFree)
    I2C1_WaitFree                            0x08000cb9   Thumb Code    44  i2c.o(i.I2C1_WaitFree)
    i.I2C1_WriteBuffer                       0x08000cf8   Section        0  i2c.o(i.I2C1_WriteBuffer)
    i.I2C1_WriteByte                         0x08000d84   Section        0  i2c.o(i.I2C1_WriteByte)
    i.I2C_CheckEvent                         0x08000e00   Section        0  stm32f10x_i2c.o(i.I2C_CheckEvent)
    i.I2C_Cmd                                0x08000e2a   Section        0  stm32f10x_i2c.o(i.I2C_Cmd)
    i.I2C_GenerateSTART                      0x08000e42   Section        0  stm32f10x_i2c.o(i.I2C_GenerateSTART)
    i.I2C_GenerateSTOP                       0x08000e5a   Section        0  stm32f10x_i2c.o(i.I2C_GenerateSTOP)
    i.I2C_GetFlagStatus                      0x08000e72   Section        0  stm32f10x_i2c.o(i.I2C_GetFlagStatus)
    i.I2C_Init                               0x08000eac   Section        0  stm32f10x_i2c.o(i.I2C_Init)
    i.I2C_Send7bitAddress                    0x08000f98   Section        0  stm32f10x_i2c.o(i.I2C_Send7bitAddress)
    i.I2C_SendData                           0x08000faa   Section        0  stm32f10x_i2c.o(i.I2C_SendData)
    i.Key_GetNumber                          0x08000fb0   Section        0  key.o(i.Key_GetNumber)
    i.Key_Init                               0x0800101c   Section        0  key.o(i.Key_Init)
    i.Key_Scan                               0x08001070   Section        0  key.o(i.Key_Scan)
    i.LED_Init                               0x08001134   Section        0  led.o(i.LED_Init)
    i.LED_Off                                0x0800116c   Section        0  led.o(i.LED_Off)
    i.LED_On                                 0x08001180   Section        0  led.o(i.LED_On)
    i.LED_Toggle                             0x08001194   Section        0  led.o(i.LED_Toggle)
    i.MemManage_Handler                      0x080011b8   Section        0  stm32f10x_it.o(i.MemManage_Handler)
    i.NMI_Handler                            0x080011bc   Section        0  stm32f10x_it.o(i.NMI_Handler)
    i.NVIC_Init                              0x080011c0   Section        0  misc.o(i.NVIC_Init)
    i.NVIC_PriorityGroupConfig               0x08001230   Section        0  misc.o(i.NVIC_PriorityGroupConfig)
    i.NVIC_SystemInit                        0x08001244   Section        0  nvic.o(i.NVIC_SystemInit)
    i.OLED_Clear                             0x0800126c   Section        0  oled.o(i.OLED_Clear)
    i.OLED_Init                              0x08001294   Section        0  oled.o(i.OLED_Init)
    i.OLED_SetCursor                         0x0800132a   Section        0  oled.o(i.OLED_SetCursor)
    i.OLED_Update                            0x0800134c   Section        0  oled.o(i.OLED_Update)
    i.OLED_WriteBuffer                       0x08001374   Section        0  oled.o(i.OLED_WriteBuffer)
    i.OLED_WriteCommand                      0x08001388   Section        0  oled.o(i.OLED_WriteCommand)
    i.PendSV_Handler                         0x08001398   Section        0  stm32f10x_it.o(i.PendSV_Handler)
    i.RCC_ADCCLKConfig                       0x0800139c   Section        0  stm32f10x_rcc.o(i.RCC_ADCCLKConfig)
    i.RCC_AHBPeriphClockCmd                  0x080013b4   Section        0  stm32f10x_rcc.o(i.RCC_AHBPeriphClockCmd)
    i.RCC_APB1PeriphClockCmd                 0x080013d4   Section        0  stm32f10x_rcc.o(i.RCC_APB1PeriphClockCmd)
    i.RCC_APB2PeriphClockCmd                 0x080013f4   Section        0  stm32f10x_rcc.o(i.RCC_APB2PeriphClockCmd)
    i.RCC_GetClocksFreq                      0x08001414   Section        0  stm32f10x_rcc.o(i.RCC_GetClocksFreq)
    i.Remote_AllInit                         0x080014e8   Section        0  remote.o(i.Remote_AllInit)
    i.Remote_BuzzerControl                   0x08001528   Section        0  remote.o(i.Remote_BuzzerControl)
    i.Remote_JoyStickOffSet                  0x080015ac   Section        0  remote.o(i.Remote_JoyStickOffSet)
    Remote_JoyStickOffSet                    0x080015ad   Thumb Code   242  remote.o(i.Remote_JoyStickOffSet)
    i.Remote_JoyStickScan                    0x080016b8   Section        0  remote.o(i.Remote_JoyStickScan)
    i.Remote_KeyScanAndHandle                0x08001960   Section        0  remote.o(i.Remote_KeyScanAndHandle)
    i.Remote_ParameterInit                   0x08001b14   Section        0  remote.o(i.Remote_ParameterInit)
    i.Remote_ReceiveFlightData               0x08001b20   Section        0  remote.o(i.Remote_ReceiveFlightData)
    i.Remote_SendDataToFlight                0x08001be4   Section        0  remote.o(i.Remote_SendDataToFlight)
    i.SPI1_Init                              0x08001cb4   Section        0  spi.o(i.SPI1_Init)
    i.SPI1_ReadBuffer                        0x08001d6c   Section        0  spi.o(i.SPI1_ReadBuffer)
    i.SPI1_ReadByte                          0x08001dbc   Section        0  spi.o(i.SPI1_ReadByte)
    i.SPI1_SwapByte                          0x08001df4   Section        0  spi.o(i.SPI1_SwapByte)
    i.SPI1_WriteBuffer                       0x08001e2c   Section        0  spi.o(i.SPI1_WriteBuffer)
    i.SPI1_WriteByte                         0x08001e78   Section        0  spi.o(i.SPI1_WriteByte)
    i.SPI_Cmd                                0x08001eb0   Section        0  stm32f10x_spi.o(i.SPI_Cmd)
    i.SPI_I2S_GetFlagStatus                  0x08001ec8   Section        0  stm32f10x_spi.o(i.SPI_I2S_GetFlagStatus)
    i.SPI_I2S_ReceiveData                    0x08001eda   Section        0  stm32f10x_spi.o(i.SPI_I2S_ReceiveData)
    i.SPI_I2S_SendData                       0x08001ee0   Section        0  stm32f10x_spi.o(i.SPI_I2S_SendData)
    i.SPI_Init                               0x08001ee4   Section        0  stm32f10x_spi.o(i.SPI_Init)
    i.SVC_Handler                            0x08001f20   Section        0  stm32f10x_it.o(i.SVC_Handler)
    i.Scheduler_Init                         0x08001f22   Section        0  scheduler.o(i.Scheduler_Init)
    i.Scheduler_Loop                         0x08001f30   Section        0  scheduler.o(i.Scheduler_Loop)
    i.Scheduler_Loop100Hz                    0x08001fa4   Section        0  scheduler.o(i.Scheduler_Loop100Hz)
    Scheduler_Loop100Hz                      0x08001fa5   Thumb Code     8  scheduler.o(i.Scheduler_Loop100Hz)
    i.Scheduler_Loop200Hz                    0x08001fac   Section        0  scheduler.o(i.Scheduler_Loop200Hz)
    Scheduler_Loop200Hz                      0x08001fad   Thumb Code    12  scheduler.o(i.Scheduler_Loop200Hz)
    i.Scheduler_Loop20Hz                     0x08001fb8   Section        0  scheduler.o(i.Scheduler_Loop20Hz)
    Scheduler_Loop20Hz                       0x08001fb9   Thumb Code     2  scheduler.o(i.Scheduler_Loop20Hz)
    i.Scheduler_Loop2Hz                      0x08001fba   Section        0  scheduler.o(i.Scheduler_Loop2Hz)
    Scheduler_Loop2Hz                        0x08001fbb   Thumb Code     8  scheduler.o(i.Scheduler_Loop2Hz)
    i.Scheduler_Loop500Hz                    0x08001fc2   Section        0  scheduler.o(i.Scheduler_Loop500Hz)
    Scheduler_Loop500Hz                      0x08001fc3   Thumb Code     8  scheduler.o(i.Scheduler_Loop500Hz)
    i.Scheduler_Loop50Hz                     0x08001fca   Section        0  scheduler.o(i.Scheduler_Loop50Hz)
    Scheduler_Loop50Hz                       0x08001fcb   Thumb Code     8  scheduler.o(i.Scheduler_Loop50Hz)
    i.SetSysClock                            0x08001fd2   Section        0  system_stm32f10x.o(i.SetSysClock)
    SetSysClock                              0x08001fd3   Thumb Code     8  system_stm32f10x.o(i.SetSysClock)
    i.SetSysClockTo72                        0x08001fdc   Section        0  system_stm32f10x.o(i.SetSysClockTo72)
    SetSysClockTo72                          0x08001fdd   Thumb Code   214  system_stm32f10x.o(i.SetSysClockTo72)
    i.SysTick_Handler                        0x080020bc   Section        0  stm32f10x_it.o(i.SysTick_Handler)
    i.SystemInit                             0x080020c0   Section        0  system_stm32f10x.o(i.SystemInit)
    i.TIM2_IRQHandler                        0x08002120   Section        0  tim.o(i.TIM2_IRQHandler)
    i.TIM2_TimerInit                         0x0800220c   Section        0  tim.o(i.TIM2_TimerInit)
    i.TIM_ClearFlag                          0x08002288   Section        0  stm32f10x_tim.o(i.TIM_ClearFlag)
    i.TIM_ClearITPendingBit                  0x0800228e   Section        0  stm32f10x_tim.o(i.TIM_ClearITPendingBit)
    i.TIM_Cmd                                0x08002294   Section        0  stm32f10x_tim.o(i.TIM_Cmd)
    i.TIM_GetITStatus                        0x080022ac   Section        0  stm32f10x_tim.o(i.TIM_GetITStatus)
    i.TIM_ITConfig                           0x080022ce   Section        0  stm32f10x_tim.o(i.TIM_ITConfig)
    i.TIM_InternalClockConfig                0x080022e0   Section        0  stm32f10x_tim.o(i.TIM_InternalClockConfig)
    i.TIM_TimeBaseInit                       0x080022ec   Section        0  stm32f10x_tim.o(i.TIM_TimeBaseInit)
    i.USART1_Init                            0x08002390   Section        0  usart.o(i.USART1_Init)
    i.USART_Cmd                              0x08002418   Section        0  stm32f10x_usart.o(i.USART_Cmd)
    i.USART_GetFlagStatus                    0x08002430   Section        0  stm32f10x_usart.o(i.USART_GetFlagStatus)
    i.USART_Init                             0x0800244c   Section        0  stm32f10x_usart.o(i.USART_Init)
    i.USART_SendData                         0x08002524   Section        0  stm32f10x_usart.o(i.USART_SendData)
    i.UsageFault_Handler                     0x0800252c   Section        0  stm32f10x_it.o(i.UsageFault_Handler)
    i.WS2812B_Init                           0x08002530   Section        0  ws2812b.o(i.WS2812B_Init)
    i.__0printf                              0x08002560   Section        0  printfa.o(i.__0printf)
    i.__scatterload_copy                     0x08002580   Section       14  handlers.o(i.__scatterload_copy)
    i.__scatterload_null                     0x0800258e   Section        2  handlers.o(i.__scatterload_null)
    i.__scatterload_zeroinit                 0x08002590   Section       14  handlers.o(i.__scatterload_zeroinit)
    i._fp_digits                             0x080025a0   Section        0  printfa.o(i._fp_digits)
    _fp_digits                               0x080025a1   Thumb Code   366  printfa.o(i._fp_digits)
    i._printf_core                           0x08002724   Section        0  printfa.o(i._printf_core)
    _printf_core                             0x08002725   Thumb Code  1744  printfa.o(i._printf_core)
    i._printf_post_padding                   0x08002e00   Section        0  printfa.o(i._printf_post_padding)
    _printf_post_padding                     0x08002e01   Thumb Code    36  printfa.o(i._printf_post_padding)
    i._printf_pre_padding                    0x08002e24   Section        0  printfa.o(i._printf_pre_padding)
    _printf_pre_padding                      0x08002e25   Thumb Code    46  printfa.o(i._printf_pre_padding)
    i.fputc                                  0x08002e54   Section        0  usart.o(i.fputc)
    i.main                                   0x08002e78   Section        0  main.o(i.main)
    i.nRF24L01P_IRQHandler                   0x08002e88   Section        0  nrf24l01p.o(i.nRF24L01P_IRQHandler)
    i.nRF24L01P_Init                         0x08002ee8   Section        0  nrf24l01p.o(i.nRF24L01P_Init)
    i.nRF24L01P_NormalPacket                 0x08002f38   Section        0  nrf24l01p.o(i.nRF24L01P_NormalPacket)
    i.nRF24L01P_ReadBuffer                   0x08002f6c   Section        0  nrf24l01p.o(i.nRF24L01P_ReadBuffer)
    i.nRF24L01P_ReadByte                     0x08002f80   Section        0  nrf24l01p.o(i.nRF24L01P_ReadByte)
    i.nRF24L01P_SetMode                      0x08002f8c   Section        0  nrf24l01p.o(i.nRF24L01P_SetMode)
    i.nRF24L01P_WriteBuffer                  0x0800305c   Section        0  nrf24l01p.o(i.nRF24L01P_WriteBuffer)
    i.nRF24L01P_WriteByte                    0x08003070   Section        0  nrf24l01p.o(i.nRF24L01P_WriteByte)
    .data                                    0x20000000   Section       16  tim.o(.data)
    cnt_2                                    0x20000008   Data           1  tim.o(.data)
    cnt_5                                    0x20000009   Data           1  tim.o(.data)
    cnt_10                                   0x2000000a   Data           1  tim.o(.data)
    cnt_20                                   0x2000000b   Data           1  tim.o(.data)
    cnt_50                                   0x2000000c   Data           1  tim.o(.data)
    cnt_500                                  0x2000000e   Data           2  tim.o(.data)
    .data                                    0x20000010   Section       20  stm32f10x_rcc.o(.data)
    APBAHBPrescTable                         0x20000010   Data          16  stm32f10x_rcc.o(.data)
    ADCPrescTable                            0x20000020   Data           4  stm32f10x_rcc.o(.data)
    .data                                    0x20000024   Section        1  led.o(.data)
    flag                                     0x20000024   Data           1  led.o(.data)
    .data                                    0x20000026   Section        4  key.o(.data)
    KeyState                                 0x20000026   Data           1  key.o(.data)
    KeyLastNumber                            0x20000027   Data           1  key.o(.data)
    KeyTime_cnt                              0x20000028   Data           2  key.o(.data)
    .data                                    0x2000002a   Section       10  nrf24l01p.o(.data)
    .data                                    0x20000034   Section       22  remote.o(.data)
    g_JoyStickBias                           0x20000034   Data           8  remote.o(.data)
    g_JoyStickTempBias                       0x2000003c   Data           8  remote.o(.data)
    g_RemoteFlag                             0x20000044   Data           2  remote.o(.data)
    cnt                                      0x20000046   Data           1  remote.o(.data)
    cnt                                      0x20000047   Data           1  remote.o(.data)
    KeyNumber                                0x20000048   Data           1  remote.o(.data)
    BuzzerCount                              0x20000049   Data           1  remote.o(.data)
    .data                                    0x2000004c   Section        4  stdout.o(.data)
    .bss                                     0x20000050   Section      100  adc.o(.bss)
    ADC_Value                                0x20000050   Data         100  adc.o(.bss)
    .bss                                     0x200000b4   Section     1024  oled.o(.bss)
    .bss                                     0x200004b4   Section       52  remote.o(.bss)
    g_Flash                                  0x200004b4   Data          12  remote.o(.bss)
    g_RemoteData                             0x200004c0   Data          10  remote.o(.bss)
    g_Flight                                 0x200004ca   Data          14  remote.o(.bss)
    sum                                      0x200004d8   Data          16  remote.o(.bss)
    STACK                                    0x200004e8   Section     1024  startup_stm32f10x_md.o(STACK)

    Global Symbols

    Symbol Name                              Value     Ov Type        Size  Object(Section)

    BuildAttributes$$THM_ISAv4$P$D$K$B$S$PE$A:L22UL41UL21$X:L11$S22US41US21$IEEE1$IW$USESV6$~STKCKD$USESV7$~SHL$OTIME$ROPI$IEEEX$EBA8$MICROLIB$REQ8$PRES8$EABIv2 0x00000000   Number         0  anon$$obj.o ABSOLUTE
    __ARM_use_no_argv                        0x00000000   Number         0  main.o ABSOLUTE
    _printf_a                                0x00000000   Number         0  stubs.o ABSOLUTE
    _printf_c                                0x00000000   Number         0  stubs.o ABSOLUTE
    _printf_charcount                        0x00000000   Number         0  stubs.o ABSOLUTE
    _printf_d                                0x00000000   Number         0  stubs.o ABSOLUTE
    _printf_e                                0x00000000   Number         0  stubs.o ABSOLUTE
    _printf_f                                0x00000000   Number         0  stubs.o ABSOLUTE
    _printf_flags                            0x00000000   Number         0  stubs.o ABSOLUTE
    _printf_fp_dec                           0x00000000   Number         0  stubs.o ABSOLUTE
    _printf_fp_hex                           0x00000000   Number         0  stubs.o ABSOLUTE
    _printf_g                                0x00000000   Number         0  stubs.o ABSOLUTE
    _printf_i                                0x00000000   Number         0  stubs.o ABSOLUTE
    _printf_int_dec                          0x00000000   Number         0  stubs.o ABSOLUTE
    _printf_l                                0x00000000   Number         0  stubs.o ABSOLUTE
    _printf_lc                               0x00000000   Number         0  stubs.o ABSOLUTE
    _printf_ll                               0x00000000   Number         0  stubs.o ABSOLUTE
    _printf_lld                              0x00000000   Number         0  stubs.o ABSOLUTE
    _printf_lli                              0x00000000   Number         0  stubs.o ABSOLUTE
    _printf_llo                              0x00000000   Number         0  stubs.o ABSOLUTE
    _printf_llu                              0x00000000   Number         0  stubs.o ABSOLUTE
    _printf_llx                              0x00000000   Number         0  stubs.o ABSOLUTE
    _printf_longlong_dec                     0x00000000   Number         0  stubs.o ABSOLUTE
    _printf_longlong_hex                     0x00000000   Number         0  stubs.o ABSOLUTE
    _printf_longlong_oct                     0x00000000   Number         0  stubs.o ABSOLUTE
    _printf_ls                               0x00000000   Number         0  stubs.o ABSOLUTE
    _printf_mbtowc                           0x00000000   Number         0  stubs.o ABSOLUTE
    _printf_n                                0x00000000   Number         0  stubs.o ABSOLUTE
    _printf_o                                0x00000000   Number         0  stubs.o ABSOLUTE
    _printf_p                                0x00000000   Number         0  stubs.o ABSOLUTE
    _printf_percent                          0x00000000   Number         0  stubs.o ABSOLUTE
    _printf_pre_padding                      0x00000000   Number         0  stubs.o ABSOLUTE
    _printf_return_value                     0x00000000   Number         0  stubs.o ABSOLUTE
    _printf_s                                0x00000000   Number         0  stubs.o ABSOLUTE
    _printf_sizespec                         0x00000000   Number         0  stubs.o ABSOLUTE
    _printf_str                              0x00000000   Number         0  stubs.o ABSOLUTE
    _printf_truncate_signed                  0x00000000   Number         0  stubs.o ABSOLUTE
    _printf_truncate_unsigned                0x00000000   Number         0  stubs.o ABSOLUTE
    _printf_u                                0x00000000   Number         0  stubs.o ABSOLUTE
    _printf_wc                               0x00000000   Number         0  stubs.o ABSOLUTE
    _printf_wctomb                           0x00000000   Number         0  stubs.o ABSOLUTE
    _printf_widthprec                        0x00000000   Number         0  stubs.o ABSOLUTE
    _printf_x                                0x00000000   Number         0  stubs.o ABSOLUTE
    __cpp_initialize__aeabi_                  - Undefined Weak Reference
    __cxa_finalize                            - Undefined Weak Reference
    __decompress                              - Undefined Weak Reference
    _clock_init                               - Undefined Weak Reference
    _microlib_exit                            - Undefined Weak Reference
    __Vectors_Size                           0x000000ec   Number         0  startup_stm32f10x_md.o ABSOLUTE
    __Vectors                                0x08000000   Data           4  startup_stm32f10x_md.o(RESET)
    __Vectors_End                            0x080000ec   Data           0  startup_stm32f10x_md.o(RESET)
    __main                                   0x080000ed   Thumb Code     0  entry.o(.ARM.Collect$$$$00000000)
    _main_stk                                0x080000ed   Thumb Code     0  entry2.o(.ARM.Collect$$$$00000001)
    _main_scatterload                        0x080000f1   Thumb Code     0  entry5.o(.ARM.Collect$$$$00000004)
    __main_after_scatterload                 0x080000f5   Thumb Code     0  entry5.o(.ARM.Collect$$$$00000004)
    _main_clock                              0x080000f5   Thumb Code     0  entry7b.o(.ARM.Collect$$$$00000008)
    _main_cpp_init                           0x080000f5   Thumb Code     0  entry8b.o(.ARM.Collect$$$$0000000A)
    _main_init                               0x080000f5   Thumb Code     0  entry9a.o(.ARM.Collect$$$$0000000B)
    __rt_final_cpp                           0x080000fd   Thumb Code     0  entry10a.o(.ARM.Collect$$$$0000000D)
    __rt_final_exit                          0x080000fd   Thumb Code     0  entry11a.o(.ARM.Collect$$$$0000000F)
    Reset_Handler                            0x08000101   Thumb Code     8  startup_stm32f10x_md.o(.text)
    ADC1_2_IRQHandler                        0x0800011b   Thumb Code     0  startup_stm32f10x_md.o(.text)
    CAN1_RX1_IRQHandler                      0x0800011b   Thumb Code     0  startup_stm32f10x_md.o(.text)
    CAN1_SCE_IRQHandler                      0x0800011b   Thumb Code     0  startup_stm32f10x_md.o(.text)
    DMA1_Channel1_IRQHandler                 0x0800011b   Thumb Code     0  startup_stm32f10x_md.o(.text)
    DMA1_Channel2_IRQHandler                 0x0800011b   Thumb Code     0  startup_stm32f10x_md.o(.text)
    DMA1_Channel3_IRQHandler                 0x0800011b   Thumb Code     0  startup_stm32f10x_md.o(.text)
    DMA1_Channel4_IRQHandler                 0x0800011b   Thumb Code     0  startup_stm32f10x_md.o(.text)
    DMA1_Channel5_IRQHandler                 0x0800011b   Thumb Code     0  startup_stm32f10x_md.o(.text)
    DMA1_Channel6_IRQHandler                 0x0800011b   Thumb Code     0  startup_stm32f10x_md.o(.text)
    DMA1_Channel7_IRQHandler                 0x0800011b   Thumb Code     0  startup_stm32f10x_md.o(.text)
    EXTI0_IRQHandler                         0x0800011b   Thumb Code     0  startup_stm32f10x_md.o(.text)
    EXTI15_10_IRQHandler                     0x0800011b   Thumb Code     0  startup_stm32f10x_md.o(.text)
    EXTI1_IRQHandler                         0x0800011b   Thumb Code     0  startup_stm32f10x_md.o(.text)
    EXTI2_IRQHandler                         0x0800011b   Thumb Code     0  startup_stm32f10x_md.o(.text)
    EXTI3_IRQHandler                         0x0800011b   Thumb Code     0  startup_stm32f10x_md.o(.text)
    EXTI4_IRQHandler                         0x0800011b   Thumb Code     0  startup_stm32f10x_md.o(.text)
    EXTI9_5_IRQHandler                       0x0800011b   Thumb Code     0  startup_stm32f10x_md.o(.text)
    FLASH_IRQHandler                         0x0800011b   Thumb Code     0  startup_stm32f10x_md.o(.text)
    I2C1_ER_IRQHandler                       0x0800011b   Thumb Code     0  startup_stm32f10x_md.o(.text)
    I2C1_EV_IRQHandler                       0x0800011b   Thumb Code     0  startup_stm32f10x_md.o(.text)
    I2C2_ER_IRQHandler                       0x0800011b   Thumb Code     0  startup_stm32f10x_md.o(.text)
    I2C2_EV_IRQHandler                       0x0800011b   Thumb Code     0  startup_stm32f10x_md.o(.text)
    PVD_IRQHandler                           0x0800011b   Thumb Code     0  startup_stm32f10x_md.o(.text)
    RCC_IRQHandler                           0x0800011b   Thumb Code     0  startup_stm32f10x_md.o(.text)
    RTCAlarm_IRQHandler                      0x0800011b   Thumb Code     0  startup_stm32f10x_md.o(.text)
    RTC_IRQHandler                           0x0800011b   Thumb Code     0  startup_stm32f10x_md.o(.text)
    SPI1_IRQHandler                          0x0800011b   Thumb Code     0  startup_stm32f10x_md.o(.text)
    SPI2_IRQHandler                          0x0800011b   Thumb Code     0  startup_stm32f10x_md.o(.text)
    TAMPER_IRQHandler                        0x0800011b   Thumb Code     0  startup_stm32f10x_md.o(.text)
    TIM1_BRK_IRQHandler                      0x0800011b   Thumb Code     0  startup_stm32f10x_md.o(.text)
    TIM1_CC_IRQHandler                       0x0800011b   Thumb Code     0  startup_stm32f10x_md.o(.text)
    TIM1_TRG_COM_IRQHandler                  0x0800011b   Thumb Code     0  startup_stm32f10x_md.o(.text)
    TIM1_UP_IRQHandler                       0x0800011b   Thumb Code     0  startup_stm32f10x_md.o(.text)
    TIM3_IRQHandler                          0x0800011b   Thumb Code     0  startup_stm32f10x_md.o(.text)
    TIM4_IRQHandler                          0x0800011b   Thumb Code     0  startup_stm32f10x_md.o(.text)
    USART1_IRQHandler                        0x0800011b   Thumb Code     0  startup_stm32f10x_md.o(.text)
    USART2_IRQHandler                        0x0800011b   Thumb Code     0  startup_stm32f10x_md.o(.text)
    USART3_IRQHandler                        0x0800011b   Thumb Code     0  startup_stm32f10x_md.o(.text)
    USBWakeUp_IRQHandler                     0x0800011b   Thumb Code     0  startup_stm32f10x_md.o(.text)
    USB_HP_CAN1_TX_IRQHandler                0x0800011b   Thumb Code     0  startup_stm32f10x_md.o(.text)
    USB_LP_CAN1_RX0_IRQHandler               0x0800011b   Thumb Code     0  startup_stm32f10x_md.o(.text)
    WWDG_IRQHandler                          0x0800011b   Thumb Code     0  startup_stm32f10x_md.o(.text)
    __aeabi_dadd                             0x08000125   Thumb Code   322  dadd.o(.text)
    __aeabi_dsub                             0x08000267   Thumb Code     6  dadd.o(.text)
    __aeabi_drsub                            0x0800026d   Thumb Code     6  dadd.o(.text)
    __aeabi_dmul                             0x08000273   Thumb Code   228  dmul.o(.text)
    __aeabi_ddiv                             0x08000357   Thumb Code   222  ddiv.o(.text)
    __aeabi_cdrcmple                         0x08000435   Thumb Code    48  cdrcmple.o(.text)
    __aeabi_uidiv                            0x08000465   Thumb Code     0  uidiv.o(.text)
    __aeabi_uidivmod                         0x08000465   Thumb Code    44  uidiv.o(.text)
    __aeabi_uldivmod                         0x08000491   Thumb Code    98  uldiv.o(.text)
    __aeabi_llsl                             0x080004f3   Thumb Code    30  llshl.o(.text)
    _ll_shift_l                              0x080004f3   Thumb Code     0  llshl.o(.text)
    __aeabi_llsr                             0x08000511   Thumb Code    32  llushr.o(.text)
    _ll_ushift_r                             0x08000511   Thumb Code     0  llushr.o(.text)
    __aeabi_lasr                             0x08000531   Thumb Code    36  llsshr.o(.text)
    _ll_sshift_r                             0x08000531   Thumb Code     0  llsshr.o(.text)
    __I$use$fp                               0x08000555   Thumb Code     0  iusefp.o(.text)
    _double_round                            0x08000555   Thumb Code    30  depilogue.o(.text)
    _double_epilogue                         0x08000573   Thumb Code   156  depilogue.o(.text)
    __aeabi_d2ulz                            0x0800060f   Thumb Code    48  dfixul.o(.text)
    __scatterload                            0x08000641   Thumb Code    28  init.o(.text)
    __scatterload_rt2                        0x08000641   Thumb Code     0  init.o(.text)
    ADC1_Init                                0x08000665   Thumb Code   302  adc.o(i.ADC1_Init)
    ADC_Cmd                                  0x080007a9   Thumb Code    22  stm32f10x_adc.o(i.ADC_Cmd)
    ADC_DMACmd                               0x080007bf   Thumb Code    22  stm32f10x_adc.o(i.ADC_DMACmd)
    ADC_GetCalibrationStatus                 0x080007d5   Thumb Code    20  stm32f10x_adc.o(i.ADC_GetCalibrationStatus)
    ADC_GetValue                             0x080007e9   Thumb Code    44  adc.o(i.ADC_GetValue)
    ADC_Init                                 0x08000819   Thumb Code    70  stm32f10x_adc.o(i.ADC_Init)
    ADC_RegularChannelConfig                 0x08000869   Thumb Code   184  stm32f10x_adc.o(i.ADC_RegularChannelConfig)
    ADC_ResetCalibration                     0x08000921   Thumb Code    10  stm32f10x_adc.o(i.ADC_ResetCalibration)
    ADC_SoftwareStartConvCmd                 0x0800092b   Thumb Code    22  stm32f10x_adc.o(i.ADC_SoftwareStartConvCmd)
    ADC_StartCalibration                     0x08000941   Thumb Code    10  stm32f10x_adc.o(i.ADC_StartCalibration)
    BusFault_Handler                         0x0800094b   Thumb Code     4  stm32f10x_it.o(i.BusFault_Handler)
    Buzzer_Init                              0x08000951   Thumb Code    46  buzzer.o(i.Buzzer_Init)
    Buzzer_Off                               0x08000985   Thumb Code    12  buzzer.o(i.Buzzer_Off)
    Buzzer_On                                0x08000995   Thumb Code    12  buzzer.o(i.Buzzer_On)
    DMA_Cmd                                  0x080009a5   Thumb Code    24  stm32f10x_dma.o(i.DMA_Cmd)
    DMA_Init                                 0x080009bd   Thumb Code    60  stm32f10x_dma.o(i.DMA_Init)
    DebugMon_Handler                         0x080009f9   Thumb Code     2  stm32f10x_it.o(i.DebugMon_Handler)
    GPIO_DebugInit                           0x080009fd   Thumb Code    20  gpio.o(i.GPIO_DebugInit)
    GPIO_Init                                0x08000a15   Thumb Code   278  stm32f10x_gpio.o(i.GPIO_Init)
    GPIO_PinRemapConfig                      0x08000b2d   Thumb Code   138  stm32f10x_gpio.o(i.GPIO_PinRemapConfig)
    GPIO_ReadInputDataBit                    0x08000bbd   Thumb Code    18  stm32f10x_gpio.o(i.GPIO_ReadInputDataBit)
    GPIO_ResetBits                           0x08000bcf   Thumb Code     4  stm32f10x_gpio.o(i.GPIO_ResetBits)
    GPIO_SetBits                             0x08000bd3   Thumb Code     4  stm32f10x_gpio.o(i.GPIO_SetBits)
    HardFault_Handler                        0x08000bd7   Thumb Code     4  stm32f10x_it.o(i.HardFault_Handler)
    I2C1_Init                                0x08000bdd   Thumb Code   118  i2c.o(i.I2C1_Init)
    I2C1_WriteBuffer                         0x08000cf9   Thumb Code   128  i2c.o(i.I2C1_WriteBuffer)
    I2C1_WriteByte                           0x08000d85   Thumb Code   110  i2c.o(i.I2C1_WriteByte)
    I2C_CheckEvent                           0x08000e01   Thumb Code    42  stm32f10x_i2c.o(i.I2C_CheckEvent)
    I2C_Cmd                                  0x08000e2b   Thumb Code    24  stm32f10x_i2c.o(i.I2C_Cmd)
    I2C_GenerateSTART                        0x08000e43   Thumb Code    24  stm32f10x_i2c.o(i.I2C_GenerateSTART)
    I2C_GenerateSTOP                         0x08000e5b   Thumb Code    24  stm32f10x_i2c.o(i.I2C_GenerateSTOP)
    I2C_GetFlagStatus                        0x08000e73   Thumb Code    58  stm32f10x_i2c.o(i.I2C_GetFlagStatus)
    I2C_Init                                 0x08000ead   Thumb Code   222  stm32f10x_i2c.o(i.I2C_Init)
    I2C_Send7bitAddress                      0x08000f99   Thumb Code    18  stm32f10x_i2c.o(i.I2C_Send7bitAddress)
    I2C_SendData                             0x08000fab   Thumb Code     4  stm32f10x_i2c.o(i.I2C_SendData)
    Key_GetNumber                            0x08000fb1   Thumb Code   102  key.o(i.Key_GetNumber)
    Key_Init                                 0x0800101d   Thumb Code    80  key.o(i.Key_Init)
    Key_Scan                                 0x08001071   Thumb Code   184  key.o(i.Key_Scan)
    LED_Init                                 0x08001135   Thumb Code    50  led.o(i.LED_Init)
    LED_Off                                  0x0800116d   Thumb Code    14  led.o(i.LED_Off)
    LED_On                                   0x08001181   Thumb Code    14  led.o(i.LED_On)
    LED_Toggle                               0x08001195   Thumb Code    32  led.o(i.LED_Toggle)
    MemManage_Handler                        0x080011b9   Thumb Code     4  stm32f10x_it.o(i.MemManage_Handler)
    NMI_Handler                              0x080011bd   Thumb Code     2  stm32f10x_it.o(i.NMI_Handler)
    NVIC_Init                                0x080011c1   Thumb Code   100  misc.o(i.NVIC_Init)
    NVIC_PriorityGroupConfig                 0x08001231   Thumb Code    10  misc.o(i.NVIC_PriorityGroupConfig)
    NVIC_SystemInit                          0x08001245   Thumb Code    40  nvic.o(i.NVIC_SystemInit)
    OLED_Clear                               0x0800126d   Thumb Code    36  oled.o(i.OLED_Clear)
    OLED_Init                                0x08001295   Thumb Code   150  oled.o(i.OLED_Init)
    OLED_SetCursor                           0x0800132b   Thumb Code    34  oled.o(i.OLED_SetCursor)
    OLED_Update                              0x0800134d   Thumb Code    36  oled.o(i.OLED_Update)
    OLED_WriteBuffer                         0x08001375   Thumb Code    20  oled.o(i.OLED_WriteBuffer)
    OLED_WriteCommand                        0x08001389   Thumb Code    16  oled.o(i.OLED_WriteCommand)
    PendSV_Handler                           0x08001399   Thumb Code     2  stm32f10x_it.o(i.PendSV_Handler)
    RCC_ADCCLKConfig                         0x0800139d   Thumb Code    18  stm32f10x_rcc.o(i.RCC_ADCCLKConfig)
    RCC_AHBPeriphClockCmd                    0x080013b5   Thumb Code    26  stm32f10x_rcc.o(i.RCC_AHBPeriphClockCmd)
    RCC_APB1PeriphClockCmd                   0x080013d5   Thumb Code    26  stm32f10x_rcc.o(i.RCC_APB1PeriphClockCmd)
    RCC_APB2PeriphClockCmd                   0x080013f5   Thumb Code    26  stm32f10x_rcc.o(i.RCC_APB2PeriphClockCmd)
    RCC_GetClocksFreq                        0x08001415   Thumb Code   192  stm32f10x_rcc.o(i.RCC_GetClocksFreq)
    Remote_AllInit                           0x080014e9   Thumb Code    62  remote.o(i.Remote_AllInit)
    Remote_BuzzerControl                     0x08001529   Thumb Code   122  remote.o(i.Remote_BuzzerControl)
    Remote_JoyStickScan                      0x080016b9   Thumb Code   490  remote.o(i.Remote_JoyStickScan)
    Remote_KeyScanAndHandle                  0x08001961   Thumb Code   294  remote.o(i.Remote_KeyScanAndHandle)
    Remote_ParameterInit                     0x08001b15   Thumb Code     8  remote.o(i.Remote_ParameterInit)
    Remote_ReceiveFlightData                 0x08001b21   Thumb Code   190  remote.o(i.Remote_ReceiveFlightData)
    Remote_SendDataToFlight                  0x08001be5   Thumb Code   204  remote.o(i.Remote_SendDataToFlight)
    SPI1_Init                                0x08001cb5   Thumb Code   174  spi.o(i.SPI1_Init)
    SPI1_ReadBuffer                          0x08001d6d   Thumb Code    74  spi.o(i.SPI1_ReadBuffer)
    SPI1_ReadByte                            0x08001dbd   Thumb Code    50  spi.o(i.SPI1_ReadByte)
    SPI1_SwapByte                            0x08001df5   Thumb Code    50  spi.o(i.SPI1_SwapByte)
    SPI1_WriteBuffer                         0x08001e2d   Thumb Code    72  spi.o(i.SPI1_WriteBuffer)
    SPI1_WriteByte                           0x08001e79   Thumb Code    52  spi.o(i.SPI1_WriteByte)
    SPI_Cmd                                  0x08001eb1   Thumb Code    24  stm32f10x_spi.o(i.SPI_Cmd)
    SPI_I2S_GetFlagStatus                    0x08001ec9   Thumb Code    18  stm32f10x_spi.o(i.SPI_I2S_GetFlagStatus)
    SPI_I2S_ReceiveData                      0x08001edb   Thumb Code     6  stm32f10x_spi.o(i.SPI_I2S_ReceiveData)
    SPI_I2S_SendData                         0x08001ee1   Thumb Code     4  stm32f10x_spi.o(i.SPI_I2S_SendData)
    SPI_Init                                 0x08001ee5   Thumb Code    60  stm32f10x_spi.o(i.SPI_Init)
    SVC_Handler                              0x08001f21   Thumb Code     2  stm32f10x_it.o(i.SVC_Handler)
    Scheduler_Init                           0x08001f23   Thumb Code    12  scheduler.o(i.Scheduler_Init)
    Scheduler_Loop                           0x08001f31   Thumb Code   112  scheduler.o(i.Scheduler_Loop)
    SysTick_Handler                          0x080020bd   Thumb Code     2  stm32f10x_it.o(i.SysTick_Handler)
    SystemInit                               0x080020c1   Thumb Code    78  system_stm32f10x.o(i.SystemInit)
    TIM2_IRQHandler                          0x08002121   Thumb Code   206  tim.o(i.TIM2_IRQHandler)
    TIM2_TimerInit                           0x0800220d   Thumb Code   124  tim.o(i.TIM2_TimerInit)
    TIM_ClearFlag                            0x08002289   Thumb Code     6  stm32f10x_tim.o(i.TIM_ClearFlag)
    TIM_ClearITPendingBit                    0x0800228f   Thumb Code     6  stm32f10x_tim.o(i.TIM_ClearITPendingBit)
    TIM_Cmd                                  0x08002295   Thumb Code    24  stm32f10x_tim.o(i.TIM_Cmd)
    TIM_GetITStatus                          0x080022ad   Thumb Code    34  stm32f10x_tim.o(i.TIM_GetITStatus)
    TIM_ITConfig                             0x080022cf   Thumb Code    18  stm32f10x_tim.o(i.TIM_ITConfig)
    TIM_InternalClockConfig                  0x080022e1   Thumb Code    12  stm32f10x_tim.o(i.TIM_InternalClockConfig)
    TIM_TimeBaseInit                         0x080022ed   Thumb Code   122  stm32f10x_tim.o(i.TIM_TimeBaseInit)
    USART1_Init                              0x08002391   Thumb Code   128  usart.o(i.USART1_Init)
    USART_Cmd                                0x08002419   Thumb Code    24  stm32f10x_usart.o(i.USART_Cmd)
    USART_GetFlagStatus                      0x08002431   Thumb Code    26  stm32f10x_usart.o(i.USART_GetFlagStatus)
    USART_Init                               0x0800244d   Thumb Code   210  stm32f10x_usart.o(i.USART_Init)
    USART_SendData                           0x08002525   Thumb Code     8  stm32f10x_usart.o(i.USART_SendData)
    UsageFault_Handler                       0x0800252d   Thumb Code     4  stm32f10x_it.o(i.UsageFault_Handler)
    WS2812B_Init                             0x08002531   Thumb Code    44  ws2812b.o(i.WS2812B_Init)
    __0printf                                0x08002561   Thumb Code    22  printfa.o(i.__0printf)
    __1printf                                0x08002561   Thumb Code     0  printfa.o(i.__0printf)
    __2printf                                0x08002561   Thumb Code     0  printfa.o(i.__0printf)
    __c89printf                              0x08002561   Thumb Code     0  printfa.o(i.__0printf)
    printf                                   0x08002561   Thumb Code     0  printfa.o(i.__0printf)
    __scatterload_copy                       0x08002581   Thumb Code    14  handlers.o(i.__scatterload_copy)
    __scatterload_null                       0x0800258f   Thumb Code     2  handlers.o(i.__scatterload_null)
    __scatterload_zeroinit                   0x08002591   Thumb Code    14  handlers.o(i.__scatterload_zeroinit)
    fputc                                    0x08002e55   Thumb Code    32  usart.o(i.fputc)
    main                                     0x08002e79   Thumb Code    16  main.o(i.main)
    nRF24L01P_IRQHandler                     0x08002e89   Thumb Code    96  nrf24l01p.o(i.nRF24L01P_IRQHandler)
    nRF24L01P_Init                           0x08002ee9   Thumb Code    72  nrf24l01p.o(i.nRF24L01P_Init)
    nRF24L01P_NormalPacket                   0x08002f39   Thumb Code    46  nrf24l01p.o(i.nRF24L01P_NormalPacket)
    nRF24L01P_ReadBuffer                     0x08002f6d   Thumb Code    20  nrf24l01p.o(i.nRF24L01P_ReadBuffer)
    nRF24L01P_ReadByte                       0x08002f81   Thumb Code    12  nrf24l01p.o(i.nRF24L01P_ReadByte)
    nRF24L01P_SetMode                        0x08002f8d   Thumb Code   196  nrf24l01p.o(i.nRF24L01P_SetMode)
    nRF24L01P_WriteBuffer                    0x0800305d   Thumb Code    20  nrf24l01p.o(i.nRF24L01P_WriteBuffer)
    nRF24L01P_WriteByte                      0x08003071   Thumb Code    16  nrf24l01p.o(i.nRF24L01P_WriteByte)
    Region$$Table$$Base                      0x08003080   Number         0  anon$$obj.o(Region$$Table)
    Region$$Table$$Limit                     0x080030a0   Number         0  anon$$obj.o(Region$$Table)
    Timer                                    0x20000000   Data           8  tim.o(.data)
    TX_ADDRESS                               0x2000002a   Data           5  nrf24l01p.o(.data)
    RX_ADDRESS                               0x2000002f   Data           5  nrf24l01p.o(.data)
    __stdout                                 0x2000004c   Data           4  stdout.o(.data)
    OLED_DisplayBuffer                       0x200000b4   Data        1024  oled.o(.bss)
    __initial_sp                             0x200008e8   Data           0  startup_stm32f10x_md.o(STACK)



==============================================================================

Memory Map of the image

  Image Entry point : 0x080000ed

  Load Region LR_IROM1 (Base: 0x08000000, Size: 0x000030f0, Max: 0x00010000, ABSOLUTE)

    Execution Region ER_IROM1 (Exec base: 0x08000000, Load base: 0x08000000, Size: 0x000030a0, Max: 0x00010000, ABSOLUTE)

    Exec Addr    Load Addr    Size         Type   Attr      Idx    E Section Name        Object

    0x08000000   0x08000000   0x000000ec   Data   RO            3    RESET               startup_stm32f10x_md.o
    0x080000ec   0x080000ec   0x00000000   Code   RO         4161  * .ARM.Collect$$$$00000000  mc_w.l(entry.o)
    0x080000ec   0x080000ec   0x00000004   Code   RO         4488    .ARM.Collect$$$$00000001  mc_w.l(entry2.o)
    0x080000f0   0x080000f0   0x00000004   Code   RO         4491    .ARM.Collect$$$$00000004  mc_w.l(entry5.o)
    0x080000f4   0x080000f4   0x00000000   Code   RO         4493    .ARM.Collect$$$$00000008  mc_w.l(entry7b.o)
    0x080000f4   0x080000f4   0x00000000   Code   RO         4495    .ARM.Collect$$$$0000000A  mc_w.l(entry8b.o)
    0x080000f4   0x080000f4   0x00000008   Code   RO         4496    .ARM.Collect$$$$0000000B  mc_w.l(entry9a.o)
    0x080000fc   0x080000fc   0x00000000   Code   RO         4498    .ARM.Collect$$$$0000000D  mc_w.l(entry10a.o)
    0x080000fc   0x080000fc   0x00000000   Code   RO         4500    .ARM.Collect$$$$0000000F  mc_w.l(entry11a.o)
    0x080000fc   0x080000fc   0x00000004   Code   RO         4489    .ARM.Collect$$$$00002712  mc_w.l(entry2.o)
    0x08000100   0x08000100   0x00000024   Code   RO            4    .text               startup_stm32f10x_md.o
    0x08000124   0x08000124   0x0000014e   Code   RO         4433    .text               mf_w.l(dadd.o)
    0x08000272   0x08000272   0x000000e4   Code   RO         4435    .text               mf_w.l(dmul.o)
    0x08000356   0x08000356   0x000000de   Code   RO         4437    .text               mf_w.l(ddiv.o)
    0x08000434   0x08000434   0x00000030   Code   RO         4455    .text               mf_w.l(cdrcmple.o)
    0x08000464   0x08000464   0x0000002c   Code   RO         4503    .text               mc_w.l(uidiv.o)
    0x08000490   0x08000490   0x00000062   Code   RO         4505    .text               mc_w.l(uldiv.o)
    0x080004f2   0x080004f2   0x0000001e   Code   RO         4507    .text               mc_w.l(llshl.o)
    0x08000510   0x08000510   0x00000020   Code   RO         4509    .text               mc_w.l(llushr.o)
    0x08000530   0x08000530   0x00000024   Code   RO         4511    .text               mc_w.l(llsshr.o)
    0x08000554   0x08000554   0x00000000   Code   RO         4520    .text               mc_w.l(iusefp.o)
    0x08000554   0x08000554   0x000000ba   Code   RO         4523    .text               mf_w.l(depilogue.o)
    0x0800060e   0x0800060e   0x00000030   Code   RO         4527    .text               mf_w.l(dfixul.o)
    0x0800063e   0x0800063e   0x00000002   PAD
    0x08000640   0x08000640   0x00000024   Code   RO         4533    .text               mc_w.l(init.o)
    0x08000664   0x08000664   0x00000144   Code   RO          194    i.ADC1_Init         adc.o
    0x080007a8   0x080007a8   0x00000016   Code   RO          452    i.ADC_Cmd           stm32f10x_adc.o
    0x080007be   0x080007be   0x00000016   Code   RO          453    i.ADC_DMACmd        stm32f10x_adc.o
    0x080007d4   0x080007d4   0x00000014   Code   RO          460    i.ADC_GetCalibrationStatus  stm32f10x_adc.o
    0x080007e8   0x080007e8   0x00000030   Code   RO          195    i.ADC_GetValue      adc.o
    0x08000818   0x08000818   0x00000050   Code   RO          470    i.ADC_Init          stm32f10x_adc.o
    0x08000868   0x08000868   0x000000b8   Code   RO          474    i.ADC_RegularChannelConfig  stm32f10x_adc.o
    0x08000920   0x08000920   0x0000000a   Code   RO          475    i.ADC_ResetCalibration  stm32f10x_adc.o
    0x0800092a   0x0800092a   0x00000016   Code   RO          477    i.ADC_SoftwareStartConvCmd  stm32f10x_adc.o
    0x08000940   0x08000940   0x0000000a   Code   RO          479    i.ADC_StartCalibration  stm32f10x_adc.o
    0x0800094a   0x0800094a   0x00000004   Code   RO          347    i.BusFault_Handler  stm32f10x_it.o
    0x0800094e   0x0800094e   0x00000002   PAD
    0x08000950   0x08000950   0x00000034   Code   RO         3620    i.Buzzer_Init       buzzer.o
    0x08000984   0x08000984   0x00000010   Code   RO         3621    i.Buzzer_Off        buzzer.o
    0x08000994   0x08000994   0x00000010   Code   RO         3622    i.Buzzer_On         buzzer.o
    0x080009a4   0x080009a4   0x00000018   Code   RO         1137    i.DMA_Cmd           stm32f10x_dma.o
    0x080009bc   0x080009bc   0x0000003c   Code   RO         1143    i.DMA_Init          stm32f10x_dma.o
    0x080009f8   0x080009f8   0x00000002   Code   RO          348    i.DebugMon_Handler  stm32f10x_it.o
    0x080009fa   0x080009fa   0x00000002   PAD
    0x080009fc   0x080009fc   0x00000018   Code   RO          130    i.GPIO_DebugInit    gpio.o
    0x08000a14   0x08000a14   0x00000116   Code   RO         1561    i.GPIO_Init         stm32f10x_gpio.o
    0x08000b2a   0x08000b2a   0x00000002   PAD
    0x08000b2c   0x08000b2c   0x00000090   Code   RO         1563    i.GPIO_PinRemapConfig  stm32f10x_gpio.o
    0x08000bbc   0x08000bbc   0x00000012   Code   RO         1565    i.GPIO_ReadInputDataBit  stm32f10x_gpio.o
    0x08000bce   0x08000bce   0x00000004   Code   RO         1568    i.GPIO_ResetBits    stm32f10x_gpio.o
    0x08000bd2   0x08000bd2   0x00000004   Code   RO         1569    i.GPIO_SetBits      stm32f10x_gpio.o
    0x08000bd6   0x08000bd6   0x00000004   Code   RO          349    i.HardFault_Handler  stm32f10x_it.o
    0x08000bda   0x08000bda   0x00000002   PAD
    0x08000bdc   0x08000bdc   0x00000084   Code   RO          217    i.I2C1_Init         i2c.o
    0x08000c60   0x08000c60   0x00000058   Code   RO          220    i.I2C1_WaitEvent    i2c.o
    0x08000cb8   0x08000cb8   0x00000040   Code   RO          221    i.I2C1_WaitFree     i2c.o
    0x08000cf8   0x08000cf8   0x0000008c   Code   RO          222    i.I2C1_WriteBuffer  i2c.o
    0x08000d84   0x08000d84   0x0000007c   Code   RO          223    i.I2C1_WriteByte    i2c.o
    0x08000e00   0x08000e00   0x0000002a   Code   RO         1672    i.I2C_CheckEvent    stm32f10x_i2c.o
    0x08000e2a   0x08000e2a   0x00000018   Code   RO         1675    i.I2C_Cmd           stm32f10x_i2c.o
    0x08000e42   0x08000e42   0x00000018   Code   RO         1682    i.I2C_GenerateSTART  stm32f10x_i2c.o
    0x08000e5a   0x08000e5a   0x00000018   Code   RO         1683    i.I2C_GenerateSTOP  stm32f10x_i2c.o
    0x08000e72   0x08000e72   0x0000003a   Code   RO         1684    i.I2C_GetFlagStatus  stm32f10x_i2c.o
    0x08000eac   0x08000eac   0x000000ec   Code   RO         1689    i.I2C_Init          stm32f10x_i2c.o
    0x08000f98   0x08000f98   0x00000012   Code   RO         1696    i.I2C_Send7bitAddress  stm32f10x_i2c.o
    0x08000faa   0x08000faa   0x00000004   Code   RO         1697    i.I2C_SendData      stm32f10x_i2c.o
    0x08000fae   0x08000fae   0x00000002   PAD
    0x08000fb0   0x08000fb0   0x0000006c   Code   RO         3647    i.Key_GetNumber     key.o
    0x0800101c   0x0800101c   0x00000054   Code   RO         3648    i.Key_Init          key.o
    0x08001070   0x08001070   0x000000c4   Code   RO         3649    i.Key_Scan          key.o
    0x08001134   0x08001134   0x00000038   Code   RO         3481    i.LED_Init          led.o
    0x0800116c   0x0800116c   0x00000014   Code   RO         3482    i.LED_Off           led.o
    0x08001180   0x08001180   0x00000014   Code   RO         3483    i.LED_On            led.o
    0x08001194   0x08001194   0x00000024   Code   RO         3484    i.LED_Toggle        led.o
    0x080011b8   0x080011b8   0x00000004   Code   RO          350    i.MemManage_Handler  stm32f10x_it.o
    0x080011bc   0x080011bc   0x00000002   Code   RO          351    i.NMI_Handler       stm32f10x_it.o
    0x080011be   0x080011be   0x00000002   PAD
    0x080011c0   0x080011c0   0x00000070   Code   RO          410    i.NVIC_Init         misc.o
    0x08001230   0x08001230   0x00000014   Code   RO          411    i.NVIC_PriorityGroupConfig  misc.o
    0x08001244   0x08001244   0x00000028   Code   RO          115    i.NVIC_SystemInit   nvic.o
    0x0800126c   0x0800126c   0x00000028   Code   RO         3672    i.OLED_Clear        oled.o
    0x08001294   0x08001294   0x00000096   Code   RO         3682    i.OLED_Init         oled.o
    0x0800132a   0x0800132a   0x00000022   Code   RO         3688    i.OLED_SetCursor    oled.o
    0x0800134c   0x0800134c   0x00000028   Code   RO         3697    i.OLED_Update       oled.o
    0x08001374   0x08001374   0x00000014   Code   RO         3699    i.OLED_WriteBuffer  oled.o
    0x08001388   0x08001388   0x00000010   Code   RO         3701    i.OLED_WriteCommand  oled.o
    0x08001398   0x08001398   0x00000002   Code   RO          352    i.PendSV_Handler    stm32f10x_it.o
    0x0800139a   0x0800139a   0x00000002   PAD
    0x0800139c   0x0800139c   0x00000018   Code   RO         1975    i.RCC_ADCCLKConfig  stm32f10x_rcc.o
    0x080013b4   0x080013b4   0x00000020   Code   RO         1976    i.RCC_AHBPeriphClockCmd  stm32f10x_rcc.o
    0x080013d4   0x080013d4   0x00000020   Code   RO         1977    i.RCC_APB1PeriphClockCmd  stm32f10x_rcc.o
    0x080013f4   0x080013f4   0x00000020   Code   RO         1979    i.RCC_APB2PeriphClockCmd  stm32f10x_rcc.o
    0x08001414   0x08001414   0x000000d4   Code   RO         1987    i.RCC_GetClocksFreq  stm32f10x_rcc.o
    0x080014e8   0x080014e8   0x0000003e   Code   RO         4073    i.Remote_AllInit    remote.o
    0x08001526   0x08001526   0x00000002   PAD
    0x08001528   0x08001528   0x00000084   Code   RO         4074    i.Remote_BuzzerControl  remote.o
    0x080015ac   0x080015ac   0x0000010c   Code   RO         4076    i.Remote_JoyStickOffSet  remote.o
    0x080016b8   0x080016b8   0x000002a8   Code   RO         4077    i.Remote_JoyStickScan  remote.o
    0x08001960   0x08001960   0x000001b4   Code   RO         4078    i.Remote_KeyScanAndHandle  remote.o
    0x08001b14   0x08001b14   0x0000000c   Code   RO         4079    i.Remote_ParameterInit  remote.o
    0x08001b20   0x08001b20   0x000000c4   Code   RO         4081    i.Remote_ReceiveFlightData  remote.o
    0x08001be4   0x08001be4   0x000000d0   Code   RO         4082    i.Remote_SendDataToFlight  remote.o
    0x08001cb4   0x08001cb4   0x000000b8   Code   RO          266    i.SPI1_Init         spi.o
    0x08001d6c   0x08001d6c   0x00000050   Code   RO          267    i.SPI1_ReadBuffer   spi.o
    0x08001dbc   0x08001dbc   0x00000038   Code   RO          268    i.SPI1_ReadByte     spi.o
    0x08001df4   0x08001df4   0x00000038   Code   RO          269    i.SPI1_SwapByte     spi.o
    0x08001e2c   0x08001e2c   0x0000004c   Code   RO          270    i.SPI1_WriteBuffer  spi.o
    0x08001e78   0x08001e78   0x00000038   Code   RO          271    i.SPI1_WriteByte    spi.o
    0x08001eb0   0x08001eb0   0x00000018   Code   RO         2456    i.SPI_Cmd           stm32f10x_spi.o
    0x08001ec8   0x08001ec8   0x00000012   Code   RO         2464    i.SPI_I2S_GetFlagStatus  stm32f10x_spi.o
    0x08001eda   0x08001eda   0x00000006   Code   RO         2467    i.SPI_I2S_ReceiveData  stm32f10x_spi.o
    0x08001ee0   0x08001ee0   0x00000004   Code   RO         2468    i.SPI_I2S_SendData  stm32f10x_spi.o
    0x08001ee4   0x08001ee4   0x0000003c   Code   RO         2469    i.SPI_Init          stm32f10x_spi.o
    0x08001f20   0x08001f20   0x00000002   Code   RO          353    i.SVC_Handler       stm32f10x_it.o
    0x08001f22   0x08001f22   0x0000000c   Code   RO         4025    i.Scheduler_Init    scheduler.o
    0x08001f2e   0x08001f2e   0x00000002   PAD
    0x08001f30   0x08001f30   0x00000074   Code   RO         4026    i.Scheduler_Loop    scheduler.o
    0x08001fa4   0x08001fa4   0x00000008   Code   RO         4027    i.Scheduler_Loop100Hz  scheduler.o
    0x08001fac   0x08001fac   0x0000000c   Code   RO         4028    i.Scheduler_Loop200Hz  scheduler.o
    0x08001fb8   0x08001fb8   0x00000002   Code   RO         4029    i.Scheduler_Loop20Hz  scheduler.o
    0x08001fba   0x08001fba   0x00000008   Code   RO         4030    i.Scheduler_Loop2Hz  scheduler.o
    0x08001fc2   0x08001fc2   0x00000008   Code   RO         4031    i.Scheduler_Loop500Hz  scheduler.o
    0x08001fca   0x08001fca   0x00000008   Code   RO         4032    i.Scheduler_Loop50Hz  scheduler.o
    0x08001fd2   0x08001fd2   0x00000008   Code   RO         3387    i.SetSysClock       system_stm32f10x.o
    0x08001fda   0x08001fda   0x00000002   PAD
    0x08001fdc   0x08001fdc   0x000000e0   Code   RO         3388    i.SetSysClockTo72   system_stm32f10x.o
    0x080020bc   0x080020bc   0x00000002   Code   RO          354    i.SysTick_Handler   stm32f10x_it.o
    0x080020be   0x080020be   0x00000002   PAD
    0x080020c0   0x080020c0   0x00000060   Code   RO         3390    i.SystemInit        system_stm32f10x.o
    0x08002120   0x08002120   0x000000ec   Code   RO          170    i.TIM2_IRQHandler   tim.o
    0x0800220c   0x0800220c   0x0000007c   Code   RO          171    i.TIM2_TimerInit    tim.o
    0x08002288   0x08002288   0x00000006   Code   RO         2605    i.TIM_ClearFlag     stm32f10x_tim.o
    0x0800228e   0x0800228e   0x00000006   Code   RO         2606    i.TIM_ClearITPendingBit  stm32f10x_tim.o
    0x08002294   0x08002294   0x00000018   Code   RO         2611    i.TIM_Cmd           stm32f10x_tim.o
    0x080022ac   0x080022ac   0x00000022   Code   RO         2632    i.TIM_GetITStatus   stm32f10x_tim.o
    0x080022ce   0x080022ce   0x00000012   Code   RO         2636    i.TIM_ITConfig      stm32f10x_tim.o
    0x080022e0   0x080022e0   0x0000000c   Code   RO         2638    i.TIM_InternalClockConfig  stm32f10x_tim.o
    0x080022ec   0x080022ec   0x000000a4   Code   RO         2682    i.TIM_TimeBaseInit  stm32f10x_tim.o
    0x08002390   0x08002390   0x00000088   Code   RO          145    i.USART1_Init       usart.o
    0x08002418   0x08002418   0x00000018   Code   RO         3147    i.USART_Cmd         stm32f10x_usart.o
    0x08002430   0x08002430   0x0000001a   Code   RO         3150    i.USART_GetFlagStatus  stm32f10x_usart.o
    0x0800244a   0x0800244a   0x00000002   PAD
    0x0800244c   0x0800244c   0x000000d8   Code   RO         3154    i.USART_Init        stm32f10x_usart.o
    0x08002524   0x08002524   0x00000008   Code   RO         3164    i.USART_SendData    stm32f10x_usart.o
    0x0800252c   0x0800252c   0x00000004   Code   RO          355    i.UsageFault_Handler  stm32f10x_it.o
    0x08002530   0x08002530   0x00000030   Code   RO         3519    i.WS2812B_Init      ws2812b.o
    0x08002560   0x08002560   0x00000020   Code   RO         4399    i.__0printf         mc_w.l(printfa.o)
    0x08002580   0x08002580   0x0000000e   Code   RO         4539    i.__scatterload_copy  mc_w.l(handlers.o)
    0x0800258e   0x0800258e   0x00000002   Code   RO         4540    i.__scatterload_null  mc_w.l(handlers.o)
    0x08002590   0x08002590   0x0000000e   Code   RO         4541    i.__scatterload_zeroinit  mc_w.l(handlers.o)
    0x0800259e   0x0800259e   0x00000002   PAD
    0x080025a0   0x080025a0   0x00000184   Code   RO         4406    i._fp_digits        mc_w.l(printfa.o)
    0x08002724   0x08002724   0x000006dc   Code   RO         4407    i._printf_core      mc_w.l(printfa.o)
    0x08002e00   0x08002e00   0x00000024   Code   RO         4408    i._printf_post_padding  mc_w.l(printfa.o)
    0x08002e24   0x08002e24   0x0000002e   Code   RO         4409    i._printf_pre_padding  mc_w.l(printfa.o)
    0x08002e52   0x08002e52   0x00000002   PAD
    0x08002e54   0x08002e54   0x00000024   Code   RO          146    i.fputc             usart.o
    0x08002e78   0x08002e78   0x00000010   Code   RO           10    i.main              main.o
    0x08002e88   0x08002e88   0x00000060   Code   RO         3898    i.nRF24L01P_IRQHandler  nrf24l01p.o
    0x08002ee8   0x08002ee8   0x00000050   Code   RO         3899    i.nRF24L01P_Init    nrf24l01p.o
    0x08002f38   0x08002f38   0x00000034   Code   RO         3900    i.nRF24L01P_NormalPacket  nrf24l01p.o
    0x08002f6c   0x08002f6c   0x00000014   Code   RO         3901    i.nRF24L01P_ReadBuffer  nrf24l01p.o
    0x08002f80   0x08002f80   0x0000000c   Code   RO         3902    i.nRF24L01P_ReadByte  nrf24l01p.o
    0x08002f8c   0x08002f8c   0x000000d0   Code   RO         3903    i.nRF24L01P_SetMode  nrf24l01p.o
    0x0800305c   0x0800305c   0x00000014   Code   RO         3904    i.nRF24L01P_WriteBuffer  nrf24l01p.o
    0x08003070   0x08003070   0x00000010   Code   RO         3905    i.nRF24L01P_WriteByte  nrf24l01p.o
    0x08003080   0x08003080   0x00000020   Data   RO         4537    Region$$Table       anon$$obj.o


    Execution Region RW_IRAM1 (Exec base: 0x20000000, Load base: 0x080030a0, Size: 0x000008e8, Max: 0x00005000, ABSOLUTE)

    Exec Addr    Load Addr    Size         Type   Attr      Idx    E Section Name        Object

    0x20000000   0x080030a0   0x00000010   Data   RW          172    .data               tim.o
    0x20000010   0x080030b0   0x00000014   Data   RW         2007    .data               stm32f10x_rcc.o
    0x20000024   0x080030c4   0x00000001   Data   RW         3485    .data               led.o
    0x20000025   0x080030c5   0x00000001   PAD
    0x20000026   0x080030c6   0x00000004   Data   RW         3650    .data               key.o
    0x2000002a   0x080030ca   0x0000000a   Data   RW         3906    .data               nrf24l01p.o
    0x20000034   0x080030d4   0x00000016   Data   RW         4085    .data               remote.o
    0x2000004a   0x080030ea   0x00000002   PAD
    0x2000004c   0x080030ec   0x00000004   Data   RW         4502    .data               mc_w.l(stdout.o)
    0x20000050        -       0x00000064   Zero   RW          196    .bss                adc.o
    0x200000b4        -       0x00000400   Zero   RW         3703    .bss                oled.o
    0x200004b4        -       0x00000034   Zero   RW         4084    .bss                remote.o
    0x200004e8        -       0x00000400   Zero   RW            1    STACK               startup_stm32f10x_md.o


==============================================================================

Image component sizes


      Code (inc. data)   RO Data    RW Data    ZI Data      Debug   Object Name

       372         26          0          0        100       1871   adc.o
        84         14          0          0          0       1407   buzzer.o
        24          4          0          0          0        453   gpio.o
       548        102          0          0          0       3720   i2c.o
       388         22          0          4          0       1798   key.o
       132         22          0          1          0       1835   led.o
        16          0          0          0          0     286863   main.o
       132         22          0          0          0       1691   misc.o
       504         26          0         10          0       5991   nrf24l01p.o
        40          0          0          0          0        506   nvic.o
       300          8          0          0       1024       3884   oled.o
      1994        382          0         22         52       5152   remote.o
       174          4          0          0          0       3506   scheduler.o
       508         36          0          0          0       4654   spi.o
        36          8        236          0       1024        820   startup_stm32f10x_md.o
       370         10          0          0          0       7229   stm32f10x_adc.o
        84          0          0          0          0       2933   stm32f10x_dma.o
       448          6          0          0          0       4782   stm32f10x_gpio.o
       430         14          0          0          0       7034   stm32f10x_i2c.o
        26          0          0          0          0       3994   stm32f10x_it.o
       332         44          0         20          0       5869   stm32f10x_rcc.o
       112          0          0          0          0       4122   stm32f10x_spi.o
       264         42          0          0          0       4988   stm32f10x_tim.o
       274          6          0          0          0       4260   stm32f10x_usart.o
       328         28          0          0          0       1977   system_stm32f10x.o
       360         30          0         16          0       1927   tim.o
       172         12          0          0          0       2398   usart.o
        48          4          0          0          0        511   ws2812b.o

    ----------------------------------------------------------------------
      8524        872        268         76       2200     376175   Object Totals
         0          0         32          0          0          0   (incl. Generated)
        24          0          0          3          0          0   (incl. Padding)

    ----------------------------------------------------------------------

      Code (inc. data)   RO Data    RW Data    ZI Data      Debug   Library Member Name

         0          0          0          0          0          0   entry.o
         0          0          0          0          0          0   entry10a.o
         0          0          0          0          0          0   entry11a.o
         8          4          0          0          0          0   entry2.o
         4          0          0          0          0          0   entry5.o
         0          0          0          0          0          0   entry7b.o
         0          0          0          0          0          0   entry8b.o
         8          4          0          0          0          0   entry9a.o
        30          0          0          0          0          0   handlers.o
        36          8          0          0          0         68   init.o
         0          0          0          0          0          0   iusefp.o
        30          0          0          0          0         68   llshl.o
        36          0          0          0          0         68   llsshr.o
        32          0          0          0          0         68   llushr.o
      2258         90          0          0          0        452   printfa.o
         0          0          0          4          0          0   stdout.o
        44          0          0          0          0         80   uidiv.o
        98          0          0          0          0         92   uldiv.o
        48          0          0          0          0         68   cdrcmple.o
       334          0          0          0          0        148   dadd.o
       222          0          0          0          0        100   ddiv.o
       186          0          0          0          0        176   depilogue.o
        48          0          0          0          0         68   dfixul.o
       228          0          0          0          0         96   dmul.o

    ----------------------------------------------------------------------
      3656        106          0          4          0       1552   Library Totals
         6          0          0          0          0          0   (incl. Padding)

    ----------------------------------------------------------------------

      Code (inc. data)   RO Data    RW Data    ZI Data      Debug   Library Name

      2584        106          0          4          0        896   mc_w.l
      1066          0          0          0          0        656   mf_w.l

    ----------------------------------------------------------------------
      3656        106          0          4          0       1552   Library Totals

    ----------------------------------------------------------------------

==============================================================================


      Code (inc. data)   RO Data    RW Data    ZI Data      Debug   

     12180        978        268         80       2200     371067   Grand Totals
     12180        978        268         80       2200     371067   ELF Image Totals
     12180        978        268         80          0          0   ROM Totals

==============================================================================

    Total RO  Size (Code + RO Data)                12448 (  12.16kB)
    Total RW  Size (RW Data + ZI Data)              2280 (   2.23kB)
    Total ROM Size (Code + RO Data + RW Data)      12528 (  12.23kB)

==============================================================================

