Component: ARM Compiler 5.06 update 5 (build 528) Tool: armlink [4d35e2]

==============================================================================

Section Cross References

    startup_stm32f411xe.o(RESET) refers to startup_stm32f411xe.o(STACK) for __initial_sp
    startup_stm32f411xe.o(RESET) refers to startup_stm32f411xe.o(.text) for Reset_Handler
    startup_stm32f411xe.o(RESET) refers to stm32f4xx_it.o(i.NMI_Handler) for NMI_Handler
    startup_stm32f411xe.o(RESET) refers to stm32f4xx_it.o(i.HardFault_Handler) for HardFault_Handler
    startup_stm32f411xe.o(RESET) refers to stm32f4xx_it.o(i.MemManage_Handler) for MemManage_Handler
    startup_stm32f411xe.o(RESET) refers to stm32f4xx_it.o(i.BusFault_Handler) for BusFault_Handler
    startup_stm32f411xe.o(RESET) refers to stm32f4xx_it.o(i.UsageFault_Handler) for UsageFault_Handler
    startup_stm32f411xe.o(RESET) refers to stm32f4xx_it.o(i.SVC_Handler) for SVC_Handler
    startup_stm32f411xe.o(RESET) refers to stm32f4xx_it.o(i.DebugMon_Handler) for DebugMon_Handler
    startup_stm32f411xe.o(RESET) refers to stm32f4xx_it.o(i.PendSV_Handler) for PendSV_Handler
    startup_stm32f411xe.o(RESET) refers to stm32f4xx_it.o(i.SysTick_Handler) for SysTick_Handler
    startup_stm32f411xe.o(RESET) refers to scheduler.o(i.TIM2_IRQHandler) for TIM2_IRQHandler
    startup_stm32f411xe.o(RESET) refers to scheduler.o(i.TIM5_IRQHandler) for TIM5_IRQHandler
    startup_stm32f411xe.o(.text) refers to system_stm32f4xx.o(i.SystemInit) for SystemInit
    startup_stm32f411xe.o(.text) refers to entry.o(.ARM.Collect$$$$00000000) for __main
    main.o(i.main) refers to flight.o(i.Flight_AllInit) for Flight_AllInit
    main.o(i.main) refers to scheduler.o(i.Scheduler_Init) for Scheduler_Init
    main.o(i.main) refers to scheduler.o(i.Scheduler_Loop) for Scheduler_Loop
    nvic.o(i.NVIC_SystemInit) refers to misc.o(i.NVIC_PriorityGroupConfig) for NVIC_PriorityGroupConfig
    nvic.o(i.NVIC_SystemInit) refers to misc.o(i.NVIC_Init) for NVIC_Init
    usart.o(i.USART1_Init) refers to stm32f4xx_rcc.o(i.RCC_AHB1PeriphClockCmd) for RCC_AHB1PeriphClockCmd
    usart.o(i.USART1_Init) refers to stm32f4xx_rcc.o(i.RCC_APB2PeriphClockCmd) for RCC_APB2PeriphClockCmd
    usart.o(i.USART1_Init) refers to stm32f4xx_gpio.o(i.GPIO_PinAFConfig) for GPIO_PinAFConfig
    usart.o(i.USART1_Init) refers to stm32f4xx_gpio.o(i.GPIO_Init) for GPIO_Init
    usart.o(i.USART1_Init) refers to stm32f4xx_usart.o(i.USART_Init) for USART_Init
    usart.o(i.USART1_Init) refers to stm32f4xx_usart.o(i.USART_ITConfig) for USART_ITConfig
    usart.o(i.USART1_Init) refers to stm32f4xx_usart.o(i.USART_Cmd) for USART_Cmd
    usart.o(i.USART1_SendArray) refers to usart.o(i.USART1_SendByte) for USART1_SendByte
    usart.o(i.USART1_SendByte) refers to stm32f4xx_usart.o(i.USART_SendData) for USART_SendData
    usart.o(i.USART1_SendByte) refers to stm32f4xx_usart.o(i.USART_GetFlagStatus) for USART_GetFlagStatus
    usart.o(i.USART2_Init) refers to stm32f4xx_rcc.o(i.RCC_AHB1PeriphClockCmd) for RCC_AHB1PeriphClockCmd
    usart.o(i.USART2_Init) refers to stm32f4xx_rcc.o(i.RCC_APB1PeriphClockCmd) for RCC_APB1PeriphClockCmd
    usart.o(i.USART2_Init) refers to stm32f4xx_gpio.o(i.GPIO_PinAFConfig) for GPIO_PinAFConfig
    usart.o(i.USART2_Init) refers to stm32f4xx_gpio.o(i.GPIO_Init) for GPIO_Init
    usart.o(i.USART2_Init) refers to stm32f4xx_usart.o(i.USART_Init) for USART_Init
    usart.o(i.USART2_Init) refers to stm32f4xx_usart.o(i.USART_ITConfig) for USART_ITConfig
    usart.o(i.USART2_Init) refers to stm32f4xx_usart.o(i.USART_Cmd) for USART_Cmd
    usart.o(i.USART2_SendArray) refers to usart.o(i.USART2_SendByte) for USART2_SendByte
    usart.o(i.USART2_SendByte) refers to stm32f4xx_usart.o(i.USART_SendData) for USART_SendData
    usart.o(i.USART2_SendByte) refers to stm32f4xx_usart.o(i.USART_GetFlagStatus) for USART_GetFlagStatus
    usart.o(i.fputc) refers to stm32f4xx_usart.o(i.USART_SendData) for USART_SendData
    usart.o(i.fputc) refers to stm32f4xx_usart.o(i.USART_GetFlagStatus) for USART_GetFlagStatus
    tim.o(i.TIM2_TimerInit) refers to stm32f4xx_rcc.o(i.RCC_APB1PeriphClockCmd) for RCC_APB1PeriphClockCmd
    tim.o(i.TIM2_TimerInit) refers to stm32f4xx_tim.o(i.TIM_TimeBaseInit) for TIM_TimeBaseInit
    tim.o(i.TIM2_TimerInit) refers to stm32f4xx_tim.o(i.TIM_ClearFlag) for TIM_ClearFlag
    tim.o(i.TIM2_TimerInit) refers to stm32f4xx_tim.o(i.TIM_ITConfig) for TIM_ITConfig
    tim.o(i.TIM2_TimerInit) refers to stm32f4xx_tim.o(i.TIM_Cmd) for TIM_Cmd
    tim.o(i.TIM3_OCInit) refers to stm32f4xx_rcc.o(i.RCC_APB1PeriphClockCmd) for RCC_APB1PeriphClockCmd
    tim.o(i.TIM3_OCInit) refers to stm32f4xx_tim.o(i.TIM_TimeBaseInit) for TIM_TimeBaseInit
    tim.o(i.TIM3_OCInit) refers to stm32f4xx_tim.o(i.TIM_OCStructInit) for TIM_OCStructInit
    tim.o(i.TIM3_OCInit) refers to stm32f4xx_tim.o(i.TIM_OC3Init) for TIM_OC3Init
    tim.o(i.TIM3_OCInit) refers to stm32f4xx_tim.o(i.TIM_OC4Init) for TIM_OC4Init
[...]
    i.PMW3901MB_Check                        0x08002960   Section        0  pmw3901mb.o(i.PMW3901MB_Check)
    i.PMW3901MB_GetRawData                   0x080029a8   Section        0  pmw3901mb.o(i.PMW3901MB_GetRawData)
    i.PMW3901MB_Init                         0x080029fc   Section        0  pmw3901mb.o(i.PMW3901MB_Init)
    i.PMW3901MB_ReadBuffer                   0x08002d84   Section        0  pmw3901mb.o(i.PMW3901MB_ReadBuffer)
    PMW3901MB_ReadBuffer                     0x08002d85   Thumb Code     4  pmw3901mb.o(i.PMW3901MB_ReadBuffer)
    i.PMW3901MB_ReadByte                     0x08002d88   Section        0  pmw3901mb.o(i.PMW3901MB_ReadByte)
    PMW3901MB_ReadByte                       0x08002d89   Thumb Code     4  pmw3901mb.o(i.PMW3901MB_ReadByte)
    i.PMW3901MB_WriteByte                    0x08002d8c   Section        0  pmw3901mb.o(i.PMW3901MB_WriteByte)
    PMW3901MB_WriteByte                      0x08002d8d   Thumb Code     4  pmw3901mb.o(i.PMW3901MB_WriteByte)
    i.PendSV_Handler                         0x08002d90   Section        0  stm32f4xx_it.o(i.PendSV_Handler)
    i.RCC_AHB1PeriphClockCmd                 0x08002d94   Section        0  stm32f4xx_rcc.o(i.RCC_AHB1PeriphClockCmd)
    i.RCC_APB1PeriphClockCmd                 0x08002db0   Section        0  stm32f4xx_rcc.o(i.RCC_APB1PeriphClockCmd)
    i.RCC_APB2PeriphClockCmd                 0x08002dcc   Section        0  stm32f4xx_rcc.o(i.RCC_APB2PeriphClockCmd)
    i.RCC_GetClocksFreq                      0x08002de8   Section        0  stm32f4xx_rcc.o(i.RCC_GetClocksFreq)
    i.SPI1_Init                              0x08002e88   Section        0  spi.o(i.SPI1_Init)
    i.SPI1_ReadBuffer                        0x08002f5c   Section        0  spi.o(i.SPI1_ReadBuffer)
    i.SPI1_ReadByte                          0x08002f98   Section        0  spi.o(i.SPI1_ReadByte)
    i.SPI1_SwapByte                          0x08002fb4   Section        0  spi.o(i.SPI1_SwapByte)
    i.SPI1_WriteByte                         0x08002fe8   Section        0  spi.o(i.SPI1_WriteByte)
    i.SPI2_Init                              0x08003010   Section        0  spi.o(i.SPI2_Init)
    i.SPI2_ReadBuffer                        0x080030f4   Section        0  spi.o(i.SPI2_ReadBuffer)
    i.SPI2_ReadByte                          0x08003130   Section        0  spi.o(i.SPI2_ReadByte)
    i.SPI2_SwapByte                          0x08003150   Section        0  spi.o(i.SPI2_SwapByte)
    i.SPI2_WriteBuffer                       0x08003184   Section        0  spi.o(i.SPI2_WriteBuffer)
    i.SPI2_WriteByte                         0x080031c0   Section        0  spi.o(i.SPI2_WriteByte)
    i.SPI_Cmd                                0x080031ec   Section        0  stm32f4xx_spi.o(i.SPI_Cmd)
    i.SPI_I2S_GetFlagStatus                  0x08003204   Section        0  stm32f4xx_spi.o(i.SPI_I2S_GetFlagStatus)
    i.SPI_I2S_ReceiveData                    0x08003212   Section        0  stm32f4xx_spi.o(i.SPI_I2S_ReceiveData)
    i.SPI_I2S_SendData                       0x08003216   Section        0  stm32f4xx_spi.o(i.SPI_I2S_SendData)
    i.SPI_Init                               0x0800321a   Section        0  stm32f4xx_spi.o(i.SPI_Init)
    i.SVC_Handler                            0x08003252   Section        0  stm32f4xx_it.o(i.SVC_Handler)
    i.Scheduler_Init                         0x08003254   Section        0  scheduler.o(i.Scheduler_Init)
    i.Scheduler_Loop                         0x0800325c   Section        0  scheduler.o(i.Scheduler_Loop)
    i.Scheduler_Loop100Hz                    0x080032bc   Section        0  scheduler.o(i.Scheduler_Loop100Hz)
    Scheduler_Loop100Hz                      0x080032bd   Thumb Code    22  scheduler.o(i.Scheduler_Loop100Hz)
    i.Scheduler_Loop10Hz                     0x080032d8   Section        0  scheduler.o(i.Scheduler_Loop10Hz)
    Scheduler_Loop10Hz                       0x080032d9   Thumb Code    14  scheduler.o(i.Scheduler_Loop10Hz)
    i.Scheduler_Loop200Hz                    0x080032e6   Section        0  scheduler.o(i.Scheduler_Loop200Hz)
    Scheduler_Loop200Hz                      0x080032e7   Thumb Code    18  scheduler.o(i.Scheduler_Loop200Hz)
    i.Scheduler_Loop20Hz                     0x080032f8   Section        0  scheduler.o(i.Scheduler_Loop20Hz)
    Scheduler_Loop20Hz                       0x080032f9   Thumb Code     4  scheduler.o(i.Scheduler_Loop20Hz)
    i.Scheduler_Loop2Hz                      0x080032fc   Section        0  scheduler.o(i.Scheduler_Loop2Hz)
    Scheduler_Loop2Hz                        0x080032fd   Thumb Code     2  scheduler.o(i.Scheduler_Loop2Hz)
    i.Scheduler_Loop500Hz                    0x080032fe   Section        0  scheduler.o(i.Scheduler_Loop500Hz)
    Scheduler_Loop500Hz                      0x080032ff   Thumb Code    18  scheduler.o(i.Scheduler_Loop500Hz)
    i.Scheduler_Loop50Hz                     0x08003310   Section        0  scheduler.o(i.Scheduler_Loop50Hz)
    Scheduler_Loop50Hz                       0x08003311   Thumb Code     4  scheduler.o(i.Scheduler_Loop50Hz)
    i.SetSysClock                            0x08003314   Section        0  system_stm32f4xx.o(i.SetSysClock)
    SetSysClock                              0x08003315   Thumb Code    98  system_stm32f4xx.o(i.SetSysClock)
    i.Si24R1_AckPayloadPacket                0x08003388   Section        0  si24r1.o(i.Si24R1_AckPayloadPacket)
    i.Si24R1_IRQHandler                      0x080033ac   Section        0  si24r1.o(i.Si24R1_IRQHandler)
    i.Si24R1_Init                            0x08003408   Section        0  si24r1.o(i.Si24R1_Init)
    i.Si24R1_ReadBuffer                      0x08003474   Section        0  si24r1.o(i.Si24R1_ReadBuffer)
    i.Si24R1_ReadByte                        0x08003478   Section        0  si24r1.o(i.Si24R1_ReadByte)
    i.Si24R1_SetMode                         0x0800347c   Section        0  si24r1.o(i.Si24R1_SetMode)
    i.Si24R1_WriteBuffer                     0x08003544   Section        0  si24r1.o(i.Si24R1_WriteBuffer)
    i.Si24R1_WriteByte                       0x08003548   Section        0  si24r1.o(i.Si24R1_WriteByte)
    i.SysTick_Handler                        0x0800354c   Section        0  stm32f4xx_it.o(i.SysTick_Handler)
    i.SystemInit                             0x08003550   Section        0  system_stm32f4xx.o(i.SystemInit)
    i.TIM2_IRQHandler                        0x080035ac   Section        0  scheduler.o(i.TIM2_IRQHandler)
    i.TIM2_TimerInit                         0x08003660   Section        0  tim.o(i.TIM2_TimerInit)
    i.TIM3_OCInit                            0x080036ac   Section        0  tim.o(i.TIM3_OCInit)
    i.TIM4_OCInit                            0x08003734   Section        0  tim.o(i.TIM4_OCInit)
    i.TIM5_IRQHandler                        0x080037bc   Section        0  scheduler.o(i.TIM5_IRQHandler)
    i.TIM_ARRPreloadConfig                   0x080037d4   Section        0  stm32f4xx_tim.o(i.TIM_ARRPreloadConfig)
    i.TIM_ClearFlag                          0x080037ec   Section        0  stm32f4xx_tim.o(i.TIM_ClearFlag)
    i.TIM_ClearITPendingBit                  0x080037f2   Section        0  stm32f4xx_tim.o(i.TIM_ClearITPendingBit)
    i.TIM_Cmd                                0x080037f8   Section        0  stm32f4xx_tim.o(i.TIM_Cmd)
    i.TIM_GetITStatus                        0x08003810   Section        0  stm32f4xx_tim.o(i.TIM_GetITStatus)
    i.TIM_ITConfig                           0x08003828   Section        0  stm32f4xx_tim.o(i.TIM_ITConfig)
    i.TIM_OC1Init                            0x0800383c   Section        0  stm32f4xx_tim.o(i.TIM_OC1Init)
    i.TIM_OC1PreloadConfig                   0x080038a4   Section        0  stm32f4xx_tim.o(i.TIM_OC1PreloadConfig)
    i.TIM_OC2Init                            0x080038b0   Section        0  stm32f4xx_tim.o(i.TIM_OC2Init)
    i.TIM_OC2PreloadConfig                   0x08003938   Section        0  stm32f4xx_tim.o(i.TIM_OC2PreloadConfig)
    i.TIM_OC3Init                            0x0800394c   Section        0  stm32f4xx_tim.o(i.TIM_OC3Init)
    i.TIM_OC3PreloadConfig                   0x080039d0   Section        0  stm32f4xx_tim.o(i.TIM_OC3PreloadConfig)
    i.TIM_OC4Init                            0x080039dc   Section        0  stm32f4xx_tim.o(i.TIM_OC4Init)
    i.TIM_OC4PreloadConfig                   0x08003a40   Section        0  stm32f4xx_tim.o(i.TIM_OC4PreloadConfig)
    i.TIM_OCStructInit                       0x08003a54   Section        0  stm32f4xx_tim.o(i.TIM_OCStructInit)
    i.TIM_TimeBaseInit                       0x08003a68   Section        0  stm32f4xx_tim.o(i.TIM_TimeBaseInit)
    i.USART1_Init                            0x08003ae4   Section        0  usart.o(i.USART1_Init)
    i.USART2_Init                            0x08003b94   Section        0  usart.o(i.USART2_Init)
    i.USART2_SendArray                       0x08003c44   Section        0  usart.o(i.USART2_SendArray)
    i.USART2_SendByte                        0x08003c60   Section        0  usart.o(i.USART2_SendByte)
    i.USART_Cmd                              0x08003c80   Section        0  stm32f4xx_usart.o(i.USART_Cmd)
    i.USART_GetFlagStatus                    0x08003c98   Section        0  stm32f4xx_usart.o(i.USART_GetFlagStatus)
    i.USART_ITConfig                         0x08003ca6   Section        0  stm32f4xx_usart.o(i.USART_ITConfig)
    i.USART_Init                             0x08003cdc   Section        0  stm32f4xx_usart.o(i.USART_Init)
    i.USART_SendData                         0x08003d98   Section        0  stm32f4xx_usart.o(i.USART_SendData)
    i.UsageFault_Handler                     0x08003da0   Section        0  stm32f4xx_it.o(i.UsageFault_Handler)
    i.WS2812B_AllGreen                       0x08003da2   Section        0  ws2812b.o(i.WS2812B_AllGreen)
    i.WS2812B_AllWhite                       0x08003dba   Section        0  ws2812b.o(i.WS2812B_AllWhite)
    i.WS2812B_FlyIndicator                   0x08003dd4   Section        0  ws2812b.o(i.WS2812B_FlyIndicator)
    i.WS2812B_Init                           0x08003e20   Section        0  ws2812b.o(i.WS2812B_Init)
    i.WS2812B_Reset                          0x08003e60   Section        0  ws2812b.o(i.WS2812B_Reset)
    i.WS2812B_Run                            0x08003e68   Section        0  ws2812b.o(i.WS2812B_Run)
    i.WS2812B_SetColour                      0x08003ed4   Section        0  ws2812b.o(i.WS2812B_SetColour)
    i.WS2812B_Write0                         0x08003ef0   Section        0  ws2812b.o(i.WS2812B_Write0)
    WS2812B_Write0                           0x08003ef1   Thumb Code    48  ws2812b.o(i.WS2812B_Write0)
    i.WS2812B_Write1                         0x08003f24   Section        0  ws2812b.o(i.WS2812B_Write1)
    WS2812B_Write1                           0x08003f25   Thumb Code    48  ws2812b.o(i.WS2812B_Write1)
    i.WS2812B_WriteByte                      0x08003f58   Section        0  ws2812b.o(i.WS2812B_WriteByte)
    WS2812B_WriteByte                        0x08003f59   Thumb Code    34  ws2812b.o(i.WS2812B_WriteByte)
    i.__0printf                              0x08003f7c   Section        0  printfa.o(i.__0printf)
    i.__0vprintf                             0x08003f9c   Section        0  printfa.o(i.__0vprintf)
    i.__ARM_fpclassify                       0x08003fac   Section        0  fpclassify.o(i.__ARM_fpclassify)
    i.__hardfp_asin                          0x08003fe0   Section        0  asin.o(i.__hardfp_asin)
    i.__hardfp_atan                          0x08004340   Section        0  atan.o(i.__hardfp_atan)
    i.__hardfp_atan2                         0x08004618   Section        0  atan2.o(i.__hardfp_atan2)
    i.__hardfp_tan                           0x08004808   Section        0  tan.o(i.__hardfp_tan)
    i.__ieee754_rem_pio2                     0x08004888   Section        0  rred.o(i.__ieee754_rem_pio2)
    i.__kernel_poly                          0x08004cc0   Section        0  poly.o(i.__kernel_poly)
    i.__kernel_tan                           0x08004db8   Section        0  tan_i.o(i.__kernel_tan)
    i.__mathlib_dbl_infnan                   0x08005108   Section        0  dunder.o(i.__mathlib_dbl_infnan)
    i.__mathlib_dbl_infnan2                  0x0800511c   Section        0  dunder.o(i.__mathlib_dbl_infnan2)
    i.__mathlib_dbl_invalid                  0x08005130   Section        0  dunder.o(i.__mathlib_dbl_invalid)
    i.__mathlib_dbl_underflow                0x08005150   Section        0  dunder.o(i.__mathlib_dbl_underflow)
    i.__scatterload_copy                     0x08005170   Section       14  handlers.o(i.__scatterload_copy)
    i.__scatterload_null                     0x0800517e   Section        2  handlers.o(i.__scatterload_null)
    i.__scatterload_zeroinit                 0x08005180   Section       14  handlers.o(i.__scatterload_zeroinit)
    i.__set_errno                            0x08005190   Section        0  errno.o(i.__set_errno)
    i._fp_digits                             0x0800519c   Section        0  printfa.o(i._fp_digits)
    _fp_digits                               0x0800519d   Thumb Code   366  printfa.o(i._fp_digits)
    i._printf_core                           0x08005320   Section        0  printfa.o(i._printf_core)
    _printf_core                             0x08005321   Thumb Code  1744  printfa.o(i._printf_core)
    i._printf_post_padding                   0x080059fc   Section        0  printfa.o(i._printf_post_padding)
    _printf_post_padding                     0x080059fd   Thumb Code    36  printfa.o(i._printf_post_padding)
    i._printf_pre_padding                    0x08005a20   Section        0  printfa.o(i._printf_pre_padding)
    _printf_pre_padding                      0x08005a21   Thumb Code    46  printfa.o(i._printf_pre_padding)
    i.atan                                   0x08005a4e   Section        0  atan.o(i.atan)
    i.fabs                                   0x08005a5e   Section        0  fabs.o(i.fabs)
    i.fputc                                  0x08005a78   Section        0  usart.o(i.fputc)
    i.invSqrt                                0x08005a9c   Section        0  attitude.o(i.invSqrt)
    i.log_print                              0x08005ac8   Section        0  stm32f411ceu6.o(i.log_print)
    i.main                                   0x08005af8   Section        0  main.o(i.main)
    i.sqrt                                   0x08005b06   Section        0  sqrt.o(i.sqrt)
    .constdata                               0x08005b78   Section       80  asin.o(.constdata)
    pS                                       0x08005b78   Data          48  asin.o(.constdata)
    qS                                       0x08005ba8   Data          32  asin.o(.constdata)
    .constdata                               0x08005bc8   Section      152  atan.o(.constdata)
    atanhi                                   0x08005bc8   Data          32  atan.o(.constdata)
    atanlo                                   0x08005be8   Data          32  atan.o(.constdata)
    aTodd                                    0x08005c08   Data          40  atan.o(.constdata)
    aTeven                                   0x08005c30   Data          48  atan.o(.constdata)
    .constdata                               0x08005c60   Section        8  qnan.o(.constdata)
    .constdata                               0x08005c68   Section      200  rred.o(.constdata)
    pio2s                                    0x08005c68   Data          48  rred.o(.constdata)
    twooverpi                                0x08005c98   Data         152  rred.o(.constdata)
    .constdata                               0x08005d30   Section       96  tan_i.o(.constdata)
    Todd                                     0x08005d30   Data          48  tan_i.o(.constdata)
    Teven                                    0x08005d60   Data          48  tan_i.o(.constdata)
    .data                                    0x20000000   Section        7  tim.o(.data)
    .data                                    0x20000007   Section       16  stm32f4xx_rcc.o(.data)
    APBAHBPrescTable                         0x20000007   Data          16  stm32f4xx_rcc.o(.data)
    .data                                    0x20000017   Section        1  led.o(.data)
    flag                                     0x20000017   Data           1  led.o(.data)
    .data                                    0x20000018   Section      460  ws2812b.o(.data)
    m                                        0x20000018   Data           1  ws2812b.o(.data)
    n                                        0x20000019   Data           1  ws2812b.o(.data)
    times                                    0x2000001a   Data           1  ws2812b.o(.data)
    red                                      0x2000001b   Data           1  ws2812b.o(.data)
    green                                    0x2000001c   Data           1  ws2812b.o(.data)
    blue                                     0x2000001d   Data           1  ws2812b.o(.data)
    FlashFlag                                0x2000001e   Data           1  ws2812b.o(.data)
    FlashFlag                                0x2000001f   Data           1  ws2812b.o(.data)
    cnt                                      0x20000020   Data           1  ws2812b.o(.data)
    Run_buf                                  0x20000024   Data         448  ws2812b.o(.data)
    .data                                    0x200001e4   Section       10  si24r1.o(.data)
    .data                                    0x200001ee   Section        6  filter.o(.data)
    cnt                                      0x200001ee   Data           1  filter.o(.data)
    flag                                     0x200001ef   Data           1  filter.o(.data)
    cnt                                      0x200001f0   Data           1  filter.o(.data)
    flag                                     0x200001f1   Data           1  filter.o(.data)
    cnt                                      0x200001f2   Data           1  filter.o(.data)
    flag                                     0x200001f3   Data           1  filter.o(.data)
    .data                                    0x200001f4   Section       28  attitude.o(.data)
    q0                                       0x200001f4   Data           4  attitude.o(.data)
    q1                                       0x200001f8   Data           4  attitude.o(.data)
    q2                                       0x200001fc   Data           4  attitude.o(.data)
    q3                                       0x20000200   Data           4  attitude.o(.data)
    exInt                                    0x20000204   Data           4  attitude.o(.data)
    eyInt                                    0x20000208   Data           4  attitude.o(.data)
    ezInt                                    0x2000020c   Data           4  attitude.o(.data)
    .data                                    0x20000210   Section        8  scheduler.o(.data)
    cnt_2                                    0x20000210   Data           1  scheduler.o(.data)
    cnt_5                                    0x20000211   Data           1  scheduler.o(.data)
    cnt_10                                   0x20000212   Data           1  scheduler.o(.data)
    cnt_20                                   0x20000213   Data           1  scheduler.o(.data)
    cnt_50                                   0x20000214   Data           1  scheduler.o(.data)
    cnt_100                                  0x20000215   Data           1  scheduler.o(.data)
    cnt_500                                  0x20000216   Data           2  scheduler.o(.data)
    .data                                    0x20000218   Section      152  flight.o(.data)
    TimeCount                                0x20000218   Data           1  flight.o(.data)
    UnlockStatus                             0x20000219   Data           1  flight.o(.data)
    cnt1                                     0x2000021a   Data           1  flight.o(.data)
    cnt2                                     0x2000021b   Data           1  flight.o(.data)
    cnt                                      0x2000021c   Data           1  flight.o(.data)
    PacketLength                             0x2000021d   Data           1  flight.o(.data)
    Status                                   0x2000021e   Data           1  flight.o(.data)
    TimeCount                                0x2000021f   Data           1  flight.o(.data)
    Integral_Flag                            0x20000220   Data           1  flight.o(.data)
    ErrorCount                               0x20000222   Data           2  flight.o(.data)
    TimeCount                                0x20000224   Data           2  flight.o(.data)
    Throttle                                 0x20000226   Data           2  flight.o(.data)
    g_FlightFlag                             0x20000228   Data           4  flight.o(.data)
    ANOSendFlag                              0x2000022c   Data           7  flight.o(.data)
    g_MOTOR                                  0x20000234   Data           8  flight.o(.data)
    g_PMW3901MB_Raw                          0x2000023c   Data           8  flight.o(.data)
    EKF_Filter                               0x20000244   Data          72  flight.o(.data)
    LPF_Filter                               0x2000028c   Data          36  flight.o(.data)
    .data                                    0x200002b0   Section        4  stdout.o(.data)
    .data                                    0x200002b4   Section        4  errno.o(.data)
    _errno                                   0x200002b4   Data           4  errno.o(.data)
    .bss                                     0x200002b8   Section       24  bmp280.o(.bss)
    g_BMP280                                 0x200002b8   Data          24  bmp280.o(.bss)
    .bss                                     0x200002d0   Section      240  filter.o(.bss)
    buf                                      0x200002d0   Data          80  filter.o(.bss)
    buf                                      0x20000320   Data          80  filter.o(.bss)
    buf                                      0x20000370   Data          80  filter.o(.bss)
    .bss                                     0x200003c0   Section       50  anoassistant.o(.bss)
    .bss                                     0x200003f4   Section      444  flight.o(.bss)
    ICM20948_Bias                            0x200003f4   Data          12  flight.o(.bss)
    g_Battery                                0x20000400   Data          20  flight.o(.bss)
    g_RemoteData                             0x20000414   Data          10  flight.o(.bss)
    g_ICM20948_Raw                           0x2000041e   Data          12  flight.o(.bss)
    g_ICM20948_Filter                        0x2000042a   Data          12  flight.o(.bss)
    g_OpticalFlow                            0x20000438   Data          76  flight.o(.bss)
    g_ATT_Angle                              0x20000484   Data          12  flight.o(.bss)
    g_PID_AngleX                             0x20000490   Data          48  flight.o(.bss)
    g_PID_AngleY                             0x200004c0   Data          48  flight.o(.bss)
    g_PID_AngleZ                             0x200004f0   Data          48  flight.o(.bss)
    g_PID_RateX                              0x20000520   Data          48  flight.o(.bss)
    g_PID_RateY                              0x20000550   Data          48  flight.o(.bss)
    g_PID_RateZ                              0x20000580   Data          48  flight.o(.bss)
    STACK                                    0x200005b0   Section     1024  startup_stm32f411xe.o(STACK)

    Global Symbols

    Symbol Name                              Value     Ov Type        Size  Object(Section)

    BuildAttributes$$THM_ISAv4$E$P$D$K$B$S$7EM$VFPi3$EXTD16$VFPS$VFMA$PE$A:L22UL41UL21$X:L11$S22US41US21$IEEE1$IW$USESV6$~STKCKD$USESV7$~SHL$OTIME$ROPI$IEEEX$EBA8$MICROLIB$REQ8$PRES8$EABIv2 0x00000000   Number         0  anon$$obj.o ABSOLUTE
    __ARM_use_no_argv                        0x00000000   Number         0  main.o ABSOLUTE
    _printf_a                                0x00000000   Number         0  stubs.o ABSOLUTE
    _printf_c                                0x00000000   Number         0  stubs.o ABSOLUTE
    _printf_charcount                        0x00000000   Number         0  stubs.o ABSOLUTE
    _printf_d                                0x00000000   Number         0  stubs.o ABSOLUTE
    _printf_e                                0x00000000   Number         0  stubs.o ABSOLUTE
    _printf_f                                0x00000000   Number         0  stubs.o ABSOLUTE
    _printf_flags                            0x00000000   Number         0  stubs.o ABSOLUTE
    _printf_fp_dec                           0x00000000   Number         0  stubs.o ABSOLUTE
    _printf_fp_hex                           0x00000000   Number         0  stubs.o ABSOLUTE
    _printf_g                                0x00000000   Number         0  stubs.o ABSOLUTE
    _printf_i                                0x00000000   Number         0  stubs.o ABSOLUTE
    _printf_int_dec                          0x00000000   Number         0  stubs.o ABSOLUTE
    _printf_l                                0x00000000   Number         0  stubs.o ABSOLUTE
    _printf_lc                               0x00000000   Number         0  stubs.o ABSOLUTE
    _printf_ll                               0x00000000   Number         0  stubs.o ABSOLUTE
    _printf_lld                              0x00000000   Number         0  stubs.o ABSOLUTE
    _printf_lli                              0x00000000   Number         0  stubs.o ABSOLUTE
    _printf_llo                              0x00000000   Number         0  stubs.o ABSOLUTE
    _printf_llu                              0x00000000   Number         0  stubs.o ABSOLUTE
    _printf_llx                              0x00000000   Number         0  stubs.o ABSOLUTE
    _printf_longlong_dec                     0x00000000   Number         0  stubs.o ABSOLUTE
    _printf_longlong_hex                     0x00000000   Number         0  stubs.o ABSOLUTE
    _printf_longlong_oct                     0x00000000   Number         0  stubs.o ABSOLUTE
    _printf_ls                               0x00000000   Number         0  stubs.o ABSOLUTE
    _printf_mbtowc                           0x00000000   Number         0  stubs.o ABSOLUTE
    _printf_n                                0x00000000   Number         0  stubs.o ABSOLUTE
    _printf_o                                0x00000000   Number         0  stubs.o ABSOLUTE
    _printf_p                                0x00000000   Number         0  stubs.o ABSOLUTE
    _printf_percent                          0x00000000   Number         0  stubs.o ABSOLUTE
    _printf_pre_padding                      0x00000000   Number         0  stubs.o ABSOLUTE
    _printf_return_value                     0x00000000   Number         0  stubs.o ABSOLUTE
    _printf_s                                0x00000000   Number         0  stubs.o ABSOLUTE
    _printf_sizespec                         0x00000000   Number         0  stubs.o ABSOLUTE
    _printf_str                              0x00000000   Number         0  stubs.o ABSOLUTE
    _printf_truncate_signed                  0x00000000   Number         0  stubs.o ABSOLUTE
    _printf_truncate_unsigned                0x00000000   Number         0  stubs.o ABSOLUTE
    _printf_u                                0x00000000   Number         0  stubs.o ABSOLUTE
    _printf_wc                               0x00000000   Number         0  stubs.o ABSOLUTE
    _printf_wctomb                           0x00000000   Number         0  stubs.o ABSOLUTE
    _printf_widthprec                        0x00000000   Number         0  stubs.o ABSOLUTE
    _printf_x                                0x00000000   Number         0  stubs.o ABSOLUTE
    __cpp_initialize__aeabi_                  - Undefined Weak Reference
    __cxa_finalize                            - Undefined Weak Reference
    _clock_init                               - Undefined Weak Reference
    _microlib_exit                            - Undefined Weak Reference
    __Vectors_Size                           0x00000198   Number         0  startup_stm32f411xe.o ABSOLUTE
    __Vectors                                0x08000000   Data           4  startup_stm32f411xe.o(RESET)
    __Vectors_End                            0x08000198   Data           0  startup_stm32f411xe.o(RESET)
    __main                                   0x08000199   Thumb Code     0  entry.o(.ARM.Collect$$$$00000000)
    _main_stk                                0x08000199   Thumb Code     0  entry2.o(.ARM.Collect$$$$00000001)
    _main_scatterload                        0x0800019d   Thumb Code     0  entry5.o(.ARM.Collect$$$$00000004)
    __main_after_scatterload                 0x080001a1   Thumb Code     0  entry5.o(.ARM.Collect$$$$00000004)
    _main_clock                              0x080001a1   Thumb Code     0  entry7b.o(.ARM.Collect$$$$00000008)
    _main_cpp_init                           0x080001a1   Thumb Code     0  entry8b.o(.ARM.Collect$$$$0000000A)
    _main_init                               0x080001a1   Thumb Code     0  entry9a.o(.ARM.Collect$$$$0000000B)
    __rt_final_cpp                           0x080001a9   Thumb Code     0  entry10a.o(.ARM.Collect$$$$0000000D)
    __rt_final_exit                          0x080001a9   Thumb Code     0  entry11a.o(.ARM.Collect$$$$0000000F)
    Reset_Handler                            0x080001ad   Thumb Code     8  startup_stm32f411xe.o(.text)
    ADC_IRQHandler                           0x080001c7   Thumb Code     0  startup_stm32f411xe.o(.text)
    DMA1_Stream0_IRQHandler                  0x080001c7   Thumb Code     0  startup_stm32f411xe.o(.text)
    DMA1_Stream1_IRQHandler                  0x080001c7   Thumb Code     0  startup_stm32f411xe.o(.text)
    DMA1_Stream2_IRQHandler                  0x080001c7   Thumb Code     0  startup_stm32f411xe.o(.text)
    DMA1_Stream3_IRQHandler                  0x080001c7   Thumb Code     0  startup_stm32f411xe.o(.text)
    DMA1_Stream4_IRQHandler                  0x080001c7   Thumb Code     0  startup_stm32f411xe.o(.text)
    DMA1_Stream5_IRQHandler                  0x080001c7   Thumb Code     0  startup_stm32f411xe.o(.text)
    DMA1_Stream6_IRQHandler                  0x080001c7   Thumb Code     0  startup_stm32f411xe.o(.text)
    DMA1_Stream7_IRQHandler                  0x080001c7   Thumb Code     0  startup_stm32f411xe.o(.text)
    DMA2_Stream0_IRQHandler                  0x080001c7   Thumb Code     0  startup_stm32f411xe.o(.text)
    DMA2_Stream1_IRQHandler                  0x080001c7   Thumb Code     0  startup_stm32f411xe.o(.text)
    DMA2_Stream2_IRQHandler                  0x080001c7   Thumb Code     0  startup_stm32f411xe.o(.text)
    DMA2_Stream3_IRQHandler                  0x080001c7   Thumb Code     0  startup_stm32f411xe.o(.text)
    DMA2_Stream4_IRQHandler                  0x080001c7   Thumb Code     0  startup_stm32f411xe.o(.text)
    DMA2_Stream5_IRQHandler                  0x080001c7   Thumb Code     0  startup_stm32f411xe.o(.text)
    DMA2_Stream6_IRQHandler                  0x080001c7   Thumb Code     0  startup_stm32f411xe.o(.text)
    DMA2_Stream7_IRQHandler                  0x080001c7   Thumb Code     0  startup_stm32f411xe.o(.text)
    EXTI0_IRQHandler                         0x080001c7   Thumb Code     0  startup_stm32f411xe.o(.text)
    EXTI15_10_IRQHandler                     0x080001c7   Thumb Code     0  startup_stm32f411xe.o(.text)
    EXTI1_IRQHandler                         0x080001c7   Thumb Code     0  startup_stm32f411xe.o(.text)
    EXTI2_IRQHandler                         0x080001c7   Thumb Code     0  startup_stm32f411xe.o(.text)
    EXTI3_IRQHandler                         0x080001c7   Thumb Code     0  startup_stm32f411xe.o(.text)
    EXTI4_IRQHandler                         0x080001c7   Thumb Code     0  startup_stm32f411xe.o(.text)
    EXTI9_5_IRQHandler                       0x080001c7   Thumb Code     0  startup_stm32f411xe.o(.text)
    FLASH_IRQHandler                         0x080001c7   Thumb Code     0  startup_stm32f411xe.o(.text)
    FPU_IRQHandler                           0x080001c7   Thumb Code     0  startup_stm32f411xe.o(.text)
    I2C1_ER_IRQHandler                       0x080001c7   Thumb Code     0  startup_stm32f411xe.o(.text)
    I2C1_EV_IRQHandler                       0x080001c7   Thumb Code     0  startup_stm32f411xe.o(.text)
    I2C2_ER_IRQHandler                       0x080001c7   Thumb Code     0  startup_stm32f411xe.o(.text)
    I2C2_EV_IRQHandler                       0x080001c7   Thumb Code     0  startup_stm32f411xe.o(.text)
    I2C3_ER_IRQHandler                       0x080001c7   Thumb Code     0  startup_stm32f411xe.o(.text)
    I2C3_EV_IRQHandler                       0x080001c7   Thumb Code     0  startup_stm32f411xe.o(.text)
    OTG_FS_IRQHandler                        0x080001c7   Thumb Code     0  startup_stm32f411xe.o(.text)
    OTG_FS_WKUP_IRQHandler                   0x080001c7   Thumb Code     0  startup_stm32f411xe.o(.text)
    PVD_IRQHandler                           0x080001c7   Thumb Code     0  startup_stm32f411xe.o(.text)
    RCC_IRQHandler                           0x080001c7   Thumb Code     0  startup_stm32f411xe.o(.text)
    RTC_Alarm_IRQHandler                     0x080001c7   Thumb Code     0  startup_stm32f411xe.o(.text)
    RTC_WKUP_IRQHandler                      0x080001c7   Thumb Code     0  startup_stm32f411xe.o(.text)
    SDIO_IRQHandler                          0x080001c7   Thumb Code     0  startup_stm32f411xe.o(.text)
    SPI1_IRQHandler                          0x080001c7   Thumb Code     0  startup_stm32f411xe.o(.text)
    SPI2_IRQHandler                          0x080001c7   Thumb Code     0  startup_stm32f411xe.o(.text)
    SPI3_IRQHandler                          0x080001c7   Thumb Code     0  startup_stm32f411xe.o(.text)
    SPI4_IRQHandler                          0x080001c7   Thumb Code     0  startup_stm32f411xe.o(.text)
    SPI5_IRQHandler                          0x080001c7   Thumb Code     0  startup_stm32f411xe.o(.text)
    TAMP_STAMP_IRQHandler                    0x080001c7   Thumb Code     0  startup_stm32f411xe.o(.text)
    TIM1_BRK_TIM9_IRQHandler                 0x080001c7   Thumb Code     0  startup_stm32f411xe.o(.text)
    TIM1_CC_IRQHandler                       0x080001c7   Thumb Code     0  startup_stm32f411xe.o(.text)
    TIM1_TRG_COM_TIM11_IRQHandler            0x080001c7   Thumb Code     0  startup_stm32f411xe.o(.text)
    TIM1_UP_TIM10_IRQHandler                 0x080001c7   Thumb Code     0  startup_stm32f411xe.o(.text)
    TIM3_IRQHandler                          0x080001c7   Thumb Code     0  startup_stm32f411xe.o(.text)
    TIM4_IRQHandler                          0x080001c7   Thumb Code     0  startup_stm32f411xe.o(.text)
    USART1_IRQHandler                        0x080001c7   Thumb Code     0  startup_stm32f411xe.o(.text)
    USART2_IRQHandler                        0x080001c7   Thumb Code     0  startup_stm32f411xe.o(.text)
    USART6_IRQHandler                        0x080001c7   Thumb Code     0  startup_stm32f411xe.o(.text)
    WWDG_IRQHandler                          0x080001c7   Thumb Code     0  startup_stm32f411xe.o(.text)
    __aeabi_dadd                             0x080001d1   Thumb Code   322  dadd.o(.text)
    __aeabi_dsub                             0x08000313   Thumb Code     6  dadd.o(.text)
    __aeabi_drsub                            0x08000319   Thumb Code     6  dadd.o(.text)
    __aeabi_dmul                             0x0800031f   Thumb Code   228  dmul.o(.text)
    __aeabi_ddiv                             0x08000403   Thumb Code   222  ddiv.o(.text)
    __aeabi_i2d                              0x080004e1   Thumb Code    34  dflti.o(.text)
    __aeabi_ui2d                             0x08000503   Thumb Code    26  dfltui.o(.text)
    __aeabi_d2iz                             0x0800051d   Thumb Code    62  dfixi.o(.text)
    __aeabi_f2d                              0x0800055b   Thumb Code    38  f2d.o(.text)
    __aeabi_d2f                              0x08000581   Thumb Code    56  d2f.o(.text)
    __aeabi_uidiv                            0x080005b9   Thumb Code     0  uidiv.o(.text)
    __aeabi_uidivmod                         0x080005b9   Thumb Code    44  uidiv.o(.text)
    __aeabi_uldivmod                         0x080005e5   Thumb Code    98  uldiv.o(.text)
    __aeabi_llsl                             0x08000647   Thumb Code    30  llshl.o(.text)
    _ll_shift_l                              0x08000647   Thumb Code     0  llshl.o(.text)
    __aeabi_llsr                             0x08000665   Thumb Code    32  llushr.o(.text)
    _ll_ushift_r                             0x08000665   Thumb Code     0  llushr.o(.text)
    __aeabi_lasr                             0x08000685   Thumb Code    36  llsshr.o(.text)
    _ll_sshift_r                             0x08000685   Thumb Code     0  llsshr.o(.text)
    __I$use$fp                               0x080006a9   Thumb Code     0  iusefp.o(.text)
    _float_round                             0x080006a9   Thumb Code    18  fepilogue.o(.text)
    _float_epilogue                          0x080006bb   Thumb Code    92  fepilogue.o(.text)
    _double_round                            0x08000717   Thumb Code    30  depilogue.o(.text)
    _double_epilogue                         0x08000735   Thumb Code   156  depilogue.o(.text)
    __aeabi_d2ulz                            0x080007d1   Thumb Code    48  dfixul.o(.text)
    __aeabi_cdrcmple                         0x08000801   Thumb Code    48  cdrcmple.o(.text)
    __scatterload                            0x08000831   Thumb Code    28  init.o(.text)
    __scatterload_rt2                        0x08000831   Thumb Code     0  init.o(.text)
    _dsqrt                                   0x08000855   Thumb Code   162  dsqrt.o(.text)
    __decompress                             0x080008f7   Thumb Code     0  __dczerorl2.o(.text)
    __decompress1                            0x080008f7   Thumb Code    86  __dczerorl2.o(.text)
    ADC1_Init                                0x0800094d   Thumb Code   116  adc.o(i.ADC1_Init)
    ADC_Cmd                                  0x080009c9   Thumb Code    24  stm32f4xx_adc.o(i.ADC_Cmd)
    ADC_CommonInit                           0x080009e1   Thumb Code    30  stm32f4xx_adc.o(i.ADC_CommonInit)
    ADC_GetConversionValue                   0x08000a09   Thumb Code     6  stm32f4xx_adc.o(i.ADC_GetConversionValue)
    ADC_GetFlagStatus                        0x08000a0f   Thumb Code    14  stm32f4xx_adc.o(i.ADC_GetFlagStatus)
    ADC_GetValue                             0x08000a1d   Thumb Code    32  adc.o(i.ADC_GetValue)
    ADC_Init                                 0x08000a41   Thumb Code    66  stm32f4xx_adc.o(i.ADC_Init)
    ADC_RegularChannelConfig                 0x08000a8d   Thumb Code   116  stm32f4xx_adc.o(i.ADC_RegularChannelConfig)
    ADC_SoftwareStartConv                    0x08000b01   Thumb Code    10  stm32f4xx_adc.o(i.ADC_SoftwareStartConv)
    ANO_SendFrame0x01                        0x08000b11   Thumb Code   160  anoassistant.o(i.ANO_SendFrame0x01)
    ANO_SendFrame0x03                        0x08000bb5   Thumb Code   164  anoassistant.o(i.ANO_SendFrame0x03)
    Attitude_Update                          0x08000c61   Thumb Code   658  attitude.o(i.Attitude_Update)
    BMP280_Init                              0x08000f1d   Thumb Code   412  bmp280.o(i.BMP280_Init)
    BusFault_Handler                         0x0800111d   Thumb Code     2  stm32f4xx_it.o(i.BusFault_Handler)
    DebugMon_Handler                         0x0800111f   Thumb Code     2  stm32f4xx_it.o(i.DebugMon_Handler)
    Delay_ms                                 0x08001121   Thumb Code    24  delay.o(i.Delay_ms)
    Delay_us                                 0x08001139   Thumb Code    30  delay.o(i.Delay_us)
    Filter_ExtenedKalman_1D                  0x08001157   Thumb Code    66  filter.o(i.Filter_ExtenedKalman_1D)
    Filter_LowPass_1st                       0x08001199   Thumb Code    34  filter.o(i.Filter_LowPass_1st)
    Filter_MovingAver                        0x080011bd   Thumb Code    88  filter.o(i.Filter_MovingAver)
    Flight_ANOPollingData                    0x08001221   Thumb Code   110  flight.o(i.Flight_ANOPollingData)
    Flight_AllInit                           0x08001299   Thumb Code   134  flight.o(i.Flight_AllInit)
    Flight_AttitudeAlgorithm                 0x080013a5   Thumb Code    32  flight.o(i.Flight_AttitudeAlgorithm)
    Flight_CheckBatteryVoltage               0x080013c9   Thumb Code   154  flight.o(i.Flight_CheckBatteryVoltage)
    Flight_ControlModeSelect                 0x08001471   Thumb Code    64  flight.o(i.Flight_ControlModeSelect)
    Flight_ExecuteRemoteCommand              0x080014b9   Thumb Code    82  flight.o(i.Flight_ExecuteRemoteCommand)
    Flight_FusionOpticalFlowData             0x08001515   Thumb Code   532  flight.o(i.Flight_FusionOpticalFlowData)
    Flight_GetIMUData                        0x080017a1   Thumb Code   272  flight.o(i.Flight_GetIMUData)
    Flight_GetOpticalFlowData                0x080018b9   Thumb Code    30  flight.o(i.Flight_GetOpticalFlowData)
    Flight_LEDControl                        0x080019d5   Thumb Code     4  flight.o(i.Flight_LEDControl)
    Flight_MotorPIDCascadeControl            0x080019d9   Thumb Code   394  flight.o(i.Flight_MotorPIDCascadeControl)
    Flight_ParameterInit                     0x08001b75   Thumb Code   258  flight.o(i.Flight_ParameterInit)
    Flight_ReceiveRemoteData                 0x08001cb9   Thumb Code   274  flight.o(i.Flight_ReceiveRemoteData)
    Flight_SendFlightDataToRemote            0x08001de5   Thumb Code   262  flight.o(i.Flight_SendFlightDataToRemote)
    Flight_WS2812BControl                    0x08001ef5   Thumb Code    74  flight.o(i.Flight_WS2812BControl)
    GPIO_Init                                0x08001f45   Thumb Code   124  stm32f4xx_gpio.o(i.GPIO_Init)
    GPIO_PinAFConfig                         0x08001fc1   Thumb Code    32  stm32f4xx_gpio.o(i.GPIO_PinAFConfig)
    GPIO_ResetBits                           0x08001fe1   Thumb Code     4  stm32f4xx_gpio.o(i.GPIO_ResetBits)
    GPIO_SetBits                             0x08001fe5   Thumb Code     4  stm32f4xx_gpio.o(i.GPIO_SetBits)
    HardFault_Handler                        0x08001fe9   Thumb Code     2  stm32f4xx_it.o(i.HardFault_Handler)
    I2C1_Init                                0x08001fed   Thumb Code   140  i2c.o(i.I2C1_Init)
    I2C1_ReadBuffer                          0x08002085   Thumb Code   208  i2c.o(i.I2C1_ReadBuffer)
    I2C1_ReadByte                            0x08002161   Thumb Code   182  i2c.o(i.I2C1_ReadByte)
    I2C1_WriteByte                           0x080022bd   Thumb Code   116  i2c.o(i.I2C1_WriteByte)
    I2C_AcknowledgeConfig                    0x0800233d   Thumb Code    24  stm32f4xx_i2c.o(i.I2C_AcknowledgeConfig)
    I2C_CheckEvent                           0x08002355   Thumb Code    24  stm32f4xx_i2c.o(i.I2C_CheckEvent)
    I2C_Cmd                                  0x0800236d   Thumb Code    24  stm32f4xx_i2c.o(i.I2C_Cmd)
    I2C_GenerateSTART                        0x08002385   Thumb Code    24  stm32f4xx_i2c.o(i.I2C_GenerateSTART)
    I2C_GenerateSTOP                         0x0800239d   Thumb Code    24  stm32f4xx_i2c.o(i.I2C_GenerateSTOP)
    I2C_GetFlagStatus                        0x080023b5   Thumb Code    50  stm32f4xx_i2c.o(i.I2C_GetFlagStatus)
    I2C_Init                                 0x080023e9   Thumb Code   178  stm32f4xx_i2c.o(i.I2C_Init)
    I2C_ReceiveData                          0x080024a5   Thumb Code     6  stm32f4xx_i2c.o(i.I2C_ReceiveData)
    I2C_Send7bitAddress                      0x080024ab   Thumb Code    18  stm32f4xx_i2c.o(i.I2C_Send7bitAddress)
    I2C_SendData                             0x080024bd   Thumb Code     4  stm32f4xx_i2c.o(i.I2C_SendData)
    ICM20948_Check                           0x080024c1   Thumb Code    32  icm20948.o(i.ICM20948_Check)
    ICM20948_GetAccel                        0x080024e1   Thumb Code    68  icm20948.o(i.ICM20948_GetAccel)
    ICM20948_GetGyro                         0x08002525   Thumb Code    68  icm20948.o(i.ICM20948_GetGyro)
    ICM20948_Init                            0x08002569   Thumb Code   120  icm20948.o(i.ICM20948_Init)
    ICM20948_ReadBuffer                      0x080025e1   Thumb Code    12  icm20948.o(i.ICM20948_ReadBuffer)
    ICM20948_ReadByte                        0x080025ed   Thumb Code    10  icm20948.o(i.ICM20948_ReadByte)
    ICM20948_SelectBank                      0x080025f7   Thumb Code     8  icm20948.o(i.ICM20948_SelectBank)
    ICM20948_WriteByte                       0x080025ff   Thumb Code    10  icm20948.o(i.ICM20948_WriteByte)
    IIC_Init                                 0x08002609   Thumb Code    74  iic.o(i.IIC_Init)
    LED_Init                                 0x08002659   Thumb Code    58  led.o(i.LED_Init)
    LED_Toggle                               0x08002699   Thumb Code    42  led.o(i.LED_Toggle)
    MemManage_Handler                        0x080026cd   Thumb Code     2  stm32f4xx_it.o(i.MemManage_Handler)
    Motor_Control                            0x080026d1   Thumb Code    62  motor.o(i.Motor_Control)
    Motor_Init                               0x08002719   Thumb Code   122  motor.o(i.Motor_Init)
    Motor_PWMLimit                           0x08002799   Thumb Code    26  motor.o(i.Motor_PWMLimit)
    NMI_Handler                              0x080027b3   Thumb Code     2  stm32f4xx_it.o(i.NMI_Handler)
    NVIC_Init                                0x080027b5   Thumb Code    98  misc.o(i.NVIC_Init)
    NVIC_PriorityGroupConfig                 0x0800281d   Thumb Code    10  misc.o(i.NVIC_PriorityGroupConfig)
    NVIC_SystemInit                          0x08002831   Thumb Code    88  nvic.o(i.NVIC_SystemInit)
    PID_CascadeControl                       0x08002889   Thumb Code    46  pid.o(i.PID_CascadeControl)
    PID_Control                              0x080028b9   Thumb Code   164  pid.o(i.PID_Control)
    PMW3901MB_Check                          0x08002961   Thumb Code    58  pmw3901mb.o(i.PMW3901MB_Check)
    PMW3901MB_GetRawData                     0x080029a9   Thumb Code    70  pmw3901mb.o(i.PMW3901MB_GetRawData)
    PMW3901MB_Init                           0x080029fd   Thumb Code   890  pmw3901mb.o(i.PMW3901MB_Init)
    PendSV_Handler                           0x08002d91   Thumb Code     2  stm32f4xx_it.o(i.PendSV_Handler)
    RCC_AHB1PeriphClockCmd                   0x08002d95   Thumb Code    22  stm32f4xx_rcc.o(i.RCC_AHB1PeriphClockCmd)
    RCC_APB1PeriphClockCmd                   0x08002db1   Thumb Code    22  stm32f4xx_rcc.o(i.RCC_APB1PeriphClockCmd)
    RCC_APB2PeriphClockCmd                   0x08002dcd   Thumb Code    22  stm32f4xx_rcc.o(i.RCC_APB2PeriphClockCmd)
    RCC_GetClocksFreq                        0x08002de9   Thumb Code   148  stm32f4xx_rcc.o(i.RCC_GetClocksFreq)
    SPI1_Init                                0x08002e89   Thumb Code   202  spi.o(i.SPI1_Init)
    SPI1_ReadBuffer                          0x08002f5d   Thumb Code    56  spi.o(i.SPI1_ReadBuffer)
    SPI1_ReadByte                            0x08002f99   Thumb Code    22  spi.o(i.SPI1_ReadByte)
    SPI1_SwapByte                            0x08002fb5   Thumb Code    48  spi.o(i.SPI1_SwapByte)
    SPI1_WriteByte                           0x08002fe9   Thumb Code    36  spi.o(i.SPI1_WriteByte)
    SPI2_Init                                0x08003011   Thumb Code   218  spi.o(i.SPI2_Init)
    SPI2_ReadBuffer                          0x080030f5   Thumb Code    56  spi.o(i.SPI2_ReadBuffer)
    SPI2_ReadByte                            0x08003131   Thumb Code    28  spi.o(i.SPI2_ReadByte)
    SPI2_SwapByte                            0x08003151   Thumb Code    48  spi.o(i.SPI2_SwapByte)
    SPI2_WriteBuffer                         0x08003185   Thumb Code    54  spi.o(i.SPI2_WriteBuffer)
    SPI2_WriteByte                           0x080031c1   Thumb Code    38  spi.o(i.SPI2_WriteByte)
    SPI_Cmd                                  0x080031ed   Thumb Code    24  stm32f4xx_spi.o(i.SPI_Cmd)
    SPI_I2S_GetFlagStatus                    0x08003205   Thumb Code    14  stm32f4xx_spi.o(i.SPI_I2S_GetFlagStatus)
    SPI_I2S_ReceiveData                      0x08003213   Thumb Code     4  stm32f4xx_spi.o(i.SPI_I2S_ReceiveData)
    SPI_I2S_SendData                         0x08003217   Thumb Code     4  stm32f4xx_spi.o(i.SPI_I2S_SendData)
    SPI_Init                                 0x0800321b   Thumb Code    56  stm32f4xx_spi.o(i.SPI_Init)
    SVC_Handler                              0x08003253   Thumb Code     2  stm32f4xx_it.o(i.SVC_Handler)
    Scheduler_Init                           0x08003255   Thumb Code     8  scheduler.o(i.Scheduler_Init)
    Scheduler_Loop                           0x0800325d   Thumb Code    92  scheduler.o(i.Scheduler_Loop)
    Si24R1_AckPayloadPacket                  0x08003389   Thumb Code    32  si24r1.o(i.Si24R1_AckPayloadPacket)
    Si24R1_IRQHandler                        0x080033ad   Thumb Code    92  si24r1.o(i.Si24R1_IRQHandler)
    Si24R1_Init                              0x08003409   Thumb Code    98  si24r1.o(i.Si24R1_Init)
    Si24R1_ReadBuffer                        0x08003475   Thumb Code     4  si24r1.o(i.Si24R1_ReadBuffer)
    Si24R1_ReadByte                          0x08003479   Thumb Code     4  si24r1.o(i.Si24R1_ReadByte)
    Si24R1_SetMode                           0x0800347d   Thumb Code   190  si24r1.o(i.Si24R1_SetMode)
    Si24R1_WriteBuffer                       0x08003545   Thumb Code     4  si24r1.o(i.Si24R1_WriteBuffer)
    Si24R1_WriteByte                         0x08003549   Thumb Code     4  si24r1.o(i.Si24R1_WriteByte)
    SysTick_Handler                          0x0800354d   Thumb Code     2  stm32f4xx_it.o(i.SysTick_Handler)
    SystemInit                               0x08003551   Thumb Code    74  system_stm32f4xx.o(i.SystemInit)
    TIM2_IRQHandler                          0x080035ad   Thumb Code   170  scheduler.o(i.TIM2_IRQHandler)
    TIM2_TimerInit                           0x08003661   Thumb Code    76  tim.o(i.TIM2_TimerInit)
    TIM3_OCInit                              0x080036ad   Thumb Code   130  tim.o(i.TIM3_OCInit)
    TIM4_OCInit                              0x08003735   Thumb Code   130  tim.o(i.TIM4_OCInit)
    TIM5_IRQHandler                          0x080037bd   Thumb Code    24  scheduler.o(i.TIM5_IRQHandler)
    TIM_ARRPreloadConfig                     0x080037d5   Thumb Code    24  stm32f4xx_tim.o(i.TIM_ARRPreloadConfig)
    TIM_ClearFlag                            0x080037ed   Thumb Code     6  stm32f4xx_tim.o(i.TIM_ClearFlag)
    TIM_ClearITPendingBit                    0x080037f3   Thumb Code     6  stm32f4xx_tim.o(i.TIM_ClearITPendingBit)
    TIM_Cmd                                  0x080037f9   Thumb Code    24  stm32f4xx_tim.o(i.TIM_Cmd)
    TIM_GetITStatus                          0x08003811   Thumb Code    24  stm32f4xx_tim.o(i.TIM_GetITStatus)
    TIM_ITConfig                             0x08003829   Thumb Code    20  stm32f4xx_tim.o(i.TIM_ITConfig)
    TIM_OC1Init                              0x0800383d   Thumb Code    96  stm32f4xx_tim.o(i.TIM_OC1Init)
    TIM_OC1PreloadConfig                     0x080038a5   Thumb Code    12  stm32f4xx_tim.o(i.TIM_OC1PreloadConfig)
    TIM_OC2Init                              0x080038b1   Thumb Code   128  stm32f4xx_tim.o(i.TIM_OC2Init)
    TIM_OC2PreloadConfig                     0x08003939   Thumb Code    20  stm32f4xx_tim.o(i.TIM_OC2PreloadConfig)
    TIM_OC3Init                              0x0800394d   Thumb Code   124  stm32f4xx_tim.o(i.TIM_OC3Init)
    TIM_OC3PreloadConfig                     0x080039d1   Thumb Code    12  stm32f4xx_tim.o(i.TIM_OC3PreloadConfig)
    TIM_OC4Init                              0x080039dd   Thumb Code    92  stm32f4xx_tim.o(i.TIM_OC4Init)
    TIM_OC4PreloadConfig                     0x08003a41   Thumb Code    20  stm32f4xx_tim.o(i.TIM_OC4PreloadConfig)
    TIM_OCStructInit                         0x08003a55   Thumb Code    20  stm32f4xx_tim.o(i.TIM_OCStructInit)
    TIM_TimeBaseInit                         0x08003a69   Thumb Code    96  stm32f4xx_tim.o(i.TIM_TimeBaseInit)
    USART1_Init                              0x08003ae5   Thumb Code   168  usart.o(i.USART1_Init)
    USART2_Init                              0x08003b95   Thumb Code   168  usart.o(i.USART2_Init)
    USART2_SendArray                         0x08003c45   Thumb Code    26  usart.o(i.USART2_SendArray)
    USART2_SendByte                          0x08003c61   Thumb Code    26  usart.o(i.USART2_SendByte)
    USART_Cmd                                0x08003c81   Thumb Code    24  stm32f4xx_usart.o(i.USART_Cmd)
    USART_GetFlagStatus                      0x08003c99   Thumb Code    14  stm32f4xx_usart.o(i.USART_GetFlagStatus)
    USART_ITConfig                           0x08003ca7   Thumb Code    54  stm32f4xx_usart.o(i.USART_ITConfig)
    USART_Init                               0x08003cdd   Thumb Code   180  stm32f4xx_usart.o(i.USART_Init)
    USART_SendData                           0x08003d99   Thumb Code     8  stm32f4xx_usart.o(i.USART_SendData)
    UsageFault_Handler                       0x08003da1   Thumb Code     2  stm32f4xx_it.o(i.UsageFault_Handler)
    WS2812B_AllGreen                         0x08003da3   Thumb Code    24  ws2812b.o(i.WS2812B_AllGreen)
    WS2812B_AllWhite                         0x08003dbb   Thumb Code    24  ws2812b.o(i.WS2812B_AllWhite)
    WS2812B_FlyIndicator                     0x08003dd5   Thumb Code    70  ws2812b.o(i.WS2812B_FlyIndicator)
    WS2812B_Init                             0x08003e21   Thumb Code    58  ws2812b.o(i.WS2812B_Init)
    WS2812B_Reset                            0x08003e61   Thumb Code     6  ws2812b.o(i.WS2812B_Reset)
    WS2812B_Run                              0x08003e69   Thumb Code   102  ws2812b.o(i.WS2812B_Run)
    WS2812B_SetColour                        0x08003ed5   Thumb Code    26  ws2812b.o(i.WS2812B_SetColour)
    __0printf                                0x08003f7d   Thumb Code    22  printfa.o(i.__0printf)
    __1printf                                0x08003f7d   Thumb Code     0  printfa.o(i.__0printf)
    __2printf                                0x08003f7d   Thumb Code     0  printfa.o(i.__0printf)
    __c89printf                              0x08003f7d   Thumb Code     0  printfa.o(i.__0printf)
    printf                                   0x08003f7d   Thumb Code     0  printfa.o(i.__0printf)
    __0vprintf                               0x08003f9d   Thumb Code     8  printfa.o(i.__0vprintf)
    __1vprintf                               0x08003f9d   Thumb Code     0  printfa.o(i.__0vprintf)
    __2vprintf                               0x08003f9d   Thumb Code     0  printfa.o(i.__0vprintf)
    __c89vprintf                             0x08003f9d   Thumb Code     0  printfa.o(i.__0vprintf)
    vprintf                                  0x08003f9d   Thumb Code     0  printfa.o(i.__0vprintf)
    __ARM_fpclassify                         0x08003fad   Thumb Code    48  fpclassify.o(i.__ARM_fpclassify)
    __hardfp_asin                            0x08003fe1   Thumb Code   770  asin.o(i.__hardfp_asin)
    __hardfp_atan                            0x08004341   Thumb Code   622  atan.o(i.__hardfp_atan)
    __hardfp_atan2                           0x08004619   Thumb Code   432  atan2.o(i.__hardfp_atan2)
    __hardfp_tan                             0x08004809   Thumb Code   108  tan.o(i.__hardfp_tan)
    __ieee754_rem_pio2                       0x08004889   Thumb Code   938  rred.o(i.__ieee754_rem_pio2)
    __kernel_poly                            0x08004cc1   Thumb Code   248  poly.o(i.__kernel_poly)
    __kernel_tan                             0x08004db9   Thumb Code   764  tan_i.o(i.__kernel_tan)
    __mathlib_dbl_infnan                     0x08005109   Thumb Code    20  dunder.o(i.__mathlib_dbl_infnan)
    __mathlib_dbl_infnan2                    0x0800511d   Thumb Code    20  dunder.o(i.__mathlib_dbl_infnan2)
    __mathlib_dbl_invalid                    0x08005131   Thumb Code    24  dunder.o(i.__mathlib_dbl_invalid)
    __mathlib_dbl_underflow                  0x08005151   Thumb Code    24  dunder.o(i.__mathlib_dbl_underflow)
    __scatterload_copy                       0x08005171   Thumb Code    14  handlers.o(i.__scatterload_copy)
    __scatterload_null                       0x0800517f   Thumb Code     2  handlers.o(i.__scatterload_null)
    __scatterload_zeroinit                   0x08005181   Thumb Code    14  handlers.o(i.__scatterload_zeroinit)
    __set_errno                              0x08005191   Thumb Code     6  errno.o(i.__set_errno)
    atan                                     0x08005a4f   Thumb Code    16  atan.o(i.atan)
    fabs                                     0x08005a5f   Thumb Code    24  fabs.o(i.fabs)
    fputc                                    0x08005a79   Thumb Code    30  usart.o(i.fputc)
    invSqrt                                  0x08005a9d   Thumb Code    40  attitude.o(i.invSqrt)
    log_print                                0x08005ac9   Thumb Code    38  stm32f411ceu6.o(i.log_print)
    main                                     0x08005af9   Thumb Code    14  main.o(i.main)
    sqrt                                     0x08005b07   Thumb Code   110  sqrt.o(i.sqrt)
    __mathlib_zero                           0x08005c60   Data           8  qnan.o(.constdata)
    Region$$Table$$Base                      0x08005d90   Number         0  anon$$obj.o(Region$$Table)
    Region$$Table$$Limit                     0x08005db0   Number         0  anon$$obj.o(Region$$Table)
    Timer                                    0x20000000   Data           7  tim.o(.data)
    TX_ADDRESS                               0x200001e4   Data           5  si24r1.o(.data)
    RX_ADDRESS                               0x200001e9   Data           5  si24r1.o(.data)
    __stdout                                 0x200002b0   Data           4  stdout.o(.data)
    ANO_TxBuffer                             0x200003c0   Data          50  anoassistant.o(.bss)
    __initial_sp                             0x200009b0   Data           0  startup_stm32f411xe.o(STACK)



==============================================================================

Memory Map of the image

  Image Entry point : 0x08000199

  Load Region LR_IROM1 (Base: 0x08000000, Size: 0x00006068, Max: 0x00080000, ABSOLUTE, COMPRESSED[0x00005e0c])

    Execution Region ER_IROM1 (Exec base: 0x08000000, Load base: 0x08000000, Size: 0x00005db0, Max: 0x00080000, ABSOLUTE)

    Exec Addr    Load Addr    Size         Type   Attr      Idx    E Section Name        Object

    0x08000000   0x08000000   0x00000198   Data   RO            3    RESET               startup_stm32f411xe.o
    0x08000198   0x08000198   0x00000000   Code   RO         8803  * .ARM.Collect$$$$00000000  mc_w.l(entry.o)
    0x08000198   0x08000198   0x00000004   Code   RO         9176    .ARM.Collect$$$$00000001  mc_w.l(entry2.o)
    0x0800019c   0x0800019c   0x00000004   Code   RO         9179    .ARM.Collect$$$$00000004  mc_w.l(entry5.o)
    0x080001a0   0x080001a0   0x00000000   Code   RO         9181    .ARM.Collect$$$$00000008  mc_w.l(entry7b.o)
    0x080001a0   0x080001a0   0x00000000   Code   RO         9183    .ARM.Collect$$$$0000000A  mc_w.l(entry8b.o)
    0x080001a0   0x080001a0   0x00000008   Code   RO         9184    .ARM.Collect$$$$0000000B  mc_w.l(entry9a.o)
    0x080001a8   0x080001a8   0x00000000   Code   RO         9186    .ARM.Collect$$$$0000000D  mc_w.l(entry10a.o)
    0x080001a8   0x080001a8   0x00000000   Code   RO         9188    .ARM.Collect$$$$0000000F  mc_w.l(entry11a.o)
    0x080001a8   0x080001a8   0x00000004   Code   RO         9177    .ARM.Collect$$$$00002712  mc_w.l(entry2.o)
    0x080001ac   0x080001ac   0x00000024   Code   RO            4    .text               startup_stm32f411xe.o
    0x080001d0   0x080001d0   0x0000014e   Code   RO         9078    .text               mf_w.l(dadd.o)
    0x0800031e   0x0800031e   0x000000e4   Code   RO         9080    .text               mf_w.l(dmul.o)
    0x08000402   0x08000402   0x000000de   Code   RO         9082    .text               mf_w.l(ddiv.o)
    0x080004e0   0x080004e0   0x00000022   Code   RO         9084    .text               mf_w.l(dflti.o)
    0x08000502   0x08000502   0x0000001a   Code   RO         9086    .text               mf_w.l(dfltui.o)
    0x0800051c   0x0800051c   0x0000003e   Code   RO         9088    .text               mf_w.l(dfixi.o)
    0x0800055a   0x0800055a   0x00000026   Code   RO         9092    .text               mf_w.l(f2d.o)
    0x08000580   0x08000580   0x00000038   Code   RO         9096    .text               mf_w.l(d2f.o)
    0x080005b8   0x080005b8   0x0000002c   Code   RO         9191    .text               mc_w.l(uidiv.o)
    0x080005e4   0x080005e4   0x00000062   Code   RO         9193    .text               mc_w.l(uldiv.o)
    0x08000646   0x08000646   0x0000001e   Code   RO         9195    .text               mc_w.l(llshl.o)
    0x08000664   0x08000664   0x00000020   Code   RO         9197    .text               mc_w.l(llushr.o)
    0x08000684   0x08000684   0x00000024   Code   RO         9199    .text               mc_w.l(llsshr.o)
    0x080006a8   0x080006a8   0x00000000   Code   RO         9208    .text               mc_w.l(iusefp.o)
    0x080006a8   0x080006a8   0x0000006e   Code   RO         9209    .text               mf_w.l(fepilogue.o)
    0x08000716   0x08000716   0x000000ba   Code   RO         9211    .text               mf_w.l(depilogue.o)
    0x080007d0   0x080007d0   0x00000030   Code   RO         9215    .text               mf_w.l(dfixul.o)
    0x08000800   0x08000800   0x00000030   Code   RO         9217    .text               mf_w.l(cdrcmple.o)
    0x08000830   0x08000830   0x00000024   Code   RO         9221    .text               mc_w.l(init.o)
    0x08000854   0x08000854   0x000000a2   Code   RO         9223    .text               mf_w.l(dsqrt.o)
    0x080008f6   0x080008f6   0x00000056   Code   RO         9233    .text               mc_w.l(__dczerorl2.o)
    0x0800094c   0x0800094c   0x0000007c   Code   RO          269    i.ADC1_Init         adc.o
    0x080009c8   0x080009c8   0x00000018   Code   RO          759    i.ADC_Cmd           stm32f4xx_adc.o
    0x080009e0   0x080009e0   0x00000028   Code   RO          760    i.ADC_CommonInit    stm32f4xx_adc.o
    0x08000a08   0x08000a08   0x00000006   Code   RO          771    i.ADC_GetConversionValue  stm32f4xx_adc.o
    0x08000a0e   0x08000a0e   0x0000000e   Code   RO          772    i.ADC_GetFlagStatus  stm32f4xx_adc.o
    0x08000a1c   0x08000a1c   0x00000024   Code   RO          270    i.ADC_GetValue      adc.o
    0x08000a40   0x08000a40   0x0000004c   Code   RO          779    i.ADC_Init          stm32f4xx_adc.o
    0x08000a8c   0x08000a8c   0x00000074   Code   RO          784    i.ADC_RegularChannelConfig  stm32f4xx_adc.o
    0x08000b00   0x08000b00   0x0000000a   Code   RO          786    i.ADC_SoftwareStartConv  stm32f4xx_adc.o
    0x08000b0a   0x08000b0a   0x00000004   Code   RO         8372    i.ANO_SendBuffer    anoassistant.o
    0x08000b0e   0x08000b0e   0x00000002   PAD
    0x08000b10   0x08000b10   0x000000a4   Code   RO         8373    i.ANO_SendFrame0x01  anoassistant.o
    0x08000bb4   0x08000bb4   0x000000ac   Code   RO         8375    i.ANO_SendFrame0x03  anoassistant.o
    0x08000c60   0x08000c60   0x000002bc   Code   RO         8268    i.Attitude_Update   attitude.o
    0x08000f1c   0x08000f1c   0x000001a0   Code   RO         8005    i.BMP280_Init       bmp280.o
    0x080010bc   0x080010bc   0x00000016   Code   RO         8006    i.BMP280_ReadByte   bmp280.o
    0x080010d2   0x080010d2   0x00000034   Code   RO         8007    i.BMP280_RegisterInit  bmp280.o
    0x08001106   0x08001106   0x00000016   Code   RO         8008    i.BMP280_WriteByte  bmp280.o
    0x0800111c   0x0800111c   0x00000002   Code   RO          630    i.BusFault_Handler  stm32f4xx_it.o
    0x0800111e   0x0800111e   0x00000002   Code   RO          631    i.DebugMon_Handler  stm32f4xx_it.o
    0x08001120   0x08001120   0x00000018   Code   RO         7416    i.Delay_ms          delay.o
    0x08001138   0x08001138   0x0000001e   Code   RO         7418    i.Delay_us          delay.o
    0x08001156   0x08001156   0x00000042   Code   RO         8206    i.Filter_ExtenedKalman_1D  filter.o
    0x08001198   0x08001198   0x00000022   Code   RO         8207    i.Filter_LowPass_1st  filter.o
    0x080011ba   0x080011ba   0x00000002   PAD
    0x080011bc   0x080011bc   0x00000064   Code   RO         8208    i.Filter_MovingAver  filter.o
    0x08001220   0x08001220   0x00000078   Code   RO         8560    i.Flight_ANOPollingData  flight.o
    0x08001298   0x08001298   0x0000010c   Code   RO         8561    i.Flight_AllInit    flight.o
    0x080013a4   0x080013a4   0x00000024   Code   RO         8562    i.Flight_AttitudeAlgorithm  flight.o
    0x080013c8   0x080013c8   0x000000a8   Code   RO         8563    i.Flight_CheckBatteryVoltage  flight.o
    0x08001470   0x08001470   0x00000048   Code   RO         8564    i.Flight_ControlModeSelect  flight.o
    0x080014b8   0x080014b8   0x0000005c   Code   RO         8565    i.Flight_ExecuteRemoteCommand  flight.o
    0x08001514   0x08001514   0x0000028c   Code   RO         8566    i.Flight_FusionOpticalFlowData  flight.o
    0x080017a0   0x080017a0   0x00000118   Code   RO         8569    i.Flight_GetIMUData  flight.o
    0x080018b8   0x080018b8   0x00000024   Code   RO         8570    i.Flight_GetOpticalFlowData  flight.o
    0x080018dc   0x080018dc   0x000000f8   Code   RO         8573    i.Flight_JudgmentUnLock  flight.o
    0x080019d4   0x080019d4   0x00000004   Code   RO         8574    i.Flight_LEDControl  flight.o
    0x080019d8   0x080019d8   0x0000019c   Code   RO         8576    i.Flight_MotorPIDCascadeControl  flight.o
    0x08001b74   0x08001b74   0x00000144   Code   RO         8578    i.Flight_ParameterInit  flight.o
    0x08001cb8   0x08001cb8   0x0000012c   Code   RO         8580    i.Flight_ReceiveRemoteData  flight.o
    0x08001de4   0x08001de4   0x00000110   Code   RO         8581    i.Flight_SendFlightDataToRemote  flight.o
    0x08001ef4   0x08001ef4   0x00000050   Code   RO         8582    i.Flight_WS2812BControl  flight.o
    0x08001f44   0x08001f44   0x0000007c   Code   RO         2436    i.GPIO_Init         stm32f4xx_gpio.o
    0x08001fc0   0x08001fc0   0x00000020   Code   RO         2437    i.GPIO_PinAFConfig  stm32f4xx_gpio.o
    0x08001fe0   0x08001fe0   0x00000004   Code   RO         2443    i.GPIO_ResetBits    stm32f4xx_gpio.o
    0x08001fe4   0x08001fe4   0x00000004   Code   RO         2444    i.GPIO_SetBits      stm32f4xx_gpio.o
    0x08001fe8   0x08001fe8   0x00000002   Code   RO          632    i.HardFault_Handler  stm32f4xx_it.o
    0x08001fea   0x08001fea   0x00000002   PAD
    0x08001fec   0x08001fec   0x00000098   Code   RO          438    i.I2C1_Init         i2c.o
    0x08002084   0x08002084   0x000000dc   Code   RO          439    i.I2C1_ReadBuffer   i2c.o
    0x08002160   0x08002160   0x000000c4   Code   RO          440    i.I2C1_ReadByte     i2c.o
    0x08002224   0x08002224   0x00000054   Code   RO          441    i.I2C1_WaitEvent    i2c.o
    0x08002278   0x08002278   0x00000044   Code   RO          442    i.I2C1_WaitFree     i2c.o
    0x080022bc   0x080022bc   0x00000080   Code   RO          444    i.I2C1_WriteByte    i2c.o
    0x0800233c   0x0800233c   0x00000018   Code   RO         2727    i.I2C_AcknowledgeConfig  stm32f4xx_i2c.o
    0x08002354   0x08002354   0x00000018   Code   RO         2730    i.I2C_CheckEvent    stm32f4xx_i2c.o
    0x0800236c   0x0800236c   0x00000018   Code   RO         2733    i.I2C_Cmd           stm32f4xx_i2c.o
    0x08002384   0x08002384   0x00000018   Code   RO         2741    i.I2C_GenerateSTART  stm32f4xx_i2c.o
    0x0800239c   0x0800239c   0x00000018   Code   RO         2742    i.I2C_GenerateSTOP  stm32f4xx_i2c.o
    0x080023b4   0x080023b4   0x00000032   Code   RO         2743    i.I2C_GetFlagStatus  stm32f4xx_i2c.o
    0x080023e6   0x080023e6   0x00000002   PAD
    0x080023e8   0x080023e8   0x000000bc   Code   RO         2748    i.I2C_Init          stm32f4xx_i2c.o
    0x080024a4   0x080024a4   0x00000006   Code   RO         2753    i.I2C_ReceiveData   stm32f4xx_i2c.o
    0x080024aa   0x080024aa   0x00000012   Code   RO         2755    i.I2C_Send7bitAddress  stm32f4xx_i2c.o
    0x080024bc   0x080024bc   0x00000004   Code   RO         2756    i.I2C_SendData      stm32f4xx_i2c.o
    0x080024c0   0x080024c0   0x00000020   Code   RO         7766    i.ICM20948_Check    icm20948.o
    0x080024e0   0x080024e0   0x00000044   Code   RO         7767    i.ICM20948_GetAccel  icm20948.o
    0x08002524   0x08002524   0x00000044   Code   RO         7768    i.ICM20948_GetGyro  icm20948.o
    0x08002568   0x08002568   0x00000078   Code   RO         7769    i.ICM20948_Init     icm20948.o
    0x080025e0   0x080025e0   0x0000000c   Code   RO         7770    i.ICM20948_ReadBuffer  icm20948.o
    0x080025ec   0x080025ec   0x0000000a   Code   RO         7771    i.ICM20948_ReadByte  icm20948.o
    0x080025f6   0x080025f6   0x00000008   Code   RO         7772    i.ICM20948_SelectBank  icm20948.o
    0x080025fe   0x080025fe   0x0000000a   Code   RO         7774    i.ICM20948_WriteByte  icm20948.o
    0x08002608   0x08002608   0x00000050   Code   RO          303    i.IIC_Init          iic.o
    0x08002658   0x08002658   0x00000040   Code   RO         7530    i.LED_Init          led.o
    0x08002698   0x08002698   0x00000034   Code   RO         7533    i.LED_Toggle        led.o
    0x080026cc   0x080026cc   0x00000002   Code   RO          633    i.MemManage_Handler  stm32f4xx_it.o
    0x080026ce   0x080026ce   0x00000002   PAD
    0x080026d0   0x080026d0   0x00000048   Code   RO         7730    i.Motor_Control     motor.o
    0x08002718   0x08002718   0x00000080   Code   RO         7731    i.Motor_Init        motor.o
    0x08002798   0x08002798   0x0000001a   Code   RO         7732    i.Motor_PWMLimit    motor.o
    0x080027b2   0x080027b2   0x00000002   Code   RO          634    i.NMI_Handler       stm32f4xx_it.o
    0x080027b4   0x080027b4   0x00000068   Code   RO          705    i.NVIC_Init         misc.o
    0x0800281c   0x0800281c   0x00000014   Code   RO          706    i.NVIC_PriorityGroupConfig  misc.o
    0x08002830   0x08002830   0x00000058   Code   RO          127    i.NVIC_SystemInit   nvic.o
    0x08002888   0x08002888   0x0000002e   Code   RO         8326    i.PID_CascadeControl  pid.o
    0x080028b6   0x080028b6   0x00000002   PAD
    0x080028b8   0x080028b8   0x000000a8   Code   RO         8327    i.PID_Control       pid.o
    0x08002960   0x08002960   0x00000048   Code   RO         8149    i.PMW3901MB_Check   pmw3901mb.o
    0x080029a8   0x080029a8   0x00000054   Code   RO         8150    i.PMW3901MB_GetRawData  pmw3901mb.o
    0x080029fc   0x080029fc   0x00000388   Code   RO         8151    i.PMW3901MB_Init    pmw3901mb.o
    0x08002d84   0x08002d84   0x00000004   Code   RO         8152    i.PMW3901MB_ReadBuffer  pmw3901mb.o
    0x08002d88   0x08002d88   0x00000004   Code   RO         8153    i.PMW3901MB_ReadByte  pmw3901mb.o
    0x08002d8c   0x08002d8c   0x00000004   Code   RO         8154    i.PMW3901MB_WriteByte  pmw3901mb.o
    0x08002d90   0x08002d90   0x00000002   Code   RO          635    i.PendSV_Handler    stm32f4xx_it.o
    0x08002d92   0x08002d92   0x00000002   PAD
    0x08002d94   0x08002d94   0x0000001c   Code   RO         3377    i.RCC_AHB1PeriphClockCmd  stm32f4xx_rcc.o
    0x08002db0   0x08002db0   0x0000001c   Code   RO         3383    i.RCC_APB1PeriphClockCmd  stm32f4xx_rcc.o
    0x08002dcc   0x08002dcc   0x0000001c   Code   RO         3386    i.RCC_APB2PeriphClockCmd  stm32f4xx_rcc.o
    0x08002de8   0x08002de8   0x000000a0   Code   RO         3395    i.RCC_GetClocksFreq  stm32f4xx_rcc.o
    0x08002e88   0x08002e88   0x000000d4   Code   RO          499    i.SPI1_Init         spi.o
    0x08002f5c   0x08002f5c   0x0000003c   Code   RO          500    i.SPI1_ReadBuffer   spi.o
    0x08002f98   0x08002f98   0x0000001c   Code   RO          501    i.SPI1_ReadByte     spi.o
    0x08002fb4   0x08002fb4   0x00000034   Code   RO          502    i.SPI1_SwapByte     spi.o
    0x08002fe8   0x08002fe8   0x00000028   Code   RO          504    i.SPI1_WriteByte    spi.o
    0x08003010   0x08003010   0x000000e4   Code   RO          505    i.SPI2_Init         spi.o
    0x080030f4   0x080030f4   0x0000003c   Code   RO          506    i.SPI2_ReadBuffer   spi.o
    0x08003130   0x08003130   0x00000020   Code   RO          507    i.SPI2_ReadByte     spi.o
    0x08003150   0x08003150   0x00000034   Code   RO          508    i.SPI2_SwapByte     spi.o
    0x08003184   0x08003184   0x0000003c   Code   RO          509    i.SPI2_WriteBuffer  spi.o
    0x080031c0   0x080031c0   0x0000002c   Code   RO          510    i.SPI2_WriteByte    spi.o
    0x080031ec   0x080031ec   0x00000018   Code   RO         4460    i.SPI_Cmd           stm32f4xx_spi.o
    0x08003204   0x08003204   0x0000000e   Code   RO         4468    i.SPI_I2S_GetFlagStatus  stm32f4xx_spi.o
    0x08003212   0x08003212   0x00000004   Code   RO         4471    i.SPI_I2S_ReceiveData  stm32f4xx_spi.o
    0x08003216   0x08003216   0x00000004   Code   RO         4472    i.SPI_I2S_SendData  stm32f4xx_spi.o
    0x0800321a   0x0800321a   0x00000038   Code   RO         4473    i.SPI_Init          stm32f4xx_spi.o
    0x08003252   0x08003252   0x00000002   Code   RO          636    i.SVC_Handler       stm32f4xx_it.o
    0x08003254   0x08003254   0x00000008   Code   RO         8482    i.Scheduler_Init    scheduler.o
    0x0800325c   0x0800325c   0x00000060   Code   RO         8483    i.Scheduler_Loop    scheduler.o
    0x080032bc   0x080032bc   0x0000001c   Code   RO         8484    i.Scheduler_Loop100Hz  scheduler.o
    0x080032d8   0x080032d8   0x0000000e   Code   RO         8485    i.Scheduler_Loop10Hz  scheduler.o
    0x080032e6   0x080032e6   0x00000012   Code   RO         8486    i.Scheduler_Loop200Hz  scheduler.o
    0x080032f8   0x080032f8   0x00000004   Code   RO         8487    i.Scheduler_Loop20Hz  scheduler.o
    0x080032fc   0x080032fc   0x00000002   Code   RO         8488    i.Scheduler_Loop2Hz  scheduler.o
    0x080032fe   0x080032fe   0x00000012   Code   RO         8489    i.Scheduler_Loop500Hz  scheduler.o
    0x08003310   0x08003310   0x00000004   Code   RO         8490    i.Scheduler_Loop50Hz  scheduler.o
    0x08003314   0x08003314   0x00000074   Code   RO         5506    i.SetSysClock       system_stm32f4xx.o
    0x08003388   0x08003388   0x00000024   Code   RO         7841    i.Si24R1_AckPayloadPacket  si24r1.o
    0x080033ac   0x080033ac   0x0000005c   Code   RO         7843    i.Si24R1_IRQHandler  si24r1.o
    0x08003408   0x08003408   0x0000006c   Code   RO         7844    i.Si24R1_Init       si24r1.o
    0x08003474   0x08003474   0x00000004   Code   RO         7846    i.Si24R1_ReadBuffer  si24r1.o
    0x08003478   0x08003478   0x00000004   Code   RO         7847    i.Si24R1_ReadByte   si24r1.o
    0x0800347c   0x0800347c   0x000000c8   Code   RO         7848    i.Si24R1_SetMode    si24r1.o
    0x08003544   0x08003544   0x00000004   Code   RO         7849    i.Si24R1_WriteBuffer  si24r1.o
    0x08003548   0x08003548   0x00000004   Code   RO         7850    i.Si24R1_WriteByte  si24r1.o
    0x0800354c   0x0800354c   0x00000002   Code   RO          637    i.SysTick_Handler   stm32f4xx_it.o
    0x0800354e   0x0800354e   0x00000002   PAD
    0x08003550   0x08003550   0x0000005c   Code   RO         5508    i.SystemInit        system_stm32f4xx.o
    0x080035ac   0x080035ac   0x000000b4   Code   RO         8491    i.TIM2_IRQHandler   scheduler.o
    0x08003660   0x08003660   0x0000004c   Code   RO          221    i.TIM2_TimerInit    tim.o
    0x080036ac   0x080036ac   0x00000088   Code   RO          222    i.TIM3_OCInit       tim.o
    0x08003734   0x08003734   0x00000088   Code   RO          223    i.TIM4_OCInit       tim.o
    0x080037bc   0x080037bc   0x00000018   Code   RO         8492    i.TIM5_IRQHandler   scheduler.o
    0x080037d4   0x080037d4   0x00000018   Code   RO         4686    i.TIM_ARRPreloadConfig  stm32f4xx_tim.o
    0x080037ec   0x080037ec   0x00000006   Code   RO         4692    i.TIM_ClearFlag     stm32f4xx_tim.o
    0x080037f2   0x080037f2   0x00000006   Code   RO         4693    i.TIM_ClearITPendingBit  stm32f4xx_tim.o
    0x080037f8   0x080037f8   0x00000018   Code   RO         4698    i.TIM_Cmd           stm32f4xx_tim.o
    0x08003810   0x08003810   0x00000018   Code   RO         4719    i.TIM_GetITStatus   stm32f4xx_tim.o
    0x08003828   0x08003828   0x00000014   Code   RO         4723    i.TIM_ITConfig      stm32f4xx_tim.o
    0x0800383c   0x0800383c   0x00000068   Code   RO         4727    i.TIM_OC1Init       stm32f4xx_tim.o
    0x080038a4   0x080038a4   0x0000000c   Code   RO         4730    i.TIM_OC1PreloadConfig  stm32f4xx_tim.o
    0x080038b0   0x080038b0   0x00000088   Code   RO         4732    i.TIM_OC2Init       stm32f4xx_tim.o
    0x08003938   0x08003938   0x00000014   Code   RO         4735    i.TIM_OC2PreloadConfig  stm32f4xx_tim.o
    0x0800394c   0x0800394c   0x00000084   Code   RO         4737    i.TIM_OC3Init       stm32f4xx_tim.o
    0x080039d0   0x080039d0   0x0000000c   Code   RO         4740    i.TIM_OC3PreloadConfig  stm32f4xx_tim.o
    0x080039dc   0x080039dc   0x00000064   Code   RO         4742    i.TIM_OC4Init       stm32f4xx_tim.o
    0x08003a40   0x08003a40   0x00000014   Code   RO         4744    i.TIM_OC4PreloadConfig  stm32f4xx_tim.o
    0x08003a54   0x08003a54   0x00000014   Code   RO         4745    i.TIM_OCStructInit  stm32f4xx_tim.o
    0x08003a68   0x08003a68   0x0000007c   Code   RO         4770    i.TIM_TimeBaseInit  stm32f4xx_tim.o
    0x08003ae4   0x08003ae4   0x000000b0   Code   RO          154    i.USART1_Init       usart.o
    0x08003b94   0x08003b94   0x000000b0   Code   RO          157    i.USART2_Init       usart.o
    0x08003c44   0x08003c44   0x0000001a   Code   RO          158    i.USART2_SendArray  usart.o
    0x08003c5e   0x08003c5e   0x00000002   PAD
    0x08003c60   0x08003c60   0x00000020   Code   RO          159    i.USART2_SendByte   usart.o
    0x08003c80   0x08003c80   0x00000018   Code   RO         5252    i.USART_Cmd         stm32f4xx_usart.o
    0x08003c98   0x08003c98   0x0000000e   Code   RO         5255    i.USART_GetFlagStatus  stm32f4xx_usart.o
    0x08003ca6   0x08003ca6   0x00000036   Code   RO         5258    i.USART_ITConfig    stm32f4xx_usart.o
    0x08003cdc   0x08003cdc   0x000000bc   Code   RO         5259    i.USART_Init        stm32f4xx_usart.o
    0x08003d98   0x08003d98   0x00000008   Code   RO         5269    i.USART_SendData    stm32f4xx_usart.o
    0x08003da0   0x08003da0   0x00000002   Code   RO          638    i.UsageFault_Handler  stm32f4xx_it.o
    0x08003da2   0x08003da2   0x00000018   Code   RO         7578    i.WS2812B_AllGreen  ws2812b.o
    0x08003dba   0x08003dba   0x00000018   Code   RO         7583    i.WS2812B_AllWhite  ws2812b.o
    0x08003dd2   0x08003dd2   0x00000002   PAD
    0x08003dd4   0x08003dd4   0x0000004c   Code   RO         7586    i.WS2812B_FlyIndicator  ws2812b.o
    0x08003e20   0x08003e20   0x00000040   Code   RO         7587    i.WS2812B_Init      ws2812b.o
    0x08003e60   0x08003e60   0x00000006   Code   RO         7591    i.WS2812B_Reset     ws2812b.o
    0x08003e66   0x08003e66   0x00000002   PAD
    0x08003e68   0x08003e68   0x0000006c   Code   RO         7592    i.WS2812B_Run       ws2812b.o
    0x08003ed4   0x08003ed4   0x0000001a   Code   RO         7593    i.WS2812B_SetColour  ws2812b.o
    0x08003eee   0x08003eee   0x00000002   PAD
    0x08003ef0   0x08003ef0   0x00000034   Code   RO         7595    i.WS2812B_Write0    ws2812b.o
    0x08003f24   0x08003f24   0x00000034   Code   RO         7596    i.WS2812B_Write1    ws2812b.o
    0x08003f58   0x08003f58   0x00000022   Code   RO         7597    i.WS2812B_WriteByte  ws2812b.o
    0x08003f7a   0x08003f7a   0x00000002   PAD
    0x08003f7c   0x08003f7c   0x00000020   Code   RO         9050    i.__0printf         mc_w.l(printfa.o)
    0x08003f9c   0x08003f9c   0x00000010   Code   RO         9054    i.__0vprintf        mc_w.l(printfa.o)
    0x08003fac   0x08003fac   0x00000030   Code   RO         9132    i.__ARM_fpclassify  m_wm.l(fpclassify.o)
    0x08003fdc   0x08003fdc   0x00000004   PAD
    0x08003fe0   0x08003fe0   0x00000360   Code   RO         8737    i.__hardfp_asin     m_wm.l(asin.o)
    0x08004340   0x08004340   0x000002d8   Code   RO         9098    i.__hardfp_atan     m_wm.l(atan.o)
    0x08004618   0x08004618   0x000001f0   Code   RO         8751    i.__hardfp_atan2    m_wm.l(atan2.o)
    0x08004808   0x08004808   0x00000080   Code   RO         8791    i.__hardfp_tan      m_wm.l(tan.o)
    0x08004888   0x08004888   0x00000438   Code   RO         9153    i.__ieee754_rem_pio2  m_wm.l(rred.o)
    0x08004cc0   0x08004cc0   0x000000f8   Code   RO         9150    i.__kernel_poly     m_wm.l(poly.o)
    0x08004db8   0x08004db8   0x00000350   Code   RO         9170    i.__kernel_tan      m_wm.l(tan_i.o)
    0x08005108   0x08005108   0x00000014   Code   RO         9113    i.__mathlib_dbl_infnan  m_wm.l(dunder.o)
    0x0800511c   0x0800511c   0x00000014   Code   RO         9114    i.__mathlib_dbl_infnan2  m_wm.l(dunder.o)
    0x08005130   0x08005130   0x00000020   Code   RO         9115    i.__mathlib_dbl_invalid  m_wm.l(dunder.o)
    0x08005150   0x08005150   0x00000020   Code   RO         9118    i.__mathlib_dbl_underflow  m_wm.l(dunder.o)
    0x08005170   0x08005170   0x0000000e   Code   RO         9227    i.__scatterload_copy  mc_w.l(handlers.o)
    0x0800517e   0x0800517e   0x00000002   Code   RO         9228    i.__scatterload_null  mc_w.l(handlers.o)
    0x08005180   0x08005180   0x0000000e   Code   RO         9229    i.__scatterload_zeroinit  mc_w.l(handlers.o)
    0x0800518e   0x0800518e   0x00000002   PAD
    0x08005190   0x08005190   0x0000000c   Code   RO         9203    i.__set_errno       mc_w.l(errno.o)
    0x0800519c   0x0800519c   0x00000184   Code   RO         9057    i._fp_digits        mc_w.l(printfa.o)
    0x08005320   0x08005320   0x000006dc   Code   RO         9058    i._printf_core      mc_w.l(printfa.o)
    0x080059fc   0x080059fc   0x00000024   Code   RO         9059    i._printf_post_padding  mc_w.l(printfa.o)
    0x08005a20   0x08005a20   0x0000002e   Code   RO         9060    i._printf_pre_padding  mc_w.l(printfa.o)
    0x08005a4e   0x08005a4e   0x00000010   Code   RO         9100    i.atan              m_wm.l(atan.o)
    0x08005a5e   0x08005a5e   0x00000018   Code   RO         9128    i.fabs              m_wm.l(fabs.o)
    0x08005a76   0x08005a76   0x00000002   PAD
    0x08005a78   0x08005a78   0x00000024   Code   RO          160    i.fputc             usart.o
    0x08005a9c   0x08005a9c   0x0000002c   Code   RO         8269    i.invSqrt           attitude.o
    0x08005ac8   0x08005ac8   0x00000030   Code   RO         7453    i.log_print         stm32f411ceu6.o
    0x08005af8   0x08005af8   0x0000000e   Code   RO           13    i.main              main.o
    0x08005b06   0x08005b06   0x0000006e   Code   RO         9160    i.sqrt              m_wm.l(sqrt.o)
    0x08005b74   0x08005b74   0x00000004   PAD
    0x08005b78   0x08005b78   0x00000050   Data   RO         8740    .constdata          m_wm.l(asin.o)
    0x08005bc8   0x08005bc8   0x00000098   Data   RO         9101    .constdata          m_wm.l(atan.o)
    0x08005c60   0x08005c60   0x00000008   Data   RO         9152    .constdata          m_wm.l(qnan.o)
    0x08005c68   0x08005c68   0x000000c8   Data   RO         9155    .constdata          m_wm.l(rred.o)
    0x08005d30   0x08005d30   0x00000060   Data   RO         9171    .constdata          m_wm.l(tan_i.o)
    0x08005d90   0x08005d90   0x00000020   Data   RO         9225    Region$$Table       anon$$obj.o


    Execution Region RW_IRAM1 (Exec base: 0x20000000, Load base: 0x08005db0, Size: 0x000009b0, Max: 0x00020000, ABSOLUTE, COMPRESSED[0x0000005c])

    Exec Addr    Load Addr    Size         Type   Attr      Idx    E Section Name        Object

    0x20000000   COMPRESSED   0x00000007   Data   RW          225    .data               tim.o
    0x20000007   COMPRESSED   0x00000010   Data   RW         3425    .data               stm32f4xx_rcc.o
    0x20000017   COMPRESSED   0x00000001   Data   RW         7534    .data               led.o
    0x20000018   COMPRESSED   0x000001cc   Data   RW         7598    .data               ws2812b.o
    0x200001e4   COMPRESSED   0x0000000a   Data   RW         7851    .data               si24r1.o
    0x200001ee   COMPRESSED   0x00000006   Data   RW         8214    .data               filter.o
    0x200001f4   COMPRESSED   0x0000001c   Data   RW         8270    .data               attitude.o
    0x20000210   COMPRESSED   0x00000008   Data   RW         8493    .data               scheduler.o
    0x20000218   COMPRESSED   0x00000098   Data   RW         8587    .data               flight.o
    0x200002b0   COMPRESSED   0x00000004   Data   RW         9190    .data               mc_w.l(stdout.o)
    0x200002b4   COMPRESSED   0x00000004   Data   RW         9204    .data               mc_w.l(errno.o)
    0x200002b8        -       0x00000018   Zero   RW         8009    .bss                bmp280.o
    0x200002d0        -       0x000000f0   Zero   RW         8213    .bss                filter.o
    0x200003c0        -       0x00000032   Zero   RW         8381    .bss                anoassistant.o
    0x200003f2   COMPRESSED   0x00000002   PAD
    0x200003f4        -       0x000001bc   Zero   RW         8585    .bss                flight.o
    0x200005b0        -       0x00000400   Zero   RW            1    STACK               startup_stm32f411xe.o


==============================================================================

Image component sizes


      Code (inc. data)   RO Data    RW Data    ZI Data      Debug   Object Name

       160         12          0          0          0       1283   adc.o
       340         12          0          0         50       4152   anoassistant.o
       744         46          0         28          0       3240   attitude.o
       512          4          0          0         24       3802   bmp280.o
        54          0          0          0          0       1130   delay.o
       200         12          0          6        240       4004   filter.o
      3364        496          0        152        444      13528   flight.o
       848        112          0          0          0       5443   i2c.o
       328          0          0          0          0       5561   icm20948.o
        80          6          0          0          0        579   iic.o
       116         16          0          1          0       1120   led.o
        14          0          0          0          0     292175   main.o
       124         16          0          0          0       1927   misc.o
       226         16          0          0          0       2622   motor.o
        88          0          0          0          0        618   nvic.o
       214          4          0          0          0       2275   pid.o
      1072         42          0          0          0       5826   pmw3901mb.o
       396         20          0          8          0       5970   scheduler.o
       452         24          0         10          0       6415   si24r1.o
       868         62          0          0          0       8141   spi.o
        36          8        408          0       1024        892   startup_stm32f411xe.o
        48         10          0          0          0       4536   stm32f411ceu6.o
       286         20          0          0          0       6682   stm32f4xx_adc.o
       164          0          0          0          0       3435   stm32f4xx_gpio.o
       386         10          0          0          0       8132   stm32f4xx_i2c.o
        18          0          0          0          0       4678   stm32f4xx_it.o
       244         30          0         16          0       5495   stm32f4xx_rcc.o
       102          0          0          0          0       4202   stm32f4xx_spi.o
       784         60          0          0          0      13244   stm32f4xx_tim.o
       288          8          0          0          0       4981   stm32f4xx_usart.o
       208         36          0          0          0       1157   system_stm32f4xx.o
       348         12          0          7          0       2721   tim.o
       446         28          0          0          0       5573   usart.o
         0          0          0          0          0      63688   vl53l1_api.o
       466         26          0        460          0       8117   ws2812b.o

    ----------------------------------------------------------------------
     14050       1148        440        688       1784     507344   Object Totals
         0          0         32          0          0          0   (incl. Generated)
        26          0          0          0          2          0   (incl. Padding)

    ----------------------------------------------------------------------

      Code (inc. data)   RO Data    RW Data    ZI Data      Debug   Library Member Name

       864         94         80          0          0        280   asin.o
       744        106        152          0          0        352   atan.o
       496         64          0          0          0        192   atan2.o
       104         16          0          0          0        496   dunder.o
        24          0          0          0          0        124   fabs.o
        48          0          0          0          0        124   fpclassify.o
       248          0          0          0          0        152   poly.o
         0          0          8          0          0          0   qnan.o
      1080        142        200          0          0        188   rred.o
       110          0          0          0          0        148   sqrt.o
       128         20          0          0          0        144   tan.o
       848         84         96          0          0        196   tan_i.o
        86          0          0          0          0          0   __dczerorl2.o
         0          0          0          0          0          0   entry.o
         0          0          0          0          0          0   entry10a.o
         0          0          0          0          0          0   entry11a.o
         8          4          0          0          0          0   entry2.o
         4          0          0          0          0          0   entry5.o
         0          0          0          0          0          0   entry7b.o
         0          0          0          0          0          0   entry8b.o
         8          4          0          0          0          0   entry9a.o
        12          6          0          4          0         68   errno.o
        30          0          0          0          0          0   handlers.o
        36          8          0          0          0         68   init.o
         0          0          0          0          0          0   iusefp.o
        30          0          0          0          0         68   llshl.o
        36          0          0          0          0         68   llsshr.o
        32          0          0          0          0         68   llushr.o
      2274         98          0          0          0        520   printfa.o
         0          0          0          4          0          0   stdout.o
        44          0          0          0          0         80   uidiv.o
        98          0          0          0          0         92   uldiv.o
        48          0          0          0          0         68   cdrcmple.o
        56          0          0          0          0         88   d2f.o
       334          0          0          0          0        148   dadd.o
       222          0          0          0          0        100   ddiv.o
       186          0          0          0          0        176   depilogue.o
        62          0          0          0          0         80   dfixi.o
        48          0          0          0          0         68   dfixul.o
        34          0          0          0          0         76   dflti.o
        26          0          0          0          0         76   dfltui.o
       228          0          0          0          0         96   dmul.o
       162          0          0          0          0        100   dsqrt.o
        38          0          0          0          0         68   f2d.o
       110          0          0          0          0        168   fepilogue.o

    ----------------------------------------------------------------------
      8958        646        536          8          0       4740   Library Totals
        12          0          0          0          0          0   (incl. Padding)

    ----------------------------------------------------------------------

      Code (inc. data)   RO Data    RW Data    ZI Data      Debug   Library Name

      4694        526        536          0          0       2396   m_wm.l
      2698        120          0          8          0       1032   mc_w.l
      1554          0          0          0          0       1312   mf_w.l

    ----------------------------------------------------------------------
      8958        646        536          8          0       4740   Library Totals

    ----------------------------------------------------------------------

==============================================================================


      Code (inc. data)   RO Data    RW Data    ZI Data      Debug   

     23008       1794        976        696       1784     493372   Grand Totals
     23008       1794        976         92       1784     493372   ELF Image Totals (compressed)
     23008       1794        976         92          0          0   ROM Totals

==============================================================================

    Total RO  Size (Code + RO Data)                23984 (  23.42kB)
    Total RW  Size (RW Data + ZI Data)              2480 (   2.42kB)
    Total ROM Size (Code + RO Data + RW Data)      24076 (  23.51kB)

==============================================================================

